04-23 09:03:33.879 31117 31472 W ErrorProcessor: 	at com.google.android.apps.gsa.shared.util.concurrent.a.bl.run(SourceFile:4)
04-23 09:03:33.879 31117 31472 W ErrorProcessor: 	at java.util.concurrent.ThreadPoolExecutor.runWorker(ThreadPoolExecutor.java:1162)
04-23 09:03:33.879 31117 31472 W ErrorProcessor: 	at java.util.concurrent.ThreadPoolExecutor$Worker.run(ThreadPoolExecutor.java:636)
04-23 09:03:33.879 31117 31472 W ErrorProcessor: 	at java.lang.Thread.run(Thread.java:764)
04-23 09:03:33.879 31117 31472 W ErrorProcessor: 	at com.google.android.apps.gsa.shared.util.concurrent.a.ai.run(SourceFile:6)
04-23 09:03:33.879 31117 31472 W ErrorProcessor: Caused by: com.google.android.apps.gsa.shared.exception.GsaIOException: Error code: 393238 | Buffer overflow, no available space.
04-23 09:03:33.879 31117 31472 W ErrorProcessor: 	at com.google.android.apps.gsa.speech.audio.Tee.f(SourceFile:103)
04-23 09:03:33.879 31117 31472 W ErrorProcessor: 	at com.google.android.apps.gsa.speech.audio.au.read(SourceFile:2)
04-23 09:03:33.879 31117 31472 W ErrorProcessor: 	at java.io.InputStream.read(InputStream.java:101)
04-23 09:03:33.879 31117 31472 W ErrorProcessor: 	at com.google.android.apps.gsa.speech.audio.ao.run(SourceFile:18)
04-23 09:03:33.879 31117 31472 W ErrorProcessor: 	at com.google.android.apps.gsa.speech.audio.an.run(SourceFile:2)
04-23 09:03:33.879 31117 31472 W ErrorProcessor: 	... 9 more
04-23 09:03:33.879 31117 31472 I AudioController: internalShutdown
04-23 09:03:33.881 31117 31117 I MicroDetector: Keeping mic open: false
04-23 09:03:33.881 31117 31162 I DeviceStateChecker: DeviceStateChecker cancelled
04-23 09:03:33.881 31117 31117 I MicroDetectionWorker: #onError(false)
04-23 09:03:38.888 31117 31117 I MicroDetectionWorker: #updateMicroDetector [detectionMode: [mDetectionMode: [1]]]
04-23 09:03:38.888 31117 31117 I MicroDetectionWorker: #startMicroDetector [speakerMode: 0]
04-23 09:03:38.888 31117 31117 I AudioController: Using mInputStreamFactoryBuilder
04-23 09:03:38.890 31117 31117 I MicroDetectionWorker: onReady
04-23 09:03:38.892 31117 31472 I MicroRecognitionRunner: Starting detection.
04-23 09:03:38.894 31117 31753 I MicrophoneInputStream: mic_starting com.google.android.apps.gsa.staticplugins.aa.c@289c096
04-23 09:03:38.895  1523 32417 I AudioFlinger: AudioFlinger's thread 0xad783b80 tid=32417 ready to run
04-23 09:03:38.896  1523 10645 W ServiceManager: Permission failure: android.permission.RECORD_AUDIO from uid=10030 pid=-1
04-23 09:03:38.897  1523 10645 E         : Request requires android.permission.RECORD_AUDIO
04-23 09:03:38.897  1523 10645 E AudioFlinger: openRecord() permission denied: recording not allowed
04-23 09:03:38.897 31117 31753 E AudioRecord: AudioFlinger could not create record track, status: -1
04-23 09:03:38.901 31117 31753 E AudioRecord-JNI: Error creating AudioRecord instance: initialization check failed with status -1.
04-23 09:03:38.901 31117 31753 E android.media.AudioRecord: Error code -20 when initializing native AudioRecord object.
04-23 09:03:38.901 31117 31753 I MicrophoneInputStream: mic_started com.google.android.apps.gsa.staticplugins.aa.c@289c096
04-23 09:03:38.902 31117 31117 I MicroDetectionWorker: onReady
04-23 09:03:38.906 31117 31753 I MicrophoneInputStream: mic_close com.google.android.apps.gsa.staticplugins.aa.c@289c096
04-23 09:03:38.906 31117 31472 I MicroRecognitionRunner: Detection finished
04-23 09:03:38.907 31117 31472 W ErrorReporter: reportError [type: 211, code: 524300]: Error reading from input stream
04-23 09:03:38.907 31117 31165 I MicroRecognitionRunner: Stopping hotword detection.
04-23 09:03:38.907 31117 31472 W ErrorProcessor: onFatalError, processing error from engine(4)
04-23 09:03:38.907 31117 31472 W ErrorProcessor: com.google.android.apps.gsa.shared.speech.b.g: Error reading from input stream
04-23 09:03:38.907 31117 31472 W ErrorProcessor: 	at com.google.android.apps.gsa.staticplugins.recognizer.j.a.a(SourceFile:28)
04-23 09:03:38.907 31117 31472 W ErrorProcessor: 	at com.google.android.apps.gsa.staticplugins.recognizer.j.b.run(SourceFile:15)
04-23 09:03:38.907 31117 31472 W ErrorProcessor: 	at java.util.concurrent.Executors$RunnableAdapter.call(Executors.java:457)
04-23 09:03:38.907 31117 31472 W ErrorProcessor: 	at java.util.concurrent.FutureTask.run(FutureTask.java:266)
04-23 09:03:38.907 31117 31472 W ErrorProcessor: 	at com.google.android.apps.gsa.shared.util.concurrent.a.ax.run(SourceFile:14)
04-23 09:03:38.907 31117 31472 W ErrorProcessor: 	at com.google.android.apps.gsa.shared.util.concurrent.a.bl.run(SourceFile:4)
04-23 09:03:38.907 31117 31472 W ErrorProcessor: 	at com.google.android.apps.gsa.shared.util.concurrent.a.bl.run(SourceFile:4)
04-23 09:03:38.907 31117 31472 W ErrorProcessor: 	at java.util.concurrent.ThreadPoolExecutor.runWorker(ThreadPoolExecutor.java:1162)
04-23 09:03:38.907 31117 31472 W ErrorProcessor: 	at java.util.concurrent.ThreadPoolExecutor$Worker.run(ThreadPoolExecutor.java:636)
04-23 09:03:38.907 31117 31472 W ErrorProcessor: 	at java.lang.Thread.run(Thread.java:764)
04-23 09:03:38.907 31117 31472 W ErrorProcessor: 	at com.google.android.apps.gsa.shared.util.concurrent.a.ai.run(SourceFile:6)
04-23 09:03:38.907 31117 31472 W ErrorProcessor: Caused by: com.google.android.apps.gsa.shared.exception.GsaIOException: Error code: 393238 | Buffer overflow, no available space.
04-23 09:03:38.907 31117 31472 W ErrorProcessor: 	at com.google.android.apps.gsa.speech.audio.Tee.f(SourceFile:103)
04-23 09:03:38.907 31117 31472 W ErrorProcessor: 	at com.google.android.apps.gsa.speech.audio.au.read(SourceFile:2)
04-23 09:03:38.907 31117 31472 W ErrorProcessor: 	at java.io.InputStream.read(InputStream.java:101)
04-23 09:03:38.907 31117 31472 W ErrorProcessor: 	at com.google.android.apps.gsa.speech.audio.ao.run(SourceFile:18)
04-23 09:03:38.907 31117 31472 W ErrorProcessor: 	at com.google.android.apps.gsa.speech.audio.an.run(SourceFile:2)
04-23 09:03:38.907 31117 31472 W ErrorProcessor: 	... 9 more
04-23 09:03:38.908 31117 31472 I AudioController: internalShutdown
04-23 09:03:38.913 31117 31117 I MicroDetector: Keeping mic open: false
04-23 09:03:38.913 31117 31162 I DeviceStateChecker: DeviceStateChecker cancelled
04-23 09:03:38.913 31117 31117 I MicroDetectionWorker: #onError(false)
04-23 09:03:43.921 31117 31117 I MicroDetectionWorker: #updateMicroDetector [detectionMode: [mDetectionMode: [1]]]
04-23 09:03:43.921 31117 31117 I MicroDetectionWorker: #startMicroDetector [speakerMode: 0]
04-23 09:03:43.923 31117 31117 I AudioController: Using mInputStreamFactoryBuilder
04-23 09:03:43.925 31117 31117 I MicroDetectionWorker: onReady
04-23 09:03:43.929 31117 31162 I MicroRecognitionRunner: Starting detection.
04-23 09:03:43.929 31117 31753 I MicrophoneInputStream: mic_starting com.google.android.apps.gsa.staticplugins.aa.c@bb19b9c
04-23 09:03:43.939  1523 32430 I AudioFlinger: AudioFlinger's thread 0xad783d00 tid=32430 ready to run
04-23 09:03:43.941  1523 10645 W ServiceManager: Permission failure: android.permission.RECORD_AUDIO from uid=10030 pid=-1
04-23 09:03:43.941  1523 10645 E         : Request requires android.permission.RECORD_AUDIO
04-23 09:03:43.941  1523 10645 E AudioFlinger: openRecord() permission denied: recording not allowed
04-23 09:03:43.941 31117 31753 E AudioRecord: AudioFlinger could not create record track, status: -1
04-23 09:03:43.945 31117 31753 E AudioRecord-JNI: Error creating AudioRecord instance: initialization check failed with status -1.
04-23 09:03:43.945 31117 31753 E android.media.AudioRecord: Error code -20 when initializing native AudioRecord object.
04-23 09:03:43.945 31117 31753 I MicrophoneInputStream: mic_started com.google.android.apps.gsa.staticplugins.aa.c@bb19b9c
04-23 09:03:43.946 31117 31117 I MicroDetectionWorker: onReady
04-23 09:03:43.951 31117 31753 I MicrophoneInputStream: mic_close com.google.android.apps.gsa.staticplugins.aa.c@bb19b9c
04-23 09:03:43.951 31117 31162 I MicroRecognitionRunner: Detection finished
04-23 09:03:43.951 31117 31162 W ErrorReporter: reportError [type: 211, code: 524300]: Error reading from input stream
04-23 09:03:43.952 31117 31165 I MicroRecognitionRunner: Stopping hotword detection.
04-23 09:03:43.953 31117 31162 W ErrorProcessor: onFatalError, processing error from engine(4)
04-23 09:03:43.953 31117 31162 W ErrorProcessor: com.google.android.apps.gsa.shared.speech.b.g: Error reading from input stream
04-23 09:03:43.953 31117 31162 W ErrorProcessor: 	at com.google.android.apps.gsa.staticplugins.recognizer.j.a.a(SourceFile:28)
04-23 09:03:43.953 31117 31162 W ErrorProcessor: 	at com.google.android.apps.gsa.staticplugins.recognizer.j.b.run(SourceFile:15)
04-23 09:03:43.953 31117 31162 W ErrorProcessor: 	at java.util.concurrent.Executors$RunnableAdapter.call(Executors.java:457)
04-23 09:03:43.953 31117 31162 W ErrorProcessor: 	at java.util.concurrent.FutureTask.run(FutureTask.java:266)
04-23 09:03:43.953 31117 31162 W ErrorProcessor: 	at com.google.android.apps.gsa.shared.util.concurrent.a.ax.run(SourceFile:14)
04-23 09:03:43.953 31117 31162 W ErrorProcessor: 	at com.google.android.apps.gsa.shared.util.concurrent.a.bl.run(SourceFile:4)
04-23 09:03:43.953 31117 31162 W ErrorProcessor: 	at com.google.android.apps.gsa.shared.util.concurrent.a.bl.run(SourceFile:4)
04-23 09:03:43.953 31117 31162 W ErrorProcessor: 	at java.util.concurrent.ThreadPoolExecutor.runWorker(ThreadPoolExecutor.java:1162)
04-23 09:03:43.953 31117 31162 W ErrorProcessor: 	at java.util.concurrent.ThreadPoolExecutor$Worker.run(ThreadPoolExecutor.java:636)
04-23 09:03:43.953 31117 31162 W ErrorProcessor: 	at java.lang.Thread.run(Thread.java:764)
04-23 09:03:43.953 31117 31162 W ErrorProcessor: 	at com.google.android.apps.gsa.shared.util.concurrent.a.ai.run(SourceFile:6)
04-23 09:03:43.953 31117 31162 W ErrorProcessor: Caused by: com.google.android.apps.gsa.shared.exception.GsaIOException: Error code: 393238 | Buffer overflow, no available space.
04-23 09:03:43.953 31117 31162 W ErrorProcessor: 	at com.google.android.apps.gsa.speech.audio.Tee.f(SourceFile:103)
04-23 09:03:43.953 31117 31162 W ErrorProcessor: 	at com.google.android.apps.gsa.speech.audio.au.read(SourceFile:2)
04-23 09:03:43.953 31117 31162 W ErrorProcessor: 	at java.io.InputStream.read(InputStream.java:101)
04-23 09:03:43.953 31117 31162 W ErrorProcessor: 	at com.google.android.apps.gsa.speech.audio.ao.run(SourceFile:18)
04-23 09:03:43.953 31117 31162 W ErrorProcessor: 	at com.google.android.apps.gsa.speech.audio.an.run(SourceFile:2)
04-23 09:03:43.953 31117 31162 W ErrorProcessor: 	... 9 more
04-23 09:03:43.954 31117 31162 I AudioController: internalShutdown
04-23 09:03:43.957 31117 31117 I MicroDetector: Keeping mic open: false
04-23 09:03:43.957 31117 31117 I MicroDetectionWorker: #onError(false)
04-23 09:03:43.957 31117 31472 I DeviceStateChecker: DeviceStateChecker cancelled
04-23 09:03:48.964 31117 31117 I MicroDetectionWorker: #updateMicroDetector [detectionMode: [mDetectionMode: [1]]]
04-23 09:03:48.964 31117 31117 I MicroDetectionWorker: #startMicroDetector [speakerMode: 0]
04-23 09:03:48.964 31117 31117 I AudioController: Using mInputStreamFactoryBuilder
04-23 09:03:48.966 31117 31117 I MicroDetectionWorker: onReady
04-23 09:03:48.970 31117 31472 I MicroRecognitionRunner: Starting detection.
04-23 09:03:48.970 31117 31753 I MicrophoneInputStream: mic_starting com.google.android.apps.gsa.staticplugins.aa.c@31a05d2
04-23 09:03:48.972  1523 32443 I AudioFlinger: AudioFlinger's thread 0xad783640 tid=32443 ready to run
04-23 09:03:48.973  1523 10645 W ServiceManager: Permission failure: android.permission.RECORD_AUDIO from uid=10030 pid=-1
04-23 09:03:48.973  1523 10645 E         : Request requires android.permission.RECORD_AUDIO
04-23 09:03:48.973  1523 10645 E AudioFlinger: openRecord() permission denied: recording not allowed
04-23 09:03:48.974 31117 31753 E AudioRecord: AudioFlinger could not create record track, status: -1
04-23 09:03:48.979 31117 31753 E AudioRecord-JNI: Error creating AudioRecord instance: initialization check failed with status -1.
04-23 09:03:48.979 31117 31753 E android.media.AudioRecord: Error code -20 when initializing native AudioRecord object.
04-23 09:03:48.979 31117 31753 I MicrophoneInputStream: mic_started com.google.android.apps.gsa.staticplugins.aa.c@31a05d2
04-23 09:03:48.980 31117 31117 I MicroDetectionWorker: onReady
04-23 09:03:48.985 31117 31753 I MicrophoneInputStream: mic_close com.google.android.apps.gsa.staticplugins.aa.c@31a05d2
04-23 09:03:48.985 31117 31472 I MicroRecognitionRunner: Detection finished
04-23 09:03:48.985 31117 31472 W ErrorReporter: reportError [type: 211, code: 524300]: Error reading from input stream
04-23 09:03:48.987 31117 31165 I MicroRecognitionRunner: Stopping hotword detection.
04-23 09:03:48.987 31117 31472 W ErrorProcessor: onFatalError, processing error from engine(4)
04-23 09:03:48.987 31117 31472 W ErrorProcessor: com.google.android.apps.gsa.shared.speech.b.g: Error reading from input stream
04-23 09:03:48.987 31117 31472 W ErrorProcessor: 	at com.google.android.apps.gsa.staticplugins.recognizer.j.a.a(SourceFile:28)
04-23 09:03:48.987 31117 31472 W ErrorProcessor: 	at com.google.android.apps.gsa.staticplugins.recognizer.j.b.run(SourceFile:15)
04-23 09:03:48.987 31117 31472 W ErrorProcessor: 	at java.util.concurrent.Executors$RunnableAdapter.call(Executors.java:457)
04-23 09:03:48.987 31117 31472 W ErrorProcessor: 	at java.util.concurrent.FutureTask.run(FutureTask.java:266)
04-23 09:03:48.987 31117 31472 W ErrorProcessor: 	at com.google.android.apps.gsa.shared.util.concurrent.a.ax.run(SourceFile:14)
04-23 09:03:48.987 31117 31472 W ErrorProcessor: 	at com.google.android.apps.gsa.shared.util.concurrent.a.bl.run(SourceFile:4)
04-23 09:03:48.987 31117 31472 W ErrorProcessor: 	at com.google.android.apps.gsa.shared.util.concurrent.a.bl.run(SourceFile:4)
04-23 09:03:48.987 31117 31472 W ErrorProcessor: 	at java.util.concurrent.ThreadPoolExecutor.runWorker(ThreadPoolExecutor.java:1162)
04-23 09:03:48.987 31117 31472 W ErrorProcessor: 	at java.util.concurrent.ThreadPoolExecutor$Worker.run(ThreadPoolExecutor.java:636)
04-23 09:03:48.987 31117 31472 W ErrorProcessor: 	at java.lang.Thread.run(Thread.java:764)
04-23 09:03:48.987 31117 31472 W ErrorProcessor: 	at com.google.android.apps.gsa.shared.util.concurrent.a.ai.run(SourceFile:6)
04-23 09:03:48.987 31117 31472 W ErrorProcessor: Caused by: com.google.android.apps.gsa.shared.exception.GsaIOException: Error code: 393238 | Buffer overflow, no available space.
04-23 09:03:48.987 31117 31472 W ErrorProcessor: 	at com.google.android.apps.gsa.speech.audio.Tee.f(SourceFile:103)
04-23 09:03:48.987 31117 31472 W ErrorProcessor: 	at com.google.android.apps.gsa.speech.audio.au.read(SourceFile:2)
04-23 09:03:48.987 31117 31472 W ErrorProcessor: 	at java.io.InputStream.read(InputStream.java:101)
04-23 09:03:48.987 31117 31472 W ErrorProcessor: 	at com.google.android.apps.gsa.speech.audio.ao.run(SourceFile:18)
04-23 09:03:48.987 31117 31472 W ErrorProcessor: 	at com.google.android.apps.gsa.speech.audio.an.run(SourceFile:2)
04-23 09:03:48.987 31117 31472 W ErrorProcessor: 	... 9 more
04-23 09:03:48.987 31117 31472 I AudioController: internalShutdown
04-23 09:03:48.991 31117 31117 I MicroDetector: Keeping mic open: false
04-23 09:03:48.991 31117 31162 I DeviceStateChecker: DeviceStateChecker cancelled
04-23 09:03:48.991 31117 31117 I MicroDetectionWorker: #onError(false)
04-23 09:03:51.950  1443  1443 I boot-pipe: done populating /dev/random
04-23 09:03:53.997 31117 31117 I MicroDetectionWorker: #updateMicroDetector [detectionMode: [mDetectionMode: [1]]]
04-23 09:03:53.997 31117 31117 I MicroDetectionWorker: #startMicroDetector [speakerMode: 0]
04-23 09:03:53.997 31117 31117 I AudioController: Using mInputStreamFactoryBuilder
04-23 09:03:53.998 31117 31117 I MicroDetectionWorker: onReady
04-23 09:03:54.000 31117 31162 I MicroRecognitionRunner: Starting detection.
04-23 09:03:54.002 31117 31753 I MicrophoneInputStream: mic_starting com.google.android.apps.gsa.staticplugins.aa.c@8e2b0b8
04-23 09:03:54.003  1523 32447 I AudioFlinger: AudioFlinger's thread 0xad783600 tid=32447 ready to run
04-23 09:03:54.005  1523 10645 W ServiceManager: Permission failure: android.permission.RECORD_AUDIO from uid=10030 pid=-1
04-23 09:03:54.005  1523 10645 E         : Request requires android.permission.RECORD_AUDIO
04-23 09:03:54.005  1523 10645 E AudioFlinger: openRecord() permission denied: recording not allowed
04-23 09:03:54.005 31117 31753 E AudioRecord: AudioFlinger could not create record track, status: -1
04-23 09:03:54.008 31117 31753 E AudioRecord-JNI: Error creating AudioRecord instance: initialization check failed with status -1.
04-23 09:03:54.008 31117 31753 E android.media.AudioRecord: Error code -20 when initializing native AudioRecord object.
04-23 09:03:54.008 31117 31753 I MicrophoneInputStream: mic_started com.google.android.apps.gsa.staticplugins.aa.c@8e2b0b8
04-23 09:03:54.009 31117 31117 I MicroDetectionWorker: onReady
04-23 09:03:54.013 31117 31753 I MicrophoneInputStream: mic_close com.google.android.apps.gsa.staticplugins.aa.c@8e2b0b8
04-23 09:03:54.014 31117 31162 I MicroRecognitionRunner: Detection finished
04-23 09:03:54.014 31117 31162 W ErrorReporter: reportError [type: 211, code: 524300]: Error reading from input stream
04-23 09:03:54.014 31117 31165 I MicroRecognitionRunner: Stopping hotword detection.
04-23 09:03:54.016 31117 31162 W ErrorProcessor: onFatalError, processing error from engine(4)
04-23 09:03:54.016 31117 31162 W ErrorProcessor: com.google.android.apps.gsa.shared.speech.b.g: Error reading from input stream
04-23 09:03:54.016 31117 31162 W ErrorProcessor: 	at com.google.android.apps.gsa.staticplugins.recognizer.j.a.a(SourceFile:28)
04-23 09:03:54.016 31117 31162 W ErrorProcessor: 	at com.google.android.apps.gsa.staticplugins.recognizer.j.b.run(SourceFile:15)
04-23 09:03:54.016 31117 31162 W ErrorProcessor: 	at java.util.concurrent.Executors$RunnableAdapter.call(Executors.java:457)
04-23 09:03:54.016 31117 31162 W ErrorProcessor: 	at java.util.concurrent.FutureTask.run(FutureTask.java:266)
04-23 09:03:54.016 31117 31162 W ErrorProcessor: 	at com.google.android.apps.gsa.shared.util.concurrent.a.ax.run(SourceFile:14)
04-23 09:03:54.016 31117 31162 W ErrorProcessor: 	at com.google.android.apps.gsa.shared.util.concurrent.a.bl.run(SourceFile:4)
04-23 09:03:54.016 31117 31162 W ErrorProcessor: 	at com.google.android.apps.gsa.shared.util.concurrent.a.bl.run(SourceFile:4)
04-23 09:03:54.016 31117 31162 W ErrorProcessor: 	at java.util.concurrent.ThreadPoolExecutor.runWorker(ThreadPoolExecutor.java:1162)
04-23 09:03:54.016 31117 31162 W ErrorProcessor: 	at java.util.concurrent.ThreadPoolExecutor$Worker.run(ThreadPoolExecutor.java:636)
04-23 09:03:54.016 31117 31162 W ErrorProcessor: 	at java.lang.Thread.run(Thread.java:764)
04-23 09:03:54.016 31117 31162 W ErrorProcessor: 	at com.google.android.apps.gsa.shared.util.concurrent.a.ai.run(SourceFile:6)
04-23 09:03:54.016 31117 31162 W ErrorProcessor: Caused by: com.google.android.apps.gsa.shared.exception.GsaIOException: Error code: 393238 | Buffer overflow, no available space.
04-23 09:03:54.016 31117 31162 W ErrorProcessor: 	at com.google.android.apps.gsa.speech.audio.Tee.f(SourceFile:103)
04-23 09:03:54.016 31117 31162 W ErrorProcessor: 	at com.google.android.apps.gsa.speech.audio.au.read(SourceFile:2)
04-23 09:03:54.016 31117 31162 W ErrorProcessor: 	at java.io.InputStream.read(InputStream.java:101)
04-23 09:03:54.016 31117 31162 W ErrorProcessor: 	at com.google.android.apps.gsa.speech.audio.ao.run(SourceFile:18)
04-23 09:03:54.016 31117 31162 W ErrorProcessor: 	at com.google.android.apps.gsa.speech.audio.an.run(SourceFile:2)
04-23 09:03:54.016 31117 31162 W ErrorProcessor: 	... 9 more
04-23 09:03:54.016 31117 31162 I AudioController: internalShutdown
04-23 09:03:54.018 31117 31117 I MicroDetector: Keeping mic open: false
04-23 09:03:54.018 31117 31117 I MicroDetectionWorker: #onError(false)
04-23 09:03:54.018 31117 31472 I DeviceStateChecker: DeviceStateChecker cancelled
04-23 09:03:59.024 31117 31117 I MicroDetectionWorker: #updateMicroDetector [detectionMode: [mDetectionMode: [1]]]
04-23 09:03:59.024 31117 31117 I MicroDetectionWorker: #startMicroDetector [speakerMode: 0]
04-23 09:03:59.025 31117 31117 I AudioController: Using mInputStreamFactoryBuilder
04-23 09:03:59.027 31117 31117 I MicroDetectionWorker: onReady
04-23 09:03:59.031 31117 31472 I MicroRecognitionRunner: Starting detection.
04-23 09:03:59.031 31117 31753 I MicrophoneInputStream: mic_starting com.google.android.apps.gsa.staticplugins.aa.c@b2e99ce
04-23 09:03:59.035  1523 32461 I AudioFlinger: AudioFlinger's thread 0xad783c80 tid=32461 ready to run
04-23 09:03:59.036  1523 10645 W ServiceManager: Permission failure: android.permission.RECORD_AUDIO from uid=10030 pid=-1
04-23 09:03:59.036  1523 10645 E         : Request requires android.permission.RECORD_AUDIO
04-23 09:03:59.036  1523 10645 E AudioFlinger: openRecord() permission denied: recording not allowed
04-23 09:03:59.037 31117 31753 E AudioRecord: AudioFlinger could not create record track, status: -1
04-23 09:03:59.039 31117 31753 E AudioRecord-JNI: Error creating AudioRecord instance: initialization check failed with status -1.
04-23 09:03:59.039 31117 31753 E android.media.AudioRecord: Error code -20 when initializing native AudioRecord object.
04-23 09:03:59.039 31117 31753 I MicrophoneInputStream: mic_started com.google.android.apps.gsa.staticplugins.aa.c@b2e99ce
04-23 09:03:59.040 31117 31117 I MicroDetectionWorker: onReady
04-23 09:03:59.048 31117 31753 I MicrophoneInputStream: mic_close com.google.android.apps.gsa.staticplugins.aa.c@b2e99ce
04-23 09:03:59.049 31117 31472 I MicroRecognitionRunner: Detection finished
04-23 09:03:59.049 31117 31472 W ErrorReporter: reportError [type: 211, code: 524300]: Error reading from input stream
04-23 09:03:59.049 31117 31165 I MicroRecognitionRunner: Stopping hotword detection.
04-23 09:03:59.049 31117 31472 W ErrorProcessor: onFatalError, processing error from engine(4)
04-23 09:03:59.049 31117 31472 W ErrorProcessor: com.google.android.apps.gsa.shared.speech.b.g: Error reading from input stream
04-23 09:03:59.049 31117 31472 W ErrorProcessor: 	at com.google.android.apps.gsa.staticplugins.recognizer.j.a.a(SourceFile:28)
04-23 09:03:59.049 31117 31472 W ErrorProcessor: 	at com.google.android.apps.gsa.staticplugins.recognizer.j.b.run(SourceFile:15)
04-23 09:03:59.049 31117 31472 W ErrorProcessor: 	at java.util.concurrent.Executors$RunnableAdapter.call(Executors.java:457)
04-23 09:03:59.049 31117 31472 W ErrorProcessor: 	at java.util.concurrent.FutureTask.run(FutureTask.java:266)
04-23 09:03:59.049 31117 31472 W ErrorProcessor: 	at com.google.android.apps.gsa.shared.util.concurrent.a.ax.run(SourceFile:14)
04-23 09:03:59.049 31117 31472 W ErrorProcessor: 	at com.google.android.apps.gsa.shared.util.concurrent.a.bl.run(SourceFile:4)
04-23 09:03:59.049 31117 31472 W ErrorProcessor: 	at com.google.android.apps.gsa.shared.util.concurrent.a.bl.run(SourceFile:4)
04-23 09:03:59.049 31117 31472 W ErrorProcessor: 	at java.util.concurrent.ThreadPoolExecutor.runWorker(ThreadPoolExecutor.java:1162)
04-23 09:03:59.049 31117 31472 W ErrorProcessor: 	at java.util.concurrent.ThreadPoolExecutor$Worker.run(ThreadPoolExecutor.java:636)
04-23 09:03:59.049 31117 31472 W ErrorProcessor: 	at java.lang.Thread.run(Thread.java:764)
04-23 09:03:59.049 31117 31472 W ErrorProcessor: 	at com.google.android.apps.gsa.shared.util.concurrent.a.ai.run(SourceFile:6)
04-23 09:03:59.049 31117 31472 W ErrorProcessor: Caused by: com.google.android.apps.gsa.shared.exception.GsaIOException: Error code: 393238 | Buffer overflow, no available space.
04-23 09:03:59.049 31117 31472 W ErrorProcessor: 	at com.google.android.apps.gsa.speech.audio.Tee.f(SourceFile:103)
04-23 09:03:59.049 31117 31472 W ErrorProcessor: 	at com.google.android.apps.gsa.speech.audio.au.read(SourceFile:2)
04-23 09:03:59.049 31117 31472 W ErrorProcessor: 	at java.io.InputStream.read(InputStream.java:101)
04-23 09:03:59.049 31117 31472 W ErrorProcessor: 	at com.google.android.apps.gsa.speech.audio.ao.run(SourceFile:18)
04-23 09:03:59.049 31117 31472 W ErrorProcessor: 	at com.google.android.apps.gsa.speech.audio.an.run(SourceFile:2)
04-23 09:03:59.049 31117 31472 W ErrorProcessor: 	... 9 more
04-23 09:03:59.049 31117 31472 I AudioController: internalShutdown
04-23 09:03:59.051 31117 31117 I MicroDetector: Keeping mic open: false
04-23 09:03:59.051 31117 31117 I MicroDetectionWorker: #onError(false)
04-23 09:03:59.051 31117 31473 I DeviceStateChecker: DeviceStateChecker cancelled
04-23 09:04:00.015  1436  1457 D hwcomposer: hw_composer sent 4 syncs in 60s
04-23 09:04:01.756  1674  1826 D WificondControl: Scan result ready event
04-23 09:04:04.057 31117 31117 I MicroDetectionWorker: #updateMicroDetector [detectionMode: [mDetectionMode: [1]]]
04-23 09:04:04.057 31117 31117 I MicroDetectionWorker: #startMicroDetector [speakerMode: 0]
04-23 09:04:04.057 31117 31117 I AudioController: Using mInputStreamFactoryBuilder
04-23 09:04:04.058 31117 31117 I MicroDetectionWorker: onReady
04-23 09:04:04.060 31117 31162 I MicroRecognitionRunner: Starting detection.
04-23 09:04:04.060 31117 31753 I MicrophoneInputStream: mic_starting com.google.android.apps.gsa.staticplugins.aa.c@1bffd7
04-23 09:04:04.064  1523 32465 I AudioFlinger: AudioFlinger's thread 0xad783180 tid=32465 ready to run
04-23 09:04:04.067  1523 10645 W ServiceManager: Permission failure: android.permission.RECORD_AUDIO from uid=10030 pid=-1
04-23 09:04:04.067  1523 10645 E         : Request requires android.permission.RECORD_AUDIO
04-23 09:04:04.067  1523 10645 E AudioFlinger: openRecord() permission denied: recording not allowed
04-23 09:04:04.067 31117 31753 E AudioRecord: AudioFlinger could not create record track, status: -1
04-23 09:04:04.071 31117 31753 E AudioRecord-JNI: Error creating AudioRecord instance: initialization check failed with status -1.
04-23 09:04:04.072 31117 31753 E android.media.AudioRecord: Error code -20 when initializing native AudioRecord object.
04-23 09:04:04.072 31117 31753 I MicrophoneInputStream: mic_started com.google.android.apps.gsa.staticplugins.aa.c@1bffd7
04-23 09:04:04.073 31117 31117 I MicroDetectionWorker: onReady
04-23 09:04:04.079 31117 31753 I MicrophoneInputStream: mic_close com.google.android.apps.gsa.staticplugins.aa.c@1bffd7
04-23 09:04:04.081 31117 31162 I MicroRecognitionRunner: Detection finished
04-23 09:04:04.081 31117 31162 W ErrorReporter: reportError [type: 211, code: 524300]: Error reading from input stream
04-23 09:04:04.082 31117 31165 I MicroRecognitionRunner: Stopping hotword detection.
04-23 09:04:04.083 31117 31162 W ErrorProcessor: onFatalError, processing error from engine(4)
04-23 09:04:04.083 31117 31162 W ErrorProcessor: com.google.android.apps.gsa.shared.speech.b.g: Error reading from input stream
04-23 09:04:04.083 31117 31162 W ErrorProcessor: 	at com.google.android.apps.gsa.staticplugins.recognizer.j.a.a(SourceFile:28)
04-23 09:04:04.083 31117 31162 W ErrorProcessor: 	at com.google.android.apps.gsa.staticplugins.recognizer.j.b.run(SourceFile:15)
04-23 09:04:04.083 31117 31162 W ErrorProcessor: 	at java.util.concurrent.Executors$RunnableAdapter.call(Executors.java:457)
04-23 09:04:04.083 31117 31162 W ErrorProcessor: 	at java.util.concurrent.FutureTask.run(FutureTask.java:266)
04-23 09:04:04.083 31117 31162 W ErrorProcessor: 	at com.google.android.apps.gsa.shared.util.concurrent.a.ax.run(SourceFile:14)
04-23 09:04:04.083 31117 31162 W ErrorProcessor: 	at com.google.android.apps.gsa.shared.util.concurrent.a.bl.run(SourceFile:4)
04-23 09:04:04.083 31117 31162 W ErrorProcessor: 	at com.google.android.apps.gsa.shared.util.concurrent.a.bl.run(SourceFile:4)
04-23 09:04:04.083 31117 31162 W ErrorProcessor: 	at java.util.concurrent.ThreadPoolExecutor.runWorker(ThreadPoolExecutor.java:1162)
04-23 09:04:04.083 31117 31162 W ErrorProcessor: 	at java.util.concurrent.ThreadPoolExecutor$Worker.run(ThreadPoolExecutor.java:636)
04-23 09:04:04.083 31117 31162 W ErrorProcessor: 	at java.lang.Thread.run(Thread.java:764)
04-23 09:04:04.083 31117 31162 W ErrorProcessor: 	at com.google.android.apps.gsa.shared.util.concurrent.a.ai.run(SourceFile:6)
04-23 09:04:04.083 31117 31162 W ErrorProcessor: Caused by: com.google.android.apps.gsa.shared.exception.GsaIOException: Error code: 393238 | Buffer overflow, no available space.
04-23 09:04:04.083 31117 31162 W ErrorProcessor: 	at com.google.android.apps.gsa.speech.audio.Tee.f(SourceFile:103)
04-23 09:04:04.083 31117 31162 W ErrorProcessor: 	at com.google.android.apps.gsa.speech.audio.au.read(SourceFile:2)
04-23 09:04:04.083 31117 31162 W ErrorProcessor: 	at java.io.InputStream.read(InputStream.java:101)
04-23 09:04:04.083 31117 31162 W ErrorProcessor: 	at com.google.android.apps.gsa.speech.audio.ao.run(SourceFile:18)
04-23 09:04:04.083 31117 31162 W ErrorProcessor: 	at com.google.android.apps.gsa.speech.audio.an.run(SourceFile:2)
04-23 09:04:04.083 31117 31162 W ErrorProcessor: 	... 9 more
04-23 09:04:04.083 31117 31162 I AudioController: internalShutdown
04-23 09:04:04.087 31117 31117 I MicroDetector: Keeping mic open: false
04-23 09:04:04.087 31117 31473 I DeviceStateChecker: DeviceStateChecker cancelled
04-23 09:04:04.087 31117 31117 I MicroDetectionWorker: #onError(false)
04-23 09:04:09.096 31117 31117 I MicroDetectionWorker: #updateMicroDetector [detectionMode: [mDetectionMode: [1]]]
04-23 09:04:09.097 31117 31117 I MicroDetectionWorker: #startMicroDetector [speakerMode: 0]
04-23 09:04:09.098 31117 31117 I AudioController: Using mInputStreamFactoryBuilder
04-23 09:04:09.100 31117 31117 I MicroDetectionWorker: onReady
04-23 09:04:09.102 31117 31472 I MicroRecognitionRunner: Starting detection.
04-23 09:04:09.103 31117 31753 I MicrophoneInputStream: mic_starting com.google.android.apps.gsa.staticplugins.aa.c@c4b5365
04-23 09:04:09.107  1523 32478 I AudioFlinger: AudioFlinger's thread 0xad783800 tid=32478 ready to run
04-23 09:04:09.108  1523 10645 W ServiceManager: Permission failure: android.permission.RECORD_AUDIO from uid=10030 pid=-1
04-23 09:04:09.108  1523 10645 E         : Request requires android.permission.RECORD_AUDIO
04-23 09:04:09.108  1523 10645 E AudioFlinger: openRecord() permission denied: recording not allowed
04-23 09:04:09.109 31117 31753 E AudioRecord: AudioFlinger could not create record track, status: -1
04-23 09:04:09.116 31117 31753 E AudioRecord-JNI: Error creating AudioRecord instance: initialization check failed with status -1.
04-23 09:04:09.116 31117 31753 E android.media.AudioRecord: Error code -20 when initializing native AudioRecord object.
04-23 09:04:09.116 31117 31753 I MicrophoneInputStream: mic_started com.google.android.apps.gsa.staticplugins.aa.c@c4b5365
04-23 09:04:09.118 31117 31117 I MicroDetectionWorker: onReady
04-23 09:04:09.123 31117 31753 I MicrophoneInputStream: mic_close com.google.android.apps.gsa.staticplugins.aa.c@c4b5365
04-23 09:04:09.123 31117 31472 I MicroRecognitionRunner: Detection finished
04-23 09:04:09.123 31117 31472 W ErrorReporter: reportError [type: 211, code: 524300]: Error reading from input stream
04-23 09:04:09.124 31117 31165 I MicroRecognitionRunner: Stopping hotword detection.
04-23 09:04:09.124 31117 31472 W ErrorProcessor: onFatalError, processing error from engine(4)
04-23 09:04:09.124 31117 31472 W ErrorProcessor: com.google.android.apps.gsa.shared.speech.b.g: Error reading from input stream
04-23 09:04:09.124 31117 31472 W ErrorProcessor: 	at com.google.android.apps.gsa.staticplugins.recognizer.j.a.a(SourceFile:28)
04-23 09:04:09.124 31117 31472 W ErrorProcessor: 	at com.google.android.apps.gsa.staticplugins.recognizer.j.b.run(SourceFile:15)
04-23 09:04:09.124 31117 31472 W ErrorProcessor: 	at java.util.concurrent.Executors$RunnableAdapter.call(Executors.java:457)
04-23 09:04:09.124 31117 31472 W ErrorProcessor: 	at java.util.concurrent.FutureTask.run(FutureTask.java:266)
04-23 09:04:09.124 31117 31472 W ErrorProcessor: 	at com.google.android.apps.gsa.shared.util.concurrent.a.ax.run(SourceFile:14)
04-23 09:04:09.124 31117 31472 W ErrorProcessor: 	at com.google.android.apps.gsa.shared.util.concurrent.a.bl.run(SourceFile:4)
04-23 09:04:09.124 31117 31472 W ErrorProcessor: 	at com.google.android.apps.gsa.shared.util.concurrent.a.bl.run(SourceFile:4)
04-23 09:04:09.124 31117 31472 W ErrorProcessor: 	at java.util.concurrent.ThreadPoolExecutor.runWorker(ThreadPoolExecutor.java:1162)
04-23 09:04:09.124 31117 31472 W ErrorProcessor: 	at java.util.concurrent.ThreadPoolExecutor$Worker.run(ThreadPoolExecutor.java:636)
04-23 09:04:09.124 31117 31472 W ErrorProcessor: 	at java.lang.Thread.run(Thread.java:764)
04-23 09:04:09.124 31117 31472 W ErrorProcessor: 	at com.google.android.apps.gsa.shared.util.concurrent.a.ai.run(SourceFile:6)
04-23 09:04:09.124 31117 31472 W ErrorProcessor: Caused by: com.google.android.apps.gsa.shared.exception.GsaIOException: Error code: 393238 | Buffer overflow, no available space.
04-23 09:04:09.124 31117 31472 W ErrorProcessor: 	at com.google.android.apps.gsa.speech.audio.Tee.f(SourceFile:103)
04-23 09:04:09.124 31117 31472 W ErrorProcessor: 	at com.google.android.apps.gsa.speech.audio.au.read(SourceFile:2)
04-23 09:04:09.124 31117 31472 W ErrorProcessor: 	at java.io.InputStream.read(InputStream.java:101)
04-23 09:04:09.124 31117 31472 W ErrorProcessor: 	at com.google.android.apps.gsa.speech.audio.ao.run(SourceFile:18)
04-23 09:04:09.124 31117 31472 W ErrorProcessor: 	at com.google.android.apps.gsa.speech.audio.an.run(SourceFile:2)
04-23 09:04:09.124 31117 31472 W ErrorProcessor: 	... 9 more
04-23 09:04:09.124 31117 31472 I AudioController: internalShutdown
04-23 09:04:09.125 31117 31117 I MicroDetector: Keeping mic open: false
04-23 09:04:09.125 31117 31473 I DeviceStateChecker: DeviceStateChecker cancelled
04-23 09:04:09.125 31117 31117 I MicroDetectionWorker: #onError(false)
04-23 09:04:14.132 31117 31117 I MicroDetectionWorker: #updateMicroDetector [detectionMode: [mDetectionMode: [1]]]
04-23 09:04:14.132 31117 31117 I MicroDetectionWorker: #startMicroDetector [speakerMode: 0]
04-23 09:04:14.132 31117 31117 I AudioController: Using mInputStreamFactoryBuilder
04-23 09:04:14.135 31117 31117 I MicroDetectionWorker: onReady
04-23 09:04:14.136 31117 31473 I MicroRecognitionRunner: Starting detection.
04-23 09:04:14.137 31117 31753 I MicrophoneInputStream: mic_starting com.google.android.apps.gsa.staticplugins.aa.c@7d52e63
04-23 09:04:14.139  1523 32482 I AudioFlinger: AudioFlinger's thread 0xad783c40 tid=32482 ready to run
04-23 09:04:14.140  1523 10645 W ServiceManager: Permission failure: android.permission.RECORD_AUDIO from uid=10030 pid=-1
04-23 09:04:14.140  1523 10645 E         : Request requires android.permission.RECORD_AUDIO
04-23 09:04:14.140  1523 10645 E AudioFlinger: openRecord() permission denied: recording not allowed
04-23 09:04:14.140 31117 31753 E AudioRecord: AudioFlinger could not create record track, status: -1
04-23 09:04:14.144 31117 31753 E AudioRecord-JNI: Error creating AudioRecord instance: initialization check failed with status -1.
04-23 09:04:14.144 31117 31753 E android.media.AudioRecord: Error code -20 when initializing native AudioRecord object.
04-23 09:04:14.144 31117 31753 I MicrophoneInputStream: mic_started com.google.android.apps.gsa.staticplugins.aa.c@7d52e63
04-23 09:04:14.145 31117 31117 I MicroDetectionWorker: onReady
04-23 09:04:14.151 31117 31753 I MicrophoneInputStream: mic_close com.google.android.apps.gsa.staticplugins.aa.c@7d52e63
04-23 09:04:14.151 31117 31473 I MicroRecognitionRunner: Detection finished
04-23 09:04:14.151 31117 31473 W ErrorReporter: reportError [type: 211, code: 524300]: Error reading from input stream
04-23 09:04:14.151 31117 31165 I MicroRecognitionRunner: Stopping hotword detection.
04-23 09:04:14.151 31117 31473 W ErrorProcessor: onFatalError, processing error from engine(4)
04-23 09:04:14.151 31117 31473 W ErrorProcessor: com.google.android.apps.gsa.shared.speech.b.g: Error reading from input stream
04-23 09:04:14.151 31117 31473 W ErrorProcessor: 	at com.google.android.apps.gsa.staticplugins.recognizer.j.a.a(SourceFile:28)
04-23 09:04:14.151 31117 31473 W ErrorProcessor: 	at com.google.android.apps.gsa.staticplugins.recognizer.j.b.run(SourceFile:15)
04-23 09:04:14.151 31117 31473 W ErrorProcessor: 	at java.util.concurrent.Executors$RunnableAdapter.call(Executors.java:457)
04-23 09:04:14.151 31117 31473 W ErrorProcessor: 	at java.util.concurrent.FutureTask.run(FutureTask.java:266)
04-23 09:04:14.151 31117 31473 W ErrorProcessor: 	at com.google.android.apps.gsa.shared.util.concurrent.a.ax.run(SourceFile:14)
04-23 09:04:14.151 31117 31473 W ErrorProcessor: 	at com.google.android.apps.gsa.shared.util.concurrent.a.bl.run(SourceFile:4)
04-23 09:04:14.151 31117 31473 W ErrorProcessor: 	at com.google.android.apps.gsa.shared.util.concurrent.a.bl.run(SourceFile:4)
04-23 09:04:14.151 31117 31473 W ErrorProcessor: 	at java.util.concurrent.ThreadPoolExecutor.runWorker(ThreadPoolExecutor.java:1162)
04-23 09:04:14.151 31117 31473 W ErrorProcessor: 	at java.util.concurrent.ThreadPoolExecutor$Worker.run(ThreadPoolExecutor.java:636)
04-23 09:04:14.151 31117 31473 W ErrorProcessor: 	at java.lang.Thread.run(Thread.java:764)
04-23 09:04:14.151 31117 31473 W ErrorProcessor: 	at com.google.android.apps.gsa.shared.util.concurrent.a.ai.run(SourceFile:6)
04-23 09:04:14.151 31117 31473 W ErrorProcessor: Caused by: com.google.android.apps.gsa.shared.exception.GsaIOException: Error code: 393238 | Buffer overflow, no available space.
04-23 09:04:14.151 31117 31473 W ErrorProcessor: 	at com.google.android.apps.gsa.speech.audio.Tee.f(SourceFile:103)
04-23 09:04:14.151 31117 31473 W ErrorProcessor: 	at com.google.android.apps.gsa.speech.audio.au.read(SourceFile:2)
04-23 09:04:14.151 31117 31473 W ErrorProcessor: 	at java.io.InputStream.read(InputStream.java:101)
04-23 09:04:14.151 31117 31473 W ErrorProcessor: 	at com.google.android.apps.gsa.speech.audio.ao.run(SourceFile:18)
04-23 09:04:14.151 31117 31473 W ErrorProcessor: 	at com.google.android.apps.gsa.speech.audio.an.run(SourceFile:2)
04-23 09:04:14.151 31117 31473 W ErrorProcessor: 	... 9 more
04-23 09:04:14.151 31117 31473 I AudioController: internalShutdown
04-23 09:04:14.154 31117 31117 I MicroDetector: Keeping mic open: false
04-23 09:04:14.154 31117 31117 I MicroDetectionWorker: #onError(false)
04-23 09:04:14.154 31117 31162 I DeviceStateChecker: DeviceStateChecker cancelled
04-23 09:04:17.333  1674  1696 E memtrack: Couldn't load memtrack module
04-23 09:04:17.333  1674  1696 W android.os.Debug: failed to get memory consumption info: -1
04-23 09:04:19.160 31117 31117 I MicroDetectionWorker: #updateMicroDetector [detectionMode: [mDetectionMode: [1]]]
04-23 09:04:19.160 31117 31117 I MicroDetectionWorker: #startMicroDetector [speakerMode: 0]
04-23 09:04:19.161 31117 31117 I AudioController: Using mInputStreamFactoryBuilder
04-23 09:04:19.162 31117 31117 I MicroDetectionWorker: onReady
04-23 09:04:19.164 31117 31162 I MicroRecognitionRunner: Starting detection.
04-23 09:04:19.165 31117 31753 I MicrophoneInputStream: mic_starting com.google.android.apps.gsa.staticplugins.aa.c@8cca451
04-23 09:04:19.170  1523 32495 I AudioFlinger: AudioFlinger's thread 0xadf83880 tid=32495 ready to run
04-23 09:04:19.171  1523  1523 W ServiceManager: Permission failure: android.permission.RECORD_AUDIO from uid=10030 pid=-1
04-23 09:04:19.171  1523  1523 E         : Request requires android.permission.RECORD_AUDIO
04-23 09:04:19.171  1523  1523 E AudioFlinger: openRecord() permission denied: recording not allowed
04-23 09:04:19.171 31117 31753 E AudioRecord: AudioFlinger could not create record track, status: -1
04-23 09:04:19.174 31117 31753 E AudioRecord-JNI: Error creating AudioRecord instance: initialization check failed with status -1.
04-23 09:04:19.174 31117 31753 E android.media.AudioRecord: Error code -20 when initializing native AudioRecord object.
04-23 09:04:19.174 31117 31753 I MicrophoneInputStream: mic_started com.google.android.apps.gsa.staticplugins.aa.c@8cca451
04-23 09:04:19.175 31117 31117 I MicroDetectionWorker: onReady
04-23 09:04:19.176 31117 31753 I MicrophoneInputStream: mic_close com.google.android.apps.gsa.staticplugins.aa.c@8cca451
04-23 09:04:19.177 31117 31162 I MicroRecognitionRunner: Detection finished
04-23 09:04:19.177 31117 31162 W ErrorReporter: reportError [type: 211, code: 524300]: Error reading from input stream
04-23 09:04:19.179 31117 31165 I MicroRecognitionRunner: Stopping hotword detection.
04-23 09:04:19.179 31117 31162 W ErrorProcessor: onFatalError, processing error from engine(4)
04-23 09:04:19.179 31117 31162 W ErrorProcessor: com.google.android.apps.gsa.shared.speech.b.g: Error reading from input stream
04-23 09:04:19.179 31117 31162 W ErrorProcessor: 	at com.google.android.apps.gsa.staticplugins.recognizer.j.a.a(SourceFile:28)
04-23 09:04:19.179 31117 31162 W ErrorProcessor: 	at com.google.android.apps.gsa.staticplugins.recognizer.j.b.run(SourceFile:15)
04-23 09:04:19.179 31117 31162 W ErrorProcessor: 	at java.util.concurrent.Executors$RunnableAdapter.call(Executors.java:457)
04-23 09:04:19.179 31117 31162 W ErrorProcessor: 	at java.util.concurrent.FutureTask.run(FutureTask.java:266)
04-23 09:04:19.179 31117 31162 W ErrorProcessor: 	at com.google.android.apps.gsa.shared.util.concurrent.a.ax.run(SourceFile:14)
04-23 09:04:19.179 31117 31162 W ErrorProcessor: 	at com.google.android.apps.gsa.shared.util.concurrent.a.bl.run(SourceFile:4)
04-23 09:04:19.179 31117 31162 W ErrorProcessor: 	at com.google.android.apps.gsa.shared.util.concurrent.a.bl.run(SourceFile:4)
04-23 09:04:19.179 31117 31162 W ErrorProcessor: 	at java.util.concurrent.ThreadPoolExecutor.runWorker(ThreadPoolExecutor.java:1162)
04-23 09:04:19.179 31117 31162 W ErrorProcessor: 	at java.util.concurrent.ThreadPoolExecutor$Worker.run(ThreadPoolExecutor.java:636)
04-23 09:04:19.179 31117 31162 W ErrorProcessor: 	at java.lang.Thread.run(Thread.java:764)
04-23 09:04:19.179 31117 31162 W ErrorProcessor: 	at com.google.android.apps.gsa.shared.util.concurrent.a.ai.run(SourceFile:6)
04-23 09:04:19.179 31117 31162 W ErrorProcessor: Caused by: com.google.android.apps.gsa.shared.exception.GsaIOException: Error code: 393238 | Buffer overflow, no available space.
04-23 09:04:19.179 31117 31162 W ErrorProcessor: 	at com.google.android.apps.gsa.speech.audio.Tee.f(SourceFile:103)
04-23 09:04:19.179 31117 31162 W ErrorProcessor: 	at com.google.android.apps.gsa.speech.audio.au.read(SourceFile:2)
04-23 09:04:19.179 31117 31162 W ErrorProcessor: 	at java.io.InputStream.read(InputStream.java:101)
04-23 09:04:19.179 31117 31162 W ErrorProcessor: 	at com.google.android.apps.gsa.speech.audio.ao.run(SourceFile:18)
04-23 09:04:19.179 31117 31162 W ErrorProcessor: 	at com.google.android.apps.gsa.speech.audio.an.run(SourceFile:2)
04-23 09:04:19.179 31117 31162 W ErrorProcessor: 	... 9 more
04-23 09:04:19.181 31117 31162 I AudioController: internalShutdown
04-23 09:04:19.183 31117 31117 I MicroDetector: Keeping mic open: false
04-23 09:04:19.183 31117 31473 I DeviceStateChecker: DeviceStateChecker cancelled
04-23 09:04:19.183 31117 31117 I MicroDetectionWorker: #onError(false)
04-23 09:04:20.328  1674  1696 E memtrack: Couldn't load memtrack module
04-23 09:04:20.328  1674  1696 W android.os.Debug: failed to get memory consumption info: -1
04-23 09:04:24.188 31117 31117 I MicroDetectionWorker: #updateMicroDetector [detectionMode: [mDetectionMode: [1]]]
04-23 09:04:24.188 31117 31117 I MicroDetectionWorker: #startMicroDetector [speakerMode: 0]
04-23 09:04:24.188 31117 31117 I AudioController: Using mInputStreamFactoryBuilder
04-23 09:04:24.190 31117 31117 I MicroDetectionWorker: onReady
04-23 09:04:24.192 31117 31473 I MicroRecognitionRunner: Starting detection.
04-23 09:04:24.192 31117 31753 I MicrophoneInputStream: mic_starting com.google.android.apps.gsa.staticplugins.aa.c@29024af
04-23 09:04:24.193  1523 32499 I AudioFlinger: AudioFlinger's thread 0xad783640 tid=32499 ready to run
04-23 09:04:24.193  1523 10645 W ServiceManager: Permission failure: android.permission.RECORD_AUDIO from uid=10030 pid=-1
04-23 09:04:24.193  1523 10645 E         : Request requires android.permission.RECORD_AUDIO
04-23 09:04:24.193  1523 10645 E AudioFlinger: openRecord() permission denied: recording not allowed
04-23 09:04:24.193 31117 31753 E AudioRecord: AudioFlinger could not create record track, status: -1
04-23 09:04:24.197 31117 31753 E AudioRecord-JNI: Error creating AudioRecord instance: initialization check failed with status -1.
04-23 09:04:24.197 31117 31753 E android.media.AudioRecord: Error code -20 when initializing native AudioRecord object.
04-23 09:04:24.197 31117 31753 I MicrophoneInputStream: mic_started com.google.android.apps.gsa.staticplugins.aa.c@29024af
04-23 09:04:24.199 31117 31117 I MicroDetectionWorker: onReady
04-23 09:04:24.202 31117 31753 I MicrophoneInputStream: mic_close com.google.android.apps.gsa.staticplugins.aa.c@29024af
04-23 09:04:24.203 31117 31473 I MicroRecognitionRunner: Detection finished
04-23 09:04:24.203 31117 31473 W ErrorReporter: reportError [type: 211, code: 524300]: Error reading from input stream
04-23 09:04:24.203 31117 31165 I MicroRecognitionRunner: Stopping hotword detection.
04-23 09:04:24.203 31117 31473 W ErrorProcessor: onFatalError, processing error from engine(4)
04-23 09:04:24.203 31117 31473 W ErrorProcessor: com.google.android.apps.gsa.shared.speech.b.g: Error reading from input stream
04-23 09:04:24.203 31117 31473 W ErrorProcessor: 	at com.google.android.apps.gsa.staticplugins.recognizer.j.a.a(SourceFile:28)
04-23 09:04:24.203 31117 31473 W ErrorProcessor: 	at com.google.android.apps.gsa.staticplugins.recognizer.j.b.run(SourceFile:15)
04-23 09:04:24.203 31117 31473 W ErrorProcessor: 	at java.util.concurrent.Executors$RunnableAdapter.call(Executors.java:457)
04-23 09:04:24.203 31117 31473 W ErrorProcessor: 	at java.util.concurrent.FutureTask.run(FutureTask.java:266)
04-23 09:04:24.203 31117 31473 W ErrorProcessor: 	at com.google.android.apps.gsa.shared.util.concurrent.a.ax.run(SourceFile:14)
04-23 09:04:24.203 31117 31473 W ErrorProcessor: 	at com.google.android.apps.gsa.shared.util.concurrent.a.bl.run(SourceFile:4)
04-23 09:04:24.203 31117 31473 W ErrorProcessor: 	at com.google.android.apps.gsa.shared.util.concurrent.a.bl.run(SourceFile:4)
04-23 09:04:24.203 31117 31473 W ErrorProcessor: 	at java.util.concurrent.ThreadPoolExecutor.runWorker(ThreadPoolExecutor.java:1162)
04-23 09:04:24.203 31117 31473 W ErrorProcessor: 	at java.util.concurrent.ThreadPoolExecutor$Worker.run(ThreadPoolExecutor.java:636)
04-23 09:04:24.203 31117 31473 W ErrorProcessor: 	at java.lang.Thread.run(Thread.java:764)
04-23 09:04:24.203 31117 31473 W ErrorProcessor: 	at com.google.android.apps.gsa.shared.util.concurrent.a.ai.run(SourceFile:6)
04-23 09:04:24.203 31117 31473 W ErrorProcessor: Caused by: com.google.android.apps.gsa.shared.exception.GsaIOException: Error code: 393238 | Buffer overflow, no available space.
04-23 09:04:24.203 31117 31473 W ErrorProcessor: 	at com.google.android.apps.gsa.speech.audio.Tee.f(SourceFile:103)
04-23 09:04:24.203 31117 31473 W ErrorProcessor: 	at com.google.android.apps.gsa.speech.audio.au.read(SourceFile:2)
04-23 09:04:24.203 31117 31473 W ErrorProcessor: 	at java.io.InputStream.read(InputStream.java:101)
04-23 09:04:24.203 31117 31473 W ErrorProcessor: 	at com.google.android.apps.gsa.speech.audio.ao.run(SourceFile:18)
04-23 09:04:24.203 31117 31473 W ErrorProcessor: 	at com.google.android.apps.gsa.speech.audio.an.run(SourceFile:2)
04-23 09:04:24.203 31117 31473 W ErrorProcessor: 	... 9 more
04-23 09:04:24.205 31117 31473 I AudioController: internalShutdown
04-23 09:04:24.207 31117 31117 I MicroDetector: Keeping mic open: false
04-23 09:04:24.207 31117 31117 I MicroDetectionWorker: #onError(false)
04-23 09:04:24.207 31117 31162 I DeviceStateChecker: DeviceStateChecker cancelled
04-23 09:04:29.213 31117 31117 I MicroDetectionWorker: #updateMicroDetector [detectionMode: [mDetectionMode: [1]]]
04-23 09:04:29.213 31117 31117 I MicroDetectionWorker: #startMicroDetector [speakerMode: 0]
04-23 09:04:29.213 31117 31117 I AudioController: Using mInputStreamFactoryBuilder
04-23 09:04:29.214 31117 31117 I MicroDetectionWorker: onReady
04-23 09:04:29.215 31117 31472 I MicroRecognitionRunner: Starting detection.
04-23 09:04:29.216 31117 31753 I MicrophoneInputStream: mic_starting com.google.android.apps.gsa.staticplugins.aa.c@19a5afd
04-23 09:04:29.220  1523 32512 I AudioFlinger: AudioFlinger's thread 0xadf83b40 tid=32512 ready to run
04-23 09:04:29.221  1523  1523 W ServiceManager: Permission failure: android.permission.RECORD_AUDIO from uid=10030 pid=-1
04-23 09:04:29.221  1523  1523 E         : Request requires android.permission.RECORD_AUDIO
04-23 09:04:29.221  1523  1523 E AudioFlinger: openRecord() permission denied: recording not allowed
04-23 09:04:29.221 31117 31753 E AudioRecord: AudioFlinger could not create record track, status: -1
04-23 09:04:29.224 31117 31753 E AudioRecord-JNI: Error creating AudioRecord instance: initialization check failed with status -1.
04-23 09:04:29.224 31117 31753 E android.media.AudioRecord: Error code -20 when initializing native AudioRecord object.
04-23 09:04:29.226 31117 31753 I MicrophoneInputStream: mic_started com.google.android.apps.gsa.staticplugins.aa.c@19a5afd
04-23 09:04:29.227 31117 31117 I MicroDetectionWorker: onReady
04-23 09:04:29.234 31117 31753 I MicrophoneInputStream: mic_close com.google.android.apps.gsa.staticplugins.aa.c@19a5afd
04-23 09:04:29.234 31117 31472 I MicroRecognitionRunner: Detection finished
04-23 09:04:29.234 31117 31472 W ErrorReporter: reportError [type: 211, code: 524300]: Error reading from input stream
