04-23 09:09:46.117 31117 31473 W ErrorProcessor: 	at java.util.concurrent.FutureTask.run(FutureTask.java:266)
04-23 09:09:46.117 31117 31473 W ErrorProcessor: 	at com.google.android.apps.gsa.shared.util.concurrent.a.ax.run(SourceFile:14)
04-23 09:09:46.117 31117 31473 W ErrorProcessor: 	at com.google.android.apps.gsa.shared.util.concurrent.a.bl.run(SourceFile:4)
04-23 09:09:46.117 31117 31473 W ErrorProcessor: 	at com.google.android.apps.gsa.shared.util.concurrent.a.bl.run(SourceFile:4)
04-23 09:09:46.117 31117 31473 W ErrorProcessor: 	at java.util.concurrent.ThreadPoolExecutor.runWorker(ThreadPoolExecutor.java:1162)
04-23 09:09:46.117 31117 31473 W ErrorProcessor: 	at java.util.concurrent.ThreadPoolExecutor$Worker.run(ThreadPoolExecutor.java:636)
04-23 09:09:46.117 31117 31473 W ErrorProcessor: 	at java.lang.Thread.run(Thread.java:764)
04-23 09:09:46.117 31117 31473 W ErrorProcessor: 	at com.google.android.apps.gsa.shared.util.concurrent.a.ai.run(SourceFile:6)
04-23 09:09:46.117 31117 31473 W ErrorProcessor: Caused by: com.google.android.apps.gsa.shared.exception.GsaIOException: Error code: 393238 | Buffer overflow, no available space.
04-23 09:09:46.117 31117 31473 W ErrorProcessor: 	at com.google.android.apps.gsa.speech.audio.Tee.f(SourceFile:103)
04-23 09:09:46.117 31117 31473 W ErrorProcessor: 	at com.google.android.apps.gsa.speech.audio.au.read(SourceFile:2)
04-23 09:09:46.117 31117 31473 W ErrorProcessor: 	at java.io.InputStream.read(InputStream.java:101)
04-23 09:09:46.117 31117 31473 W ErrorProcessor: 	at com.google.android.apps.gsa.speech.audio.ao.run(SourceFile:18)
04-23 09:09:46.117 31117 31473 W ErrorProcessor: 	at com.google.android.apps.gsa.speech.audio.an.run(SourceFile:2)
04-23 09:09:46.117 31117 31473 W ErrorProcessor: 	... 9 more
04-23 09:09:46.117 31117 31473 I AudioController: internalShutdown
04-23 09:09:46.117 31117 31165 I MicroRecognitionRunner: Stopping hotword detection.
04-23 09:09:46.119 31117 31117 I MicroDetector: Keeping mic open: false
04-23 09:09:46.119 31117 31117 I MicroDetectionWorker: #onError(false)
04-23 09:09:46.119 31117 31162 I DeviceStateChecker: DeviceStateChecker cancelled
04-23 09:09:51.124 31117 31117 I MicroDetectionWorker: #updateMicroDetector [detectionMode: [mDetectionMode: [1]]]
04-23 09:09:51.125 31117 31117 I MicroDetectionWorker: #startMicroDetector [speakerMode: 0]
04-23 09:09:51.125 31117 31117 I AudioController: Using mInputStreamFactoryBuilder
04-23 09:09:51.126 31117 31117 I MicroDetectionWorker: onReady
04-23 09:09:51.127 31117 31473 I MicroRecognitionRunner: Starting detection.
04-23 09:09:51.128 31117 31753 I MicrophoneInputStream: mic_starting com.google.android.apps.gsa.staticplugins.aa.c@4679904
04-23 09:09:51.132  1523   704 I AudioFlinger: AudioFlinger's thread 0xadf83480 tid=704 ready to run
04-23 09:09:51.132  1523 15704 W ServiceManager: Permission failure: android.permission.RECORD_AUDIO from uid=10030 pid=-1
04-23 09:09:51.132  1523 15704 E         : Request requires android.permission.RECORD_AUDIO
04-23 09:09:51.132  1523 15704 E AudioFlinger: openRecord() permission denied: recording not allowed
04-23 09:09:51.132 31117 31753 E AudioRecord: AudioFlinger could not create record track, status: -1
04-23 09:09:51.135 31117 31753 E AudioRecord-JNI: Error creating AudioRecord instance: initialization check failed with status -1.
04-23 09:09:51.135 31117 31753 E android.media.AudioRecord: Error code -20 when initializing native AudioRecord object.
04-23 09:09:51.135 31117 31753 I MicrophoneInputStream: mic_started com.google.android.apps.gsa.staticplugins.aa.c@4679904
04-23 09:09:51.138 31117 31117 I MicroDetectionWorker: onReady
04-23 09:09:51.139 31117 31753 I MicrophoneInputStream: mic_close com.google.android.apps.gsa.staticplugins.aa.c@4679904
04-23 09:09:51.140 31117 31473 I MicroRecognitionRunner: Detection finished
04-23 09:09:51.141 31117 31473 W ErrorReporter: reportError [type: 211, code: 524300]: Error reading from input stream
04-23 09:09:51.141 31117 31473 W ErrorProcessor: onFatalError, processing error from engine(4)
04-23 09:09:51.141 31117 31473 W ErrorProcessor: com.google.android.apps.gsa.shared.speech.b.g: Error reading from input stream
04-23 09:09:51.141 31117 31473 W ErrorProcessor: 	at com.google.android.apps.gsa.staticplugins.recognizer.j.a.a(SourceFile:28)
04-23 09:09:51.141 31117 31473 W ErrorProcessor: 	at com.google.android.apps.gsa.staticplugins.recognizer.j.b.run(SourceFile:15)
04-23 09:09:51.141 31117 31473 W ErrorProcessor: 	at java.util.concurrent.Executors$RunnableAdapter.call(Executors.java:457)
04-23 09:09:51.141 31117 31473 W ErrorProcessor: 	at java.util.concurrent.FutureTask.run(FutureTask.java:266)
04-23 09:09:51.141 31117 31473 W ErrorProcessor: 	at com.google.android.apps.gsa.shared.util.concurrent.a.ax.run(SourceFile:14)
04-23 09:09:51.141 31117 31473 W ErrorProcessor: 	at com.google.android.apps.gsa.shared.util.concurrent.a.bl.run(SourceFile:4)
04-23 09:09:51.141 31117 31473 W ErrorProcessor: 	at com.google.android.apps.gsa.shared.util.concurrent.a.bl.run(SourceFile:4)
04-23 09:09:51.141 31117 31473 W ErrorProcessor: 	at java.util.concurrent.ThreadPoolExecutor.runWorker(ThreadPoolExecutor.java:1162)
04-23 09:09:51.141 31117 31473 W ErrorProcessor: 	at java.util.concurrent.ThreadPoolExecutor$Worker.run(ThreadPoolExecutor.java:636)
04-23 09:09:51.141 31117 31473 W ErrorProcessor: 	at java.lang.Thread.run(Thread.java:764)
04-23 09:09:51.141 31117 31473 W ErrorProcessor: 	at com.google.android.apps.gsa.shared.util.concurrent.a.ai.run(SourceFile:6)
04-23 09:09:51.141 31117 31473 W ErrorProcessor: Caused by: com.google.android.apps.gsa.shared.exception.GsaIOException: Error code: 393238 | Buffer overflow, no available space.
04-23 09:09:51.141 31117 31473 W ErrorProcessor: 	at com.google.android.apps.gsa.speech.audio.Tee.f(SourceFile:103)
04-23 09:09:51.141 31117 31473 W ErrorProcessor: 	at com.google.android.apps.gsa.speech.audio.au.read(SourceFile:2)
04-23 09:09:51.141 31117 31473 W ErrorProcessor: 	at java.io.InputStream.read(InputStream.java:101)
04-23 09:09:51.141 31117 31473 W ErrorProcessor: 	at com.google.android.apps.gsa.speech.audio.ao.run(SourceFile:18)
04-23 09:09:51.141 31117 31473 W ErrorProcessor: 	at com.google.android.apps.gsa.speech.audio.an.run(SourceFile:2)
04-23 09:09:51.141 31117 31473 W ErrorProcessor: 	... 9 more
04-23 09:09:51.141 31117 31473 I AudioController: internalShutdown
04-23 09:09:51.141 31117 31165 I MicroRecognitionRunner: Stopping hotword detection.
04-23 09:09:51.144 31117 31117 I MicroDetector: Keeping mic open: false
04-23 09:09:51.144 31117 31162 I DeviceStateChecker: DeviceStateChecker cancelled
04-23 09:09:51.144 31117 31117 I MicroDetectionWorker: #onError(false)
04-23 09:09:51.956  1443  1443 I boot-pipe: done populating /dev/random
04-23 09:09:56.146 31117 31117 I MicroDetectionWorker: #updateMicroDetector [detectionMode: [mDetectionMode: [1]]]
04-23 09:09:56.146 31117 31117 I MicroDetectionWorker: #startMicroDetector [speakerMode: 0]
04-23 09:09:56.146 31117 31117 I AudioController: Using mInputStreamFactoryBuilder
04-23 09:09:56.148 31117 31117 I MicroDetectionWorker: onReady
04-23 09:09:56.148 31117 31473 I MicroRecognitionRunner: Starting detection.
04-23 09:09:56.149 31117 31753 I MicrophoneInputStream: mic_starting com.google.android.apps.gsa.staticplugins.aa.c@eead27a
04-23 09:09:56.151  1523   717 I AudioFlinger: AudioFlinger's thread 0xadf83cc0 tid=717 ready to run
04-23 09:09:56.152  1523 15704 W ServiceManager: Permission failure: android.permission.RECORD_AUDIO from uid=10030 pid=-1
04-23 09:09:56.152  1523 15704 E         : Request requires android.permission.RECORD_AUDIO
04-23 09:09:56.152  1523 15704 E AudioFlinger: openRecord() permission denied: recording not allowed
04-23 09:09:56.152 31117 31753 E AudioRecord: AudioFlinger could not create record track, status: -1
04-23 09:09:56.155 31117 31753 E AudioRecord-JNI: Error creating AudioRecord instance: initialization check failed with status -1.
04-23 09:09:56.156 31117 31753 E android.media.AudioRecord: Error code -20 when initializing native AudioRecord object.
04-23 09:09:56.156 31117 31753 I MicrophoneInputStream: mic_started com.google.android.apps.gsa.staticplugins.aa.c@eead27a
04-23 09:09:56.157 31117 31117 I MicroDetectionWorker: onReady
04-23 09:09:56.162 31117 31753 I MicrophoneInputStream: mic_close com.google.android.apps.gsa.staticplugins.aa.c@eead27a
04-23 09:09:56.162 31117 31473 I MicroRecognitionRunner: Detection finished
04-23 09:09:56.163 31117 31473 W ErrorReporter: reportError [type: 211, code: 524300]: Error reading from input stream
04-23 09:09:56.163 31117 31473 W ErrorProcessor: onFatalError, processing error from engine(4)
04-23 09:09:56.163 31117 31473 W ErrorProcessor: com.google.android.apps.gsa.shared.speech.b.g: Error reading from input stream
04-23 09:09:56.163 31117 31473 W ErrorProcessor: 	at com.google.android.apps.gsa.staticplugins.recognizer.j.a.a(SourceFile:28)
04-23 09:09:56.163 31117 31473 W ErrorProcessor: 	at com.google.android.apps.gsa.staticplugins.recognizer.j.b.run(SourceFile:15)
04-23 09:09:56.163 31117 31473 W ErrorProcessor: 	at java.util.concurrent.Executors$RunnableAdapter.call(Executors.java:457)
04-23 09:09:56.163 31117 31473 W ErrorProcessor: 	at java.util.concurrent.FutureTask.run(FutureTask.java:266)
04-23 09:09:56.163 31117 31473 W ErrorProcessor: 	at com.google.android.apps.gsa.shared.util.concurrent.a.ax.run(SourceFile:14)
04-23 09:09:56.163 31117 31473 W ErrorProcessor: 	at com.google.android.apps.gsa.shared.util.concurrent.a.bl.run(SourceFile:4)
04-23 09:09:56.163 31117 31473 W ErrorProcessor: 	at com.google.android.apps.gsa.shared.util.concurrent.a.bl.run(SourceFile:4)
04-23 09:09:56.163 31117 31473 W ErrorProcessor: 	at java.util.concurrent.ThreadPoolExecutor.runWorker(ThreadPoolExecutor.java:1162)
04-23 09:09:56.163 31117 31473 W ErrorProcessor: 	at java.util.concurrent.ThreadPoolExecutor$Worker.run(ThreadPoolExecutor.java:636)
04-23 09:09:56.163 31117 31473 W ErrorProcessor: 	at java.lang.Thread.run(Thread.java:764)
04-23 09:09:56.163 31117 31473 W ErrorProcessor: 	at com.google.android.apps.gsa.shared.util.concurrent.a.ai.run(SourceFile:6)
04-23 09:09:56.163 31117 31473 W ErrorProcessor: Caused by: com.google.android.apps.gsa.shared.exception.GsaIOException: Error code: 393238 | Buffer overflow, no available space.
04-23 09:09:56.163 31117 31473 W ErrorProcessor: 	at com.google.android.apps.gsa.speech.audio.Tee.f(SourceFile:103)
04-23 09:09:56.163 31117 31473 W ErrorProcessor: 	at com.google.android.apps.gsa.speech.audio.au.read(SourceFile:2)
04-23 09:09:56.163 31117 31473 W ErrorProcessor: 	at java.io.InputStream.read(InputStream.java:101)
04-23 09:09:56.163 31117 31473 W ErrorProcessor: 	at com.google.android.apps.gsa.speech.audio.ao.run(SourceFile:18)
04-23 09:09:56.163 31117 31473 W ErrorProcessor: 	at com.google.android.apps.gsa.speech.audio.an.run(SourceFile:2)
04-23 09:09:56.163 31117 31473 W ErrorProcessor: 	... 9 more
04-23 09:09:56.163 31117 31473 I AudioController: internalShutdown
04-23 09:09:56.163 31117 31165 I MicroRecognitionRunner: Stopping hotword detection.
04-23 09:09:56.164 31117 31117 I MicroDetector: Keeping mic open: false
04-23 09:09:56.164 31117 31162 I DeviceStateChecker: DeviceStateChecker cancelled
04-23 09:09:56.164 31117 31117 I MicroDetectionWorker: #onError(false)
04-23 09:10:00.013  1436  1457 D hwcomposer: hw_composer sent 4 syncs in 60s
04-23 09:10:01.171 31117 31117 I MicroDetectionWorker: #updateMicroDetector [detectionMode: [mDetectionMode: [1]]]
04-23 09:10:01.171 31117 31117 I MicroDetectionWorker: #startMicroDetector [speakerMode: 0]
04-23 09:10:01.171 31117 31117 I AudioController: Using mInputStreamFactoryBuilder
04-23 09:10:01.172 31117 31117 I MicroDetectionWorker: onReady
04-23 09:10:01.174 31117 31162 I MicroRecognitionRunner: Starting detection.
04-23 09:10:01.174 31117 31753 I MicrophoneInputStream: mic_starting com.google.android.apps.gsa.staticplugins.aa.c@125e6a0
04-23 09:10:01.176  1523   721 I AudioFlinger: AudioFlinger's thread 0xadf83540 tid=721 ready to run
04-23 09:10:01.177  1523 15704 W ServiceManager: Permission failure: android.permission.RECORD_AUDIO from uid=10030 pid=-1
04-23 09:10:01.178  1523 15704 E         : Request requires android.permission.RECORD_AUDIO
04-23 09:10:01.178  1523 15704 E AudioFlinger: openRecord() permission denied: recording not allowed
04-23 09:10:01.178 31117 31753 E AudioRecord: AudioFlinger could not create record track, status: -1
04-23 09:10:01.182 31117 31753 E AudioRecord-JNI: Error creating AudioRecord instance: initialization check failed with status -1.
04-23 09:10:01.182 31117 31753 E android.media.AudioRecord: Error code -20 when initializing native AudioRecord object.
04-23 09:10:01.182 31117 31753 I MicrophoneInputStream: mic_started com.google.android.apps.gsa.staticplugins.aa.c@125e6a0
04-23 09:10:01.184 31117 31117 I MicroDetectionWorker: onReady
04-23 09:10:01.188 31117 31753 I MicrophoneInputStream: mic_close com.google.android.apps.gsa.staticplugins.aa.c@125e6a0
04-23 09:10:01.190 31117 31162 I MicroRecognitionRunner: Detection finished
04-23 09:10:01.190 31117 31162 W ErrorReporter: reportError [type: 211, code: 524300]: Error reading from input stream
04-23 09:10:01.191 31117 31165 I MicroRecognitionRunner: Stopping hotword detection.
04-23 09:10:01.192 31117 31162 W ErrorProcessor: onFatalError, processing error from engine(4)
04-23 09:10:01.192 31117 31162 W ErrorProcessor: com.google.android.apps.gsa.shared.speech.b.g: Error reading from input stream
04-23 09:10:01.192 31117 31162 W ErrorProcessor: 	at com.google.android.apps.gsa.staticplugins.recognizer.j.a.a(SourceFile:28)
04-23 09:10:01.192 31117 31162 W ErrorProcessor: 	at com.google.android.apps.gsa.staticplugins.recognizer.j.b.run(SourceFile:15)
04-23 09:10:01.192 31117 31162 W ErrorProcessor: 	at java.util.concurrent.Executors$RunnableAdapter.call(Executors.java:457)
04-23 09:10:01.192 31117 31162 W ErrorProcessor: 	at java.util.concurrent.FutureTask.run(FutureTask.java:266)
04-23 09:10:01.192 31117 31162 W ErrorProcessor: 	at com.google.android.apps.gsa.shared.util.concurrent.a.ax.run(SourceFile:14)
04-23 09:10:01.192 31117 31162 W ErrorProcessor: 	at com.google.android.apps.gsa.shared.util.concurrent.a.bl.run(SourceFile:4)
04-23 09:10:01.192 31117 31162 W ErrorProcessor: 	at com.google.android.apps.gsa.shared.util.concurrent.a.bl.run(SourceFile:4)
04-23 09:10:01.192 31117 31162 W ErrorProcessor: 	at java.util.concurrent.ThreadPoolExecutor.runWorker(ThreadPoolExecutor.java:1162)
04-23 09:10:01.192 31117 31162 W ErrorProcessor: 	at java.util.concurrent.ThreadPoolExecutor$Worker.run(ThreadPoolExecutor.java:636)
04-23 09:10:01.192 31117 31162 W ErrorProcessor: 	at java.lang.Thread.run(Thread.java:764)
04-23 09:10:01.192 31117 31162 W ErrorProcessor: 	at com.google.android.apps.gsa.shared.util.concurrent.a.ai.run(SourceFile:6)
04-23 09:10:01.192 31117 31162 W ErrorProcessor: Caused by: com.google.android.apps.gsa.shared.exception.GsaIOException: Error code: 393238 | Buffer overflow, no available space.
04-23 09:10:01.192 31117 31162 W ErrorProcessor: 	at com.google.android.apps.gsa.speech.audio.Tee.f(SourceFile:103)
04-23 09:10:01.192 31117 31162 W ErrorProcessor: 	at com.google.android.apps.gsa.speech.audio.au.read(SourceFile:2)
04-23 09:10:01.192 31117 31162 W ErrorProcessor: 	at java.io.InputStream.read(InputStream.java:101)
04-23 09:10:01.192 31117 31162 W ErrorProcessor: 	at com.google.android.apps.gsa.speech.audio.ao.run(SourceFile:18)
04-23 09:10:01.192 31117 31162 W ErrorProcessor: 	at com.google.android.apps.gsa.speech.audio.an.run(SourceFile:2)
04-23 09:10:01.192 31117 31162 W ErrorProcessor: 	... 9 more
04-23 09:10:01.192 31117 31162 I AudioController: internalShutdown
04-23 09:10:01.194 31117 31117 I MicroDetector: Keeping mic open: false
04-23 09:10:01.194 31117 31472 I DeviceStateChecker: DeviceStateChecker cancelled
04-23 09:10:01.194 31117 31117 I MicroDetectionWorker: #onError(false)
04-23 09:10:06.201 31117 31117 I MicroDetectionWorker: #updateMicroDetector [detectionMode: [mDetectionMode: [1]]]
04-23 09:10:06.201 31117 31117 I MicroDetectionWorker: #startMicroDetector [speakerMode: 0]
04-23 09:10:06.201 31117 31117 I AudioController: Using mInputStreamFactoryBuilder
04-23 09:10:06.202 31117 31117 I MicroDetectionWorker: onReady
04-23 09:10:06.205 31117 31472 I MicroRecognitionRunner: Starting detection.
04-23 09:10:06.207 31117 31753 I MicrophoneInputStream: mic_starting com.google.android.apps.gsa.staticplugins.aa.c@251a2f6
04-23 09:10:06.209  1523   734 I AudioFlinger: AudioFlinger's thread 0xad783a00 tid=734 ready to run
04-23 09:10:06.209  1523  9290 W ServiceManager: Permission failure: android.permission.RECORD_AUDIO from uid=10030 pid=-1
04-23 09:10:06.210  1523  9290 E         : Request requires android.permission.RECORD_AUDIO
04-23 09:10:06.210  1523  9290 E AudioFlinger: openRecord() permission denied: recording not allowed
04-23 09:10:06.210 31117 31753 E AudioRecord: AudioFlinger could not create record track, status: -1
04-23 09:10:06.212 31117 31753 E AudioRecord-JNI: Error creating AudioRecord instance: initialization check failed with status -1.
04-23 09:10:06.212 31117 31753 E android.media.AudioRecord: Error code -20 when initializing native AudioRecord object.
04-23 09:10:06.212 31117 31753 I MicrophoneInputStream: mic_started com.google.android.apps.gsa.staticplugins.aa.c@251a2f6
04-23 09:10:06.214 31117 31117 I MicroDetectionWorker: onReady
04-23 09:10:06.226 31117 31753 I MicrophoneInputStream: mic_close com.google.android.apps.gsa.staticplugins.aa.c@251a2f6
04-23 09:10:06.226 31117 31472 I MicroRecognitionRunner: Detection finished
04-23 09:10:06.226 31117 31472 W ErrorReporter: reportError [type: 211, code: 524300]: Error reading from input stream
04-23 09:10:06.227 31117 31165 I MicroRecognitionRunner: Stopping hotword detection.
04-23 09:10:06.227 31117 31472 W ErrorProcessor: onFatalError, processing error from engine(4)
04-23 09:10:06.227 31117 31472 W ErrorProcessor: com.google.android.apps.gsa.shared.speech.b.g: Error reading from input stream
04-23 09:10:06.227 31117 31472 W ErrorProcessor: 	at com.google.android.apps.gsa.staticplugins.recognizer.j.a.a(SourceFile:28)
04-23 09:10:06.227 31117 31472 W ErrorProcessor: 	at com.google.android.apps.gsa.staticplugins.recognizer.j.b.run(SourceFile:15)
04-23 09:10:06.227 31117 31472 W ErrorProcessor: 	at java.util.concurrent.Executors$RunnableAdapter.call(Executors.java:457)
04-23 09:10:06.227 31117 31472 W ErrorProcessor: 	at java.util.concurrent.FutureTask.run(FutureTask.java:266)
04-23 09:10:06.227 31117 31472 W ErrorProcessor: 	at com.google.android.apps.gsa.shared.util.concurrent.a.ax.run(SourceFile:14)
04-23 09:10:06.227 31117 31472 W ErrorProcessor: 	at com.google.android.apps.gsa.shared.util.concurrent.a.bl.run(SourceFile:4)
04-23 09:10:06.227 31117 31472 W ErrorProcessor: 	at com.google.android.apps.gsa.shared.util.concurrent.a.bl.run(SourceFile:4)
04-23 09:10:06.227 31117 31472 W ErrorProcessor: 	at java.util.concurrent.ThreadPoolExecutor.runWorker(ThreadPoolExecutor.java:1162)
04-23 09:10:06.227 31117 31472 W ErrorProcessor: 	at java.util.concurrent.ThreadPoolExecutor$Worker.run(ThreadPoolExecutor.java:636)
04-23 09:10:06.227 31117 31472 W ErrorProcessor: 	at java.lang.Thread.run(Thread.java:764)
04-23 09:10:06.227 31117 31472 W ErrorProcessor: 	at com.google.android.apps.gsa.shared.util.concurrent.a.ai.run(SourceFile:6)
04-23 09:10:06.227 31117 31472 W ErrorProcessor: Caused by: com.google.android.apps.gsa.shared.exception.GsaIOException: Error code: 393238 | Buffer overflow, no available space.
04-23 09:10:06.227 31117 31472 W ErrorProcessor: 	at com.google.android.apps.gsa.speech.audio.Tee.f(SourceFile:103)
04-23 09:10:06.227 31117 31472 W ErrorProcessor: 	at com.google.android.apps.gsa.speech.audio.au.read(SourceFile:2)
04-23 09:10:06.227 31117 31472 W ErrorProcessor: 	at java.io.InputStream.read(InputStream.java:101)
04-23 09:10:06.227 31117 31472 W ErrorProcessor: 	at com.google.android.apps.gsa.speech.audio.ao.run(SourceFile:18)
04-23 09:10:06.227 31117 31472 W ErrorProcessor: 	at com.google.android.apps.gsa.speech.audio.an.run(SourceFile:2)
04-23 09:10:06.227 31117 31472 W ErrorProcessor: 	... 9 more
04-23 09:10:06.227 31117 31472 I AudioController: internalShutdown
04-23 09:10:06.229 31117 31117 I MicroDetector: Keeping mic open: false
04-23 09:10:06.229 31117 31162 I DeviceStateChecker: DeviceStateChecker cancelled
04-23 09:10:06.229 31117 31117 I MicroDetectionWorker: #onError(false)
04-23 09:10:11.234 31117 31117 I MicroDetectionWorker: #updateMicroDetector [detectionMode: [mDetectionMode: [1]]]
04-23 09:10:11.235 31117 31117 I MicroDetectionWorker: #startMicroDetector [speakerMode: 0]
04-23 09:10:11.235 31117 31117 I AudioController: Using mInputStreamFactoryBuilder
04-23 09:10:11.236 31117 31117 I MicroDetectionWorker: onReady
04-23 09:10:11.238 31117 31162 I MicroRecognitionRunner: Starting detection.
04-23 09:10:11.239 31117 31753 I MicrophoneInputStream: mic_starting com.google.android.apps.gsa.staticplugins.aa.c@54900fc
04-23 09:10:11.240  1523   738 I AudioFlinger: AudioFlinger's thread 0xad783bc0 tid=738 ready to run
04-23 09:10:11.241  1523  9290 W ServiceManager: Permission failure: android.permission.RECORD_AUDIO from uid=10030 pid=-1
04-23 09:10:11.241  1523  9290 E         : Request requires android.permission.RECORD_AUDIO
04-23 09:10:11.241  1523  9290 E AudioFlinger: openRecord() permission denied: recording not allowed
04-23 09:10:11.241 31117 31753 E AudioRecord: AudioFlinger could not create record track, status: -1
04-23 09:10:11.244 31117 31753 E AudioRecord-JNI: Error creating AudioRecord instance: initialization check failed with status -1.
04-23 09:10:11.244 31117 31753 E android.media.AudioRecord: Error code -20 when initializing native AudioRecord object.
04-23 09:10:11.244 31117 31753 I MicrophoneInputStream: mic_started com.google.android.apps.gsa.staticplugins.aa.c@54900fc
04-23 09:10:11.247 31117 31117 I MicroDetectionWorker: onReady
04-23 09:10:11.251 31117 31753 I MicrophoneInputStream: mic_close com.google.android.apps.gsa.staticplugins.aa.c@54900fc
04-23 09:10:11.251 31117 31162 I MicroRecognitionRunner: Detection finished
04-23 09:10:11.251 31117 31162 W ErrorReporter: reportError [type: 211, code: 524300]: Error reading from input stream
04-23 09:10:11.251 31117 31165 I MicroRecognitionRunner: Stopping hotword detection.
04-23 09:10:11.251 31117 31162 W ErrorProcessor: onFatalError, processing error from engine(4)
04-23 09:10:11.251 31117 31162 W ErrorProcessor: com.google.android.apps.gsa.shared.speech.b.g: Error reading from input stream
04-23 09:10:11.251 31117 31162 W ErrorProcessor: 	at com.google.android.apps.gsa.staticplugins.recognizer.j.a.a(SourceFile:28)
04-23 09:10:11.251 31117 31162 W ErrorProcessor: 	at com.google.android.apps.gsa.staticplugins.recognizer.j.b.run(SourceFile:15)
04-23 09:10:11.251 31117 31162 W ErrorProcessor: 	at java.util.concurrent.Executors$RunnableAdapter.call(Executors.java:457)
04-23 09:10:11.251 31117 31162 W ErrorProcessor: 	at java.util.concurrent.FutureTask.run(FutureTask.java:266)
04-23 09:10:11.251 31117 31162 W ErrorProcessor: 	at com.google.android.apps.gsa.shared.util.concurrent.a.ax.run(SourceFile:14)
04-23 09:10:11.251 31117 31162 W ErrorProcessor: 	at com.google.android.apps.gsa.shared.util.concurrent.a.bl.run(SourceFile:4)
04-23 09:10:11.251 31117 31162 W ErrorProcessor: 	at com.google.android.apps.gsa.shared.util.concurrent.a.bl.run(SourceFile:4)
04-23 09:10:11.251 31117 31162 W ErrorProcessor: 	at java.util.concurrent.ThreadPoolExecutor.runWorker(ThreadPoolExecutor.java:1162)
04-23 09:10:11.251 31117 31162 W ErrorProcessor: 	at java.util.concurrent.ThreadPoolExecutor$Worker.run(ThreadPoolExecutor.java:636)
04-23 09:10:11.251 31117 31162 W ErrorProcessor: 	at java.lang.Thread.run(Thread.java:764)
04-23 09:10:11.251 31117 31162 W ErrorProcessor: 	at com.google.android.apps.gsa.shared.util.concurrent.a.ai.run(SourceFile:6)
04-23 09:10:11.251 31117 31162 W ErrorProcessor: Caused by: com.google.android.apps.gsa.shared.exception.GsaIOException: Error code: 393238 | Buffer overflow, no available space.
04-23 09:10:11.251 31117 31162 W ErrorProcessor: 	at com.google.android.apps.gsa.speech.audio.Tee.f(SourceFile:103)
04-23 09:10:11.251 31117 31162 W ErrorProcessor: 	at com.google.android.apps.gsa.speech.audio.au.read(SourceFile:2)
04-23 09:10:11.251 31117 31162 W ErrorProcessor: 	at java.io.InputStream.read(InputStream.java:101)
04-23 09:10:11.251 31117 31162 W ErrorProcessor: 	at com.google.android.apps.gsa.speech.audio.ao.run(SourceFile:18)
04-23 09:10:11.251 31117 31162 W ErrorProcessor: 	at com.google.android.apps.gsa.speech.audio.an.run(SourceFile:2)
04-23 09:10:11.251 31117 31162 W ErrorProcessor: 	... 9 more
04-23 09:10:11.251 31117 31162 I AudioController: internalShutdown
04-23 09:10:11.254 31117 31117 I MicroDetector: Keeping mic open: false
04-23 09:10:11.254 31117 31473 I DeviceStateChecker: DeviceStateChecker cancelled
04-23 09:10:11.254 31117 31117 I MicroDetectionWorker: #onError(false)
04-23 09:10:16.263 31117 31117 I MicroDetectionWorker: #updateMicroDetector [detectionMode: [mDetectionMode: [1]]]
04-23 09:10:16.263 31117 31117 I MicroDetectionWorker: #startMicroDetector [speakerMode: 0]
04-23 09:10:16.264 31117 31117 I AudioController: Using mInputStreamFactoryBuilder
04-23 09:10:16.267 31117 31117 I MicroDetectionWorker: onReady
04-23 09:10:16.271 31117 31473 I MicroRecognitionRunner: Starting detection.
04-23 09:10:16.273 31117 31753 I MicrophoneInputStream: mic_starting com.google.android.apps.gsa.staticplugins.aa.c@2d88632
04-23 09:10:16.275  1523   751 I AudioFlinger: AudioFlinger's thread 0xad783500 tid=751 ready to run
04-23 09:10:16.276  1523  9290 W ServiceManager: Permission failure: android.permission.RECORD_AUDIO from uid=10030 pid=-1
04-23 09:10:16.276  1523  9290 E         : Request requires android.permission.RECORD_AUDIO
04-23 09:10:16.276  1523  9290 E AudioFlinger: openRecord() permission denied: recording not allowed
04-23 09:10:16.277 31117 31753 E AudioRecord: AudioFlinger could not create record track, status: -1
04-23 09:10:16.280 31117 31753 E AudioRecord-JNI: Error creating AudioRecord instance: initialization check failed with status -1.
04-23 09:10:16.280 31117 31753 E android.media.AudioRecord: Error code -20 when initializing native AudioRecord object.
04-23 09:10:16.280 31117 31753 I MicrophoneInputStream: mic_started com.google.android.apps.gsa.staticplugins.aa.c@2d88632
04-23 09:10:16.281 31117 31117 I MicroDetectionWorker: onReady
04-23 09:10:16.286 31117 31753 I MicrophoneInputStream: mic_close com.google.android.apps.gsa.staticplugins.aa.c@2d88632
04-23 09:10:16.286 31117 31473 I MicroRecognitionRunner: Detection finished
04-23 09:10:16.286 31117 31473 W ErrorReporter: reportError [type: 211, code: 524300]: Error reading from input stream
04-23 09:10:16.287 31117 31165 I MicroRecognitionRunner: Stopping hotword detection.
04-23 09:10:16.287 31117 31473 W ErrorProcessor: onFatalError, processing error from engine(4)
04-23 09:10:16.287 31117 31473 W ErrorProcessor: com.google.android.apps.gsa.shared.speech.b.g: Error reading from input stream
04-23 09:10:16.287 31117 31473 W ErrorProcessor: 	at com.google.android.apps.gsa.staticplugins.recognizer.j.a.a(SourceFile:28)
04-23 09:10:16.287 31117 31473 W ErrorProcessor: 	at com.google.android.apps.gsa.staticplugins.recognizer.j.b.run(SourceFile:15)
04-23 09:10:16.287 31117 31473 W ErrorProcessor: 	at java.util.concurrent.Executors$RunnableAdapter.call(Executors.java:457)
04-23 09:10:16.287 31117 31473 W ErrorProcessor: 	at java.util.concurrent.FutureTask.run(FutureTask.java:266)
04-23 09:10:16.287 31117 31473 W ErrorProcessor: 	at com.google.android.apps.gsa.shared.util.concurrent.a.ax.run(SourceFile:14)
04-23 09:10:16.287 31117 31473 W ErrorProcessor: 	at com.google.android.apps.gsa.shared.util.concurrent.a.bl.run(SourceFile:4)
04-23 09:10:16.287 31117 31473 W ErrorProcessor: 	at com.google.android.apps.gsa.shared.util.concurrent.a.bl.run(SourceFile:4)
04-23 09:10:16.287 31117 31473 W ErrorProcessor: 	at java.util.concurrent.ThreadPoolExecutor.runWorker(ThreadPoolExecutor.java:1162)
04-23 09:10:16.287 31117 31473 W ErrorProcessor: 	at java.util.concurrent.ThreadPoolExecutor$Worker.run(ThreadPoolExecutor.java:636)
04-23 09:10:16.287 31117 31473 W ErrorProcessor: 	at java.lang.Thread.run(Thread.java:764)
04-23 09:10:16.287 31117 31473 W ErrorProcessor: 	at com.google.android.apps.gsa.shared.util.concurrent.a.ai.run(SourceFile:6)
04-23 09:10:16.287 31117 31473 W ErrorProcessor: Caused by: com.google.android.apps.gsa.shared.exception.GsaIOException: Error code: 393238 | Buffer overflow, no available space.
04-23 09:10:16.287 31117 31473 W ErrorProcessor: 	at com.google.android.apps.gsa.speech.audio.Tee.f(SourceFile:103)
04-23 09:10:16.287 31117 31473 W ErrorProcessor: 	at com.google.android.apps.gsa.speech.audio.au.read(SourceFile:2)
04-23 09:10:16.287 31117 31473 W ErrorProcessor: 	at java.io.InputStream.read(InputStream.java:101)
04-23 09:10:16.287 31117 31473 W ErrorProcessor: 	at com.google.android.apps.gsa.speech.audio.ao.run(SourceFile:18)
04-23 09:10:16.287 31117 31473 W ErrorProcessor: 	at com.google.android.apps.gsa.speech.audio.an.run(SourceFile:2)
04-23 09:10:16.287 31117 31473 W ErrorProcessor: 	... 9 more
04-23 09:10:16.287 31117 31473 I AudioController: internalShutdown
04-23 09:10:16.288 31117 31117 I MicroDetector: Keeping mic open: false
04-23 09:10:16.288 31117 31117 I MicroDetectionWorker: #onError(false)
04-23 09:10:16.289 31117 31472 I DeviceStateChecker: DeviceStateChecker cancelled
04-23 09:10:17.365  1674  1696 E memtrack: Couldn't load memtrack module
04-23 09:10:17.365  1674  1696 W android.os.Debug: failed to get memory consumption info: -1
04-23 09:10:20.365  1674  1696 E memtrack: Couldn't load memtrack module
04-23 09:10:20.365  1674  1696 W android.os.Debug: failed to get memory consumption info: -1
04-23 09:10:21.295 31117 31117 I MicroDetectionWorker: #updateMicroDetector [detectionMode: [mDetectionMode: [1]]]
04-23 09:10:21.296 31117 31117 I MicroDetectionWorker: #startMicroDetector [speakerMode: 0]
04-23 09:10:21.296 31117 31117 I AudioController: Using mInputStreamFactoryBuilder
04-23 09:10:21.297 31117 31117 I MicroDetectionWorker: onReady
04-23 09:10:21.299 31117 31472 I MicroRecognitionRunner: Starting detection.
04-23 09:10:21.300 31117 31753 I MicrophoneInputStream: mic_starting com.google.android.apps.gsa.staticplugins.aa.c@378a418
04-23 09:10:21.303  1523   755 I AudioFlinger: AudioFlinger's thread 0xad783100 tid=755 ready to run
04-23 09:10:21.304  1523  9290 W ServiceManager: Permission failure: android.permission.RECORD_AUDIO from uid=10030 pid=-1
04-23 09:10:21.304  1523  9290 E         : Request requires android.permission.RECORD_AUDIO
04-23 09:10:21.304  1523  9290 E AudioFlinger: openRecord() permission denied: recording not allowed
04-23 09:10:21.304 31117 31753 E AudioRecord: AudioFlinger could not create record track, status: -1
04-23 09:10:21.308 31117 31753 E AudioRecord-JNI: Error creating AudioRecord instance: initialization check failed with status -1.
04-23 09:10:21.308 31117 31753 E android.media.AudioRecord: Error code -20 when initializing native AudioRecord object.
04-23 09:10:21.308 31117 31753 I MicrophoneInputStream: mic_started com.google.android.apps.gsa.staticplugins.aa.c@378a418
04-23 09:10:21.308 31117 31117 I MicroDetectionWorker: onReady
04-23 09:10:21.316 31117 31753 I MicrophoneInputStream: mic_close com.google.android.apps.gsa.staticplugins.aa.c@378a418
04-23 09:10:21.316 31117 31472 I MicroRecognitionRunner: Detection finished
04-23 09:10:21.316 31117 31472 W ErrorReporter: reportError [type: 211, code: 524300]: Error reading from input stream
04-23 09:10:21.317 31117 31165 I MicroRecognitionRunner: Stopping hotword detection.
04-23 09:10:21.317 31117 31472 W ErrorProcessor: onFatalError, processing error from engine(4)
04-23 09:10:21.317 31117 31472 W ErrorProcessor: com.google.android.apps.gsa.shared.speech.b.g: Error reading from input stream
04-23 09:10:21.317 31117 31472 W ErrorProcessor: 	at com.google.android.apps.gsa.staticplugins.recognizer.j.a.a(SourceFile:28)
04-23 09:10:21.317 31117 31472 W ErrorProcessor: 	at com.google.android.apps.gsa.staticplugins.recognizer.j.b.run(SourceFile:15)
04-23 09:10:21.317 31117 31472 W ErrorProcessor: 	at java.util.concurrent.Executors$RunnableAdapter.call(Executors.java:457)
04-23 09:10:21.317 31117 31472 W ErrorProcessor: 	at java.util.concurrent.FutureTask.run(FutureTask.java:266)
04-23 09:10:21.317 31117 31472 W ErrorProcessor: 	at com.google.android.apps.gsa.shared.util.concurrent.a.ax.run(SourceFile:14)
04-23 09:10:21.317 31117 31472 W ErrorProcessor: 	at com.google.android.apps.gsa.shared.util.concurrent.a.bl.run(SourceFile:4)
04-23 09:10:21.317 31117 31472 W ErrorProcessor: 	at com.google.android.apps.gsa.shared.util.concurrent.a.bl.run(SourceFile:4)
04-23 09:10:21.317 31117 31472 W ErrorProcessor: 	at java.util.concurrent.ThreadPoolExecutor.runWorker(ThreadPoolExecutor.java:1162)
04-23 09:10:21.317 31117 31472 W ErrorProcessor: 	at java.util.concurrent.ThreadPoolExecutor$Worker.run(ThreadPoolExecutor.java:636)
04-23 09:10:21.317 31117 31472 W ErrorProcessor: 	at java.lang.Thread.run(Thread.java:764)
04-23 09:10:21.317 31117 31472 W ErrorProcessor: 	at com.google.android.apps.gsa.shared.util.concurrent.a.ai.run(SourceFile:6)
04-23 09:10:21.317 31117 31472 W ErrorProcessor: Caused by: com.google.android.apps.gsa.shared.exception.GsaIOException: Error code: 393238 | Buffer overflow, no available space.
04-23 09:10:21.317 31117 31472 W ErrorProcessor: 	at com.google.android.apps.gsa.speech.audio.Tee.f(SourceFile:103)
04-23 09:10:21.317 31117 31472 W ErrorProcessor: 	at com.google.android.apps.gsa.speech.audio.au.read(SourceFile:2)
04-23 09:10:21.317 31117 31472 W ErrorProcessor: 	at java.io.InputStream.read(InputStream.java:101)
04-23 09:10:21.317 31117 31472 W ErrorProcessor: 	at com.google.android.apps.gsa.speech.audio.ao.run(SourceFile:18)
04-23 09:10:21.317 31117 31472 W ErrorProcessor: 	at com.google.android.apps.gsa.speech.audio.an.run(SourceFile:2)
04-23 09:10:21.317 31117 31472 W ErrorProcessor: 	... 9 more
04-23 09:10:21.317 31117 31472 I AudioController: internalShutdown
04-23 09:10:21.321 31117 31117 I MicroDetector: Keeping mic open: false
04-23 09:10:21.321 31117 31162 I DeviceStateChecker: DeviceStateChecker cancelled
04-23 09:10:21.321 31117 31117 I MicroDetectionWorker: #onError(false)
04-23 09:10:26.326 31117 31117 I MicroDetectionWorker: #updateMicroDetector [detectionMode: [mDetectionMode: [1]]]
04-23 09:10:26.326 31117 31117 I MicroDetectionWorker: #startMicroDetector [speakerMode: 0]
04-23 09:10:26.326 31117 31117 I AudioController: Using mInputStreamFactoryBuilder
04-23 09:10:26.328 31117 31117 I MicroDetectionWorker: onReady
04-23 09:10:26.330 31117 31162 I MicroRecognitionRunner: Starting detection.
04-23 09:10:26.330 31117 31753 I MicrophoneInputStream: mic_starting com.google.android.apps.gsa.staticplugins.aa.c@34b182e
04-23 09:10:26.334  1523   768 I AudioFlinger: AudioFlinger's thread 0xad783400 tid=768 ready to run
04-23 09:10:26.334  1523 15704 W ServiceManager: Permission failure: android.permission.RECORD_AUDIO from uid=10030 pid=-1
04-23 09:10:26.335  1523 15704 E         : Request requires android.permission.RECORD_AUDIO
04-23 09:10:26.335  1523 15704 E AudioFlinger: openRecord() permission denied: recording not allowed
04-23 09:10:26.335 31117 31753 E AudioRecord: AudioFlinger could not create record track, status: -1
04-23 09:10:26.336 31117 31753 E AudioRecord-JNI: Error creating AudioRecord instance: initialization check failed with status -1.
04-23 09:10:26.336 31117 31753 E android.media.AudioRecord: Error code -20 when initializing native AudioRecord object.
04-23 09:10:26.337 31117 31753 I MicrophoneInputStream: mic_started com.google.android.apps.gsa.staticplugins.aa.c@34b182e
04-23 09:10:26.338 31117 31117 I MicroDetectionWorker: onReady
04-23 09:10:26.340 31117 31753 I MicrophoneInputStream: mic_close com.google.android.apps.gsa.staticplugins.aa.c@34b182e
04-23 09:10:26.340 31117 31162 I MicroRecognitionRunner: Detection finished
04-23 09:10:26.341 31117 31162 W ErrorReporter: reportError [type: 211, code: 524300]: Error reading from input stream
04-23 09:10:26.341 31117 31165 I MicroRecognitionRunner: Stopping hotword detection.
04-23 09:10:26.341 31117 31162 W ErrorProcessor: onFatalError, processing error from engine(4)
04-23 09:10:26.341 31117 31162 W ErrorProcessor: com.google.android.apps.gsa.shared.speech.b.g: Error reading from input stream
04-23 09:10:26.341 31117 31162 W ErrorProcessor: 	at com.google.android.apps.gsa.staticplugins.recognizer.j.a.a(SourceFile:28)
04-23 09:10:26.341 31117 31162 W ErrorProcessor: 	at com.google.android.apps.gsa.staticplugins.recognizer.j.b.run(SourceFile:15)
04-23 09:10:26.341 31117 31162 W ErrorProcessor: 	at java.util.concurrent.Executors$RunnableAdapter.call(Executors.java:457)
04-23 09:10:26.341 31117 31162 W ErrorProcessor: 	at java.util.concurrent.FutureTask.run(FutureTask.java:266)
04-23 09:10:26.341 31117 31162 W ErrorProcessor: 	at com.google.android.apps.gsa.shared.util.concurrent.a.ax.run(SourceFile:14)
04-23 09:10:26.341 31117 31162 W ErrorProcessor: 	at com.google.android.apps.gsa.shared.util.concurrent.a.bl.run(SourceFile:4)
04-23 09:10:26.341 31117 31162 W ErrorProcessor: 	at com.google.android.apps.gsa.shared.util.concurrent.a.bl.run(SourceFile:4)
04-23 09:10:26.341 31117 31162 W ErrorProcessor: 	at java.util.concurrent.ThreadPoolExecutor.runWorker(ThreadPoolExecutor.java:1162)
04-23 09:10:26.341 31117 31162 W ErrorProcessor: 	at java.util.concurrent.ThreadPoolExecutor$Worker.run(ThreadPoolExecutor.java:636)
04-23 09:10:26.341 31117 31162 W ErrorProcessor: 	at java.lang.Thread.run(Thread.java:764)
04-23 09:10:26.341 31117 31162 W ErrorProcessor: 	at com.google.android.apps.gsa.shared.util.concurrent.a.ai.run(SourceFile:6)
04-23 09:10:26.341 31117 31162 W ErrorProcessor: Caused by: com.google.android.apps.gsa.shared.exception.GsaIOException: Error code: 393238 | Buffer overflow, no available space.
04-23 09:10:26.341 31117 31162 W ErrorProcessor: 	at com.google.android.apps.gsa.speech.audio.Tee.f(SourceFile:103)
04-23 09:10:26.341 31117 31162 W ErrorProcessor: 	at com.google.android.apps.gsa.speech.audio.au.read(SourceFile:2)
04-23 09:10:26.341 31117 31162 W ErrorProcessor: 	at java.io.InputStream.read(InputStream.java:101)
04-23 09:10:26.341 31117 31162 W ErrorProcessor: 	at com.google.android.apps.gsa.speech.audio.ao.run(SourceFile:18)
04-23 09:10:26.341 31117 31162 W ErrorProcessor: 	at com.google.android.apps.gsa.speech.audio.an.run(SourceFile:2)
04-23 09:10:26.341 31117 31162 W ErrorProcessor: 	... 9 more
04-23 09:10:26.341 31117 31162 I AudioController: internalShutdown
04-23 09:10:26.343 31117 31117 I MicroDetector: Keeping mic open: false
04-23 09:10:26.343 31117 31117 I MicroDetectionWorker: #onError(false)
04-23 09:10:26.344 31117 31472 I DeviceStateChecker: DeviceStateChecker cancelled
04-23 09:10:30.040  2101 23557 I Places  : Converted 0 out of 1 WiFi scans
04-23 09:10:30.045  2101 23311 I LogUtils: [Places]: ?: Couldn't find platform key file. [CONTEXT service_id=253 ]
04-23 09:10:30.045  2101 31906 I LogUtils: [Places]: ?: Couldn't find platform key file. [CONTEXT service_id=253 ]
04-23 09:10:30.046  2101 22886 I LogUtils: [Places]: ?: Couldn't find platform key file. [CONTEXT service_id=253 ]
04-23 09:10:30.049  2101 22886 I LogUtils: [Places]: ?: Couldn't find platform key file. [CONTEXT service_id=253 ]
04-23 09:10:30.050  2101 23311 I PlacesLogger: [PlaceInferenceEngine]: No beacon scan available - ignoring candidates. [CONTEXT service_id=253 ]
04-23 09:10:30.059  2101 31906 I LogUtils: [Places]: ?: Couldn't find platform key file. [CONTEXT service_id=253 ]
04-23 09:10:31.351 31117 31117 I MicroDetectionWorker: #updateMicroDetector [detectionMode: [mDetectionMode: [1]]]
04-23 09:10:31.351 31117 31117 I MicroDetectionWorker: #startMicroDetector [speakerMode: 0]
04-23 09:10:31.352 31117 31117 I AudioController: Using mInputStreamFactoryBuilder
04-23 09:10:31.358 31117 31117 I MicroDetectionWorker: onReady
04-23 09:10:31.360 31117 31472 I MicroRecognitionRunner: Starting detection.
04-23 09:10:31.363 31117 31753 I MicrophoneInputStream: mic_starting com.google.android.apps.gsa.staticplugins.aa.c@df34bf4
04-23 09:10:31.391  1523   775 I AudioFlinger: AudioFlinger's thread 0xadf83e40 tid=775 ready to run
04-23 09:10:31.393  1523 15704 W ServiceManager: Permission failure: android.permission.RECORD_AUDIO from uid=10030 pid=-1
04-23 09:10:31.394  1523 15704 E         : Request requires android.permission.RECORD_AUDIO
04-23 09:10:31.394  1523 15704 E AudioFlinger: openRecord() permission denied: recording not allowed
04-23 09:10:31.394 31117 31753 E AudioRecord: AudioFlinger could not create record track, status: -1
04-23 09:10:31.397 31117 31753 E AudioRecord-JNI: Error creating AudioRecord instance: initialization check failed with status -1.
04-23 09:10:31.397 31117 31753 E android.media.AudioRecord: Error code -20 when initializing native AudioRecord object.
04-23 09:10:31.397 31117 31753 I MicrophoneInputStream: mic_started com.google.android.apps.gsa.staticplugins.aa.c@df34bf4
04-23 09:10:31.399 31117 31117 I MicroDetectionWorker: onReady
04-23 09:10:31.407 31117 31472 I MicroRecognitionRunner: Detection finished
04-23 09:10:31.408 31117 31472 W ErrorReporter: reportError [type: 211, code: 524300]: Error reading from input stream
04-23 09:10:31.407 31117 31753 I MicrophoneInputStream: mic_close com.google.android.apps.gsa.staticplugins.aa.c@df34bf4
04-23 09:10:31.408 31117 31165 I MicroRecognitionRunner: Stopping hotword detection.
04-23 09:10:31.408 31117 31472 W ErrorProcessor: onFatalError, processing error from engine(4)
04-23 09:10:31.408 31117 31472 W ErrorProcessor: com.google.android.apps.gsa.shared.speech.b.g: Error reading from input stream
04-23 09:10:31.408 31117 31472 W ErrorProcessor: 	at com.google.android.apps.gsa.staticplugins.recognizer.j.a.a(SourceFile:28)
04-23 09:10:31.408 31117 31472 W ErrorProcessor: 	at com.google.android.apps.gsa.staticplugins.recognizer.j.b.run(SourceFile:15)
04-23 09:10:31.408 31117 31472 W ErrorProcessor: 	at java.util.concurrent.Executors$RunnableAdapter.call(Executors.java:457)
04-23 09:10:31.408 31117 31472 W ErrorProcessor: 	at java.util.concurrent.FutureTask.run(FutureTask.java:266)
04-23 09:10:31.408 31117 31472 W ErrorProcessor: 	at com.google.android.apps.gsa.shared.util.concurrent.a.ax.run(SourceFile:14)
04-23 09:10:31.408 31117 31472 W ErrorProcessor: 	at com.google.android.apps.gsa.shared.util.concurrent.a.bl.run(SourceFile:4)
04-23 09:10:31.408 31117 31472 W ErrorProcessor: 	at com.google.android.apps.gsa.shared.util.concurrent.a.bl.run(SourceFile:4)
04-23 09:10:31.408 31117 31472 W ErrorProcessor: 	at java.util.concurrent.ThreadPoolExecutor.runWorker(ThreadPoolExecutor.java:1162)
04-23 09:10:31.408 31117 31472 W ErrorProcessor: 	at java.util.concurrent.ThreadPoolExecutor$Worker.run(ThreadPoolExecutor.java:636)
04-23 09:10:31.408 31117 31472 W ErrorProcessor: 	at java.lang.Thread.run(Thread.java:764)
04-23 09:10:31.408 31117 31472 W ErrorProcessor: 	at com.google.android.apps.gsa.shared.util.concurrent.a.ai.run(SourceFile:6)
04-23 09:10:31.408 31117 31472 W ErrorProcessor: Caused by: com.google.android.apps.gsa.shared.exception.GsaIOException: Error code: 393238 | Buffer overflow, no available space.
04-23 09:10:31.408 31117 31472 W ErrorProcessor: 	at com.google.android.apps.gsa.speech.audio.Tee.f(SourceFile:103)
04-23 09:10:31.408 31117 31472 W ErrorProcessor: 	at com.google.android.apps.gsa.speech.audio.au.read(SourceFile:2)
04-23 09:10:31.408 31117 31472 W ErrorProcessor: 	at java.io.InputStream.read(InputStream.java:101)
04-23 09:10:31.408 31117 31472 W ErrorProcessor: 	at com.google.android.apps.gsa.speech.audio.ao.run(SourceFile:18)
04-23 09:10:31.408 31117 31472 W ErrorProcessor: 	at com.google.android.apps.gsa.speech.audio.an.run(SourceFile:2)
04-23 09:10:31.408 31117 31472 W ErrorProcessor: 	... 9 more
04-23 09:10:31.408 31117 31472 I AudioController: internalShutdown
04-23 09:10:31.412 31117 31117 I MicroDetector: Keeping mic open: false
04-23 09:10:31.412 31117 31162 I DeviceStateChecker: DeviceStateChecker cancelled
04-23 09:10:31.412 31117 31117 I MicroDetectionWorker: #onError(false)
04-23 09:10:36.418 31117 31117 I MicroDetectionWorker: #updateMicroDetector [detectionMode: [mDetectionMode: [1]]]
04-23 09:10:36.418 31117 31117 I MicroDetectionWorker: #startMicroDetector [speakerMode: 0]
04-23 09:10:36.418 31117 31117 I AudioController: Using mInputStreamFactoryBuilder
04-23 09:10:36.420 31117 31117 I MicroDetectionWorker: onReady
04-23 09:10:36.422 31117 31162 I MicroRecognitionRunner: Starting detection.
04-23 09:10:36.422 31117 31753 I MicrophoneInputStream: mic_starting com.google.android.apps.gsa.staticplugins.aa.c@8a1b4ea
04-23 09:10:36.426  1523   788 I AudioFlinger: AudioFlinger's thread 0xadf83400 tid=788 ready to run
04-23 09:10:36.427  1523 15704 W ServiceManager: Permission failure: android.permission.RECORD_AUDIO from uid=10030 pid=-1
04-23 09:10:36.427  1523 15704 E         : Request requires android.permission.RECORD_AUDIO
04-23 09:10:36.427  1523 15704 E AudioFlinger: openRecord() permission denied: recording not allowed
04-23 09:10:36.428 31117 31753 E AudioRecord: AudioFlinger could not create record track, status: -1
04-23 09:10:36.432 31117 31753 E AudioRecord-JNI: Error creating AudioRecord instance: initialization check failed with status -1.
04-23 09:10:36.432 31117 31753 E android.media.AudioRecord: Error code -20 when initializing native AudioRecord object.
04-23 09:10:36.432 31117 31753 I MicrophoneInputStream: mic_started com.google.android.apps.gsa.staticplugins.aa.c@8a1b4ea
04-23 09:10:36.433 31117 31117 I MicroDetectionWorker: onReady
04-23 09:10:36.435 31117 31753 I MicrophoneInputStream: mic_close com.google.android.apps.gsa.staticplugins.aa.c@8a1b4ea
04-23 09:10:36.436 31117 31162 I MicroRecognitionRunner: Detection finished
04-23 09:10:36.436 31117 31162 W ErrorReporter: reportError [type: 211, code: 524300]: Error reading from input stream
04-23 09:10:36.436 31117 31165 I MicroRecognitionRunner: Stopping hotword detection.
04-23 09:10:36.436 31117 31162 W ErrorProcessor: onFatalError, processing error from engine(4)
04-23 09:10:36.436 31117 31162 W ErrorProcessor: com.google.android.apps.gsa.shared.speech.b.g: Error reading from input stream
04-23 09:10:36.436 31117 31162 W ErrorProcessor: 	at com.google.android.apps.gsa.staticplugins.recognizer.j.a.a(SourceFile:28)
04-23 09:10:36.436 31117 31162 W ErrorProcessor: 	at com.google.android.apps.gsa.staticplugins.recognizer.j.b.run(SourceFile:15)
04-23 09:10:36.436 31117 31162 W ErrorProcessor: 	at java.util.concurrent.Executors$RunnableAdapter.call(Executors.java:457)
04-23 09:10:36.436 31117 31162 W ErrorProcessor: 	at java.util.concurrent.FutureTask.run(FutureTask.java:266)
04-23 09:10:36.436 31117 31162 W ErrorProcessor: 	at com.google.android.apps.gsa.shared.util.concurrent.a.ax.run(SourceFile:14)
04-23 09:10:36.436 31117 31162 W ErrorProcessor: 	at com.google.android.apps.gsa.shared.util.concurrent.a.bl.run(SourceFile:4)
04-23 09:10:36.436 31117 31162 W ErrorProcessor: 	at com.google.android.apps.gsa.shared.util.concurrent.a.bl.run(SourceFile:4)
04-23 09:10:36.436 31117 31162 W ErrorProcessor: 	at java.util.concurrent.ThreadPoolExecutor.runWorker(ThreadPoolExecutor.java:1162)
04-23 09:10:36.436 31117 31162 W ErrorProcessor: 	at java.util.concurrent.ThreadPoolExecutor$Worker.run(ThreadPoolExecutor.java:636)
04-23 09:10:36.436 31117 31162 W ErrorProcessor: 	at java.lang.Thread.run(Thread.java:764)
04-23 09:10:36.436 31117 31162 W ErrorProcessor: 	at com.google.android.apps.gsa.shared.util.concurrent.a.ai.run(SourceFile:6)
04-23 09:10:36.436 31117 31162 W ErrorProcessor: Caused by: com.google.android.apps.gsa.shared.exception.GsaIOException: Error code: 393238 | Buffer overflow, no available space.
04-23 09:10:36.436 31117 31162 W ErrorProcessor: 	at com.google.android.apps.gsa.speech.audio.Tee.f(SourceFile:103)
04-23 09:10:36.436 31117 31162 W ErrorProcessor: 	at com.google.android.apps.gsa.speech.audio.au.read(SourceFile:2)
04-23 09:10:36.436 31117 31162 W ErrorProcessor: 	at java.io.InputStream.read(InputStream.java:101)
04-23 09:10:36.436 31117 31162 W ErrorProcessor: 	at com.google.android.apps.gsa.speech.audio.ao.run(SourceFile:18)
04-23 09:10:36.436 31117 31162 W ErrorProcessor: 	at com.google.android.apps.gsa.speech.audio.an.run(SourceFile:2)
04-23 09:10:36.436 31117 31162 W ErrorProcessor: 	... 9 more
04-23 09:10:36.436 31117 31162 I AudioController: internalShutdown
04-23 09:10:36.438 31117 31117 I MicroDetector: Keeping mic open: false
04-23 09:10:36.438 31117 31117 I MicroDetectionWorker: #onError(false)
04-23 09:10:36.438 31117 31473 I DeviceStateChecker: DeviceStateChecker cancelled
04-23 09:10:41.445 31117 31117 I MicroDetectionWorker: #updateMicroDetector [detectionMode: [mDetectionMode: [1]]]
04-23 09:10:41.445 31117 31117 I MicroDetectionWorker: #startMicroDetector [speakerMode: 0]
04-23 09:10:41.445 31117 31117 I AudioController: Using mInputStreamFactoryBuilder
04-23 09:10:41.449 31117 31117 I MicroDetectionWorker: onReady
04-23 09:10:41.449 31117 31162 I MicroRecognitionRunner: Starting detection.
04-23 09:10:41.450 31117 31753 I MicrophoneInputStream: mic_starting com.google.android.apps.gsa.staticplugins.aa.c@f6a3490
04-23 09:10:41.453  1523   792 I AudioFlinger: AudioFlinger's thread 0xadf83700 tid=792 ready to run
