--------- beginning of system
04-23 07:23:11.072  1674  1698 D AutofillManagerService: onBackKeyPressed()
04-23 07:23:11.073  1674  5912 I ActivityManager: moveTaskToBack: TaskRecord{4076b21 #10 A=com.android.chrome U=0 StackId=1 sz=1}
04-23 07:23:11.425  2371 21907 E ActivityThread: Failed to find provider info for com.google.android.apps.gsa.testing.ui.audio.recorded
04-23 07:23:14.817  1674  1698 D AutofillManagerService: onBackKeyPressed()
04-23 07:23:16.464  2371 21907 E ActivityThread: Failed to find provider info for com.google.android.apps.gsa.testing.ui.audio.recorded
04-23 07:23:21.332  1674  1698 D AutofillManagerService: onBackKeyPressed()
04-23 07:23:21.487  2371 21907 E ActivityThread: Failed to find provider info for com.google.android.apps.gsa.testing.ui.audio.recorded
04-23 07:23:24.730  1674  1700 E BatteryStatsService: modem info is invalid: ModemActivityInfo{ mTimestamp=0 mSleepTimeMs=0 mIdleTimeMs=0 mTxTimeMs[]=[0, 0, 0, 0, 0] mRxTimeMs=0 mEnergyUsed=0}
04-23 07:23:26.518  2371 21907 E ActivityThread: Failed to find provider info for com.google.android.apps.gsa.testing.ui.audio.recorded
04-23 07:23:26.945  1674  1698 D AutofillManagerService: onBackKeyPressed()
04-23 07:23:30.068  1674  1698 D AutofillManagerService: onBackKeyPressed()
04-23 07:23:31.546  2371 21907 E ActivityThread: Failed to find provider info for com.google.android.apps.gsa.testing.ui.audio.recorded
04-23 07:23:34.842  1674  1698 D AutofillManagerService: onBackKeyPressed()
04-23 07:23:36.377  1674  1698 D AutofillManagerService: onBackKeyPressed()
04-23 07:23:36.578  2371 21907 E ActivityThread: Failed to find provider info for com.google.android.apps.gsa.testing.ui.audio.recorded
04-23 07:25:12.125  2371 21907 I chatty  : uid=10030(u0_a30) com.google.android.googlequicksearchbox:search identical 19 lines
04-23 07:25:17.147  2371 21907 E ActivityThread: Failed to find provider info for com.google.android.apps.gsa.testing.ui.audio.recorded
04-23 07:25:17.558  1674  2508 I ActivityManager: START u0 {act=android.intent.action.MAIN cat=[android.intent.category.LAUNCHER] flg=0x10200000 cmp=com.dreamsecurity.xsignwebpluginsamplekt/.MainActivity bnds=[849,245][1056,523]} from uid 10022
04-23 07:25:22.044  1674  1698 D AutofillManagerService: onBackKeyPressed()
04-23 07:25:22.351  2371 22885 E ActivityThread: Failed to find provider info for com.google.android.apps.gsa.testing.ui.audio.recorded
04-23 07:25:24.714  1674  2489 I ActivityManager: START u0 {act=android.intent.action.MAIN cat=[android.intent.category.LAUNCHER] flg=0x10200000 cmp=com.google.android.deskclock/com.android.deskclock.DeskClock bnds=[437,245][643,523]} from uid 10022
04-23 07:27:42.575  1674  1696 I UsageStatsService: User[0] Flushing usage stats to disk
04-23 07:30:08.529  1674  1700 E BatteryStatsService: modem info is invalid: ModemActivityInfo{ mTimestamp=0 mSleepTimeMs=0 mIdleTimeMs=0 mTxTimeMs[]=[0, 0, 0, 0, 0] mRxTimeMs=0 mEnergyUsed=0}
04-23 07:30:21.655  1674  2468 W AlarmManager: Window length 3074457345618258602ms suspiciously long; limiting to 1 hour
04-23 07:31:34.780  1674  1698 D AutofillManagerService: onBackKeyPressed()
04-23 07:31:35.013  2371 23300 E ActivityThread: Failed to find provider info for com.google.android.apps.gsa.testing.ui.audio.recorded
04-23 07:31:38.177  1674  2468 I ActivityManager: START u0 {act=android.intent.action.MAIN cat=[android.intent.category.LAUNCHER] flg=0x10200000 cmp=com.dreamsecurity.xsignwebpluginsamplekt/.MainActivity bnds=[849,245][1056,523]} from uid 10022
04-23 07:31:40.735  1674  1698 D AutofillManagerService: onBackKeyPressed()
04-23 07:31:41.600  1674  1698 D AutofillManagerService: onBackKeyPressed()
04-23 07:31:41.749  2371 23320 E ActivityThread: Failed to find provider info for com.google.android.apps.gsa.testing.ui.audio.recorded
04-23 07:31:43.611  1674  1702 W RemoteFillService: Not handling { when=-5ms what=3 target=com.android.internal.os.HandlerCaller$MyHandler } as service for ComponentInfo{com.google.android.gms/com.google.android.gms.autofill.service.AutofillService} is already destroyed
04-23 07:31:45.682  1674  1826 I ActivityManager: START u0 {act=android.intent.action.MAIN cat=[android.intent.category.LAUNCHER] flg=0x10200000 cmp=com.google.android.deskclock/com.android.deskclock.DeskClock bnds=[437,245][643,523]} from uid 10022
04-23 07:31:47.794  1674  1698 D AutofillManagerService: onBackKeyPressed()
04-23 07:31:47.959  2371 23320 E ActivityThread: Failed to find provider info for com.google.android.apps.gsa.testing.ui.audio.recorded
04-23 07:33:33.514  2371 23320 I chatty  : uid=10030(u0_a30) com.google.android.googlequicksearchbox:search identical 21 lines
04-23 07:33:38.542  2371 23320 E ActivityThread: Failed to find provider info for com.google.android.apps.gsa.testing.ui.audio.recorded
04-23 07:33:39.691  1674  3551 I ActivityManager: START u0 {act=android.intent.action.MAIN cat=[android.intent.category.LAUNCHER] flg=0x10200000 cmp=com.dreamsecurity.xsignwebpluginsamplekt/.MainActivity bnds=[849,245][1056,523]} from uid 10022
04-23 07:33:45.111  1674  1702 W RemoteFillService: Not handling { when=-5ms what=3 target=com.android.internal.os.HandlerCaller$MyHandler } as service for ComponentInfo{com.google.android.gms/com.google.android.gms.autofill.service.AutofillService} is already destroyed
04-23 07:37:34.409  1674  1700 E KernelCpuSpeedReader: Failed to read cpu-freq: /sys/devices/system/cpu/cpu0/cpufreq/stats/time_in_state (No such file or directory)
04-23 07:37:34.410  1674  1700 E BatteryStatsService: modem info is invalid: ModemActivityInfo{ mTimestamp=0 mSleepTimeMs=0 mIdleTimeMs=0 mTxTimeMs[]=[0, 0, 0, 0, 0] mRxTimeMs=0 mEnergyUsed=0}
04-23 07:38:39.735  1674  1697 W BroadcastQueue: Background execution not allowed: receiving Intent { act=android.intent.action.DROPBOX_ENTRY_ADDED flg=0x10 (has extras) } to com.google.android.gms/.stats.service.DropBoxEntryAddedReceiver
04-23 07:38:39.735  1674  1697 W BroadcastQueue: Background execution not allowed: receiving Intent { act=android.intent.action.DROPBOX_ENTRY_ADDED flg=0x10 (has extras) } to com.google.android.gms/.chimera.GmsIntentOperationService$PersistentTrustedReceiver
04-23 07:39:48.509  1674  1700 E BatteryStatsService: modem info is invalid: ModemActivityInfo{ mTimestamp=0 mSleepTimeMs=0 mIdleTimeMs=0 mTxTimeMs[]=[0, 0, 0, 0, 0] mRxTimeMs=0 mEnergyUsed=0}
04-23 07:43:12.730  1674  1700 E BatteryStatsService: modem info is invalid: ModemActivityInfo{ mTimestamp=0 mSleepTimeMs=0 mIdleTimeMs=0 mTxTimeMs[]=[0, 0, 0, 0, 0] mRxTimeMs=0 mEnergyUsed=0}
04-23 07:47:42.676  1674  1696 I UsageStatsService: User[0] Flushing usage stats to disk
04-23 07:52:39.851  1674  1700 E BatteryStatsService: modem info is invalid: ModemActivityInfo{ mTimestamp=0 mSleepTimeMs=0 mIdleTimeMs=0 mTxTimeMs[]=[0, 0, 0, 0, 0] mRxTimeMs=0 mEnergyUsed=0}
04-23 08:00:13.706  1674  1698 D AutofillManagerService: onBackKeyPressed()
04-23 08:00:13.919  2371 25227 E ActivityThread: Failed to find provider info for com.google.android.apps.gsa.testing.ui.audio.recorded
04-23 08:01:34.394  2371 25227 I chatty  : uid=10030(u0_a30) com.google.android.googlequicksearchbox:search identical 16 lines
04-23 08:01:39.425  2371 25227 E ActivityThread: Failed to find provider info for com.google.android.apps.gsa.testing.ui.audio.recorded
04-23 08:01:43.969  1674  1700 E BatteryStatsService: modem info is invalid: ModemActivityInfo{ mTimestamp=0 mSleepTimeMs=0 mIdleTimeMs=0 mTxTimeMs[]=[0, 0, 0, 0, 0] mRxTimeMs=0 mEnergyUsed=0}
04-23 08:01:44.450  2371 25227 E ActivityThread: Failed to find provider info for com.google.android.apps.gsa.testing.ui.audio.recorded
04-23 08:04:55.450  2371 25227 I chatty  : uid=10030(u0_a30) com.google.android.googlequicksearchbox:search identical 38 lines
04-23 08:05:00.478  2371 25227 E ActivityThread: Failed to find provider info for com.google.android.apps.gsa.testing.ui.audio.recorded
04-23 08:05:05.267  1674  1953 I ActivityManager: START u0 {act=android.intent.action.MAIN cat=[android.intent.category.LAUNCHER] flg=0x10200000 cmp=com.dreamsecurity.xsignwebpluginsamplekt/.MainActivity bnds=[849,245][1056,523]} from uid 10022
04-23 08:05:08.236  1674  1698 D AutofillManagerService: onBackKeyPressed()
04-23 08:05:08.528  2371 25773 E ActivityThread: Failed to find provider info for com.google.android.apps.gsa.testing.ui.audio.recorded
04-23 08:05:10.664  1674  1702 W RemoteFillService: Not handling { when=-2ms what=3 target=com.android.internal.os.HandlerCaller$MyHandler } as service for ComponentInfo{com.google.android.gms/com.google.android.gms.autofill.service.AutofillService} is already destroyed
04-23 08:05:13.554  2371 25773 E ActivityThread: Failed to find provider info for com.google.android.apps.gsa.testing.ui.audio.recorded
04-23 08:06:54.121  2371 25773 I chatty  : uid=10030(u0_a30) com.google.android.googlequicksearchbox:search identical 20 lines
04-23 08:06:59.149  2371 25773 E ActivityThread: Failed to find provider info for com.google.android.apps.gsa.testing.ui.audio.recorded
04-23 08:07:01.790  1674  1700 E BatteryStatsService: modem info is invalid: ModemActivityInfo{ mTimestamp=0 mSleepTimeMs=0 mIdleTimeMs=0 mTxTimeMs[]=[0, 0, 0, 0, 0] mRxTimeMs=0 mEnergyUsed=0}
04-23 08:07:04.171  2371 25773 E ActivityThread: Failed to find provider info for com.google.android.apps.gsa.testing.ui.audio.recorded
04-23 08:07:29.335  2371 25773 I chatty  : uid=10030(u0_a30) com.google.android.googlequicksearchbox:search identical 5 lines
04-23 08:07:34.360  2371 25773 E ActivityThread: Failed to find provider info for com.google.android.apps.gsa.testing.ui.audio.recorded
04-23 08:07:34.407  1674  1700 E KernelCpuSpeedReader: Failed to read cpu-freq: /sys/devices/system/cpu/cpu0/cpufreq/stats/time_in_state (No such file or directory)
04-23 08:07:34.409  1674  1700 E BatteryStatsService: modem info is invalid: ModemActivityInfo{ mTimestamp=0 mSleepTimeMs=0 mIdleTimeMs=0 mTxTimeMs[]=[0, 0, 0, 0, 0] mRxTimeMs=0 mEnergyUsed=0}
04-23 08:07:38.923  1674  1674 I EntropyMixer: Added HW RNG output to entropy pool
04-23 08:07:38.923  1674  1674 I EntropyMixer: Writing entropy...
04-23 08:07:39.400  2371 25773 E ActivityThread: Failed to find provider info for com.google.android.apps.gsa.testing.ui.audio.recorded
04-23 08:07:41.953  1674  1696 I ProcessStatsService: Pruning old procstats: /data/system/procstats/state-2021-04-21-04-36-49.bin
04-23 08:07:42.823  1674  1696 I UsageStatsService: User[0] Flushing usage stats to disk
04-23 08:07:44.433  2371 25773 E ActivityThread: Failed to find provider info for com.google.android.apps.gsa.testing.ui.audio.recorded
04-23 08:07:49.461  2371 25773 I chatty  : uid=10030(u0_a30) com.google.android.googlequicksearchbox:search identical 1 line
04-23 08:07:54.490  2371 25773 E ActivityThread: Failed to find provider info for com.google.android.apps.gsa.testing.ui.audio.recorded
04-23 08:07:56.306  1674  1697 W BroadcastQueue: Background execution not allowed: receiving Intent { act=android.intent.action.DROPBOX_ENTRY_ADDED flg=0x10 (has extras) } to com.google.android.gms/.stats.service.DropBoxEntryAddedReceiver
04-23 08:07:56.306  1674  1697 W BroadcastQueue: Background execution not allowed: receiving Intent { act=android.intent.action.DROPBOX_ENTRY_ADDED flg=0x10 (has extras) } to com.google.android.gms/.chimera.GmsIntentOperationService$PersistentTrustedReceiver
04-23 08:07:59.558  2371 25773 E ActivityThread: Failed to find provider info for com.google.android.apps.gsa.testing.ui.audio.recorded
04-23 08:13:26.282  2371 25773 I chatty  : uid=10030(u0_a30) com.google.android.googlequicksearchbox:search identical 65 lines
04-23 08:13:31.308  2371 25773 E ActivityThread: Failed to find provider info for com.google.android.apps.gsa.testing.ui.audio.recorded
04-23 08:13:34.654  1674  1700 E BatteryStatsService: modem info is invalid: ModemActivityInfo{ mTimestamp=0 mSleepTimeMs=0 mIdleTimeMs=0 mTxTimeMs[]=[0, 0, 0, 0, 0] mRxTimeMs=0 mEnergyUsed=0}
04-23 08:13:36.342  2371 25773 E ActivityThread: Failed to find provider info for com.google.android.apps.gsa.testing.ui.audio.recorded
04-23 08:16:52.428  2371 25773 I chatty  : uid=10030(u0_a30) com.google.android.googlequicksearchbox:search identical 39 lines
04-23 08:16:57.457  2371 25773 E ActivityThread: Failed to find provider info for com.google.android.apps.gsa.testing.ui.audio.recorded
04-23 08:16:59.770  1674  1700 E BatteryStatsService: modem info is invalid: ModemActivityInfo{ mTimestamp=0 mSleepTimeMs=0 mIdleTimeMs=0 mTxTimeMs[]=[0, 0, 0, 0, 0] mRxTimeMs=0 mEnergyUsed=0}
04-23 08:17:02.484  2371 25773 E ActivityThread: Failed to find provider info for com.google.android.apps.gsa.testing.ui.audio.recorded
04-23 08:22:59.425  2371 25773 I chatty  : uid=10030(u0_a30) com.google.android.googlequicksearchbox:search identical 71 lines
04-23 08:23:04.452  2371 25773 E ActivityThread: Failed to find provider info for com.google.android.apps.gsa.testing.ui.audio.recorded
04-23 08:23:09.349  1674  1700 E BatteryStatsService: modem info is invalid: ModemActivityInfo{ mTimestamp=0 mSleepTimeMs=0 mIdleTimeMs=0 mTxTimeMs[]=[0, 0, 0, 0, 0] mRxTimeMs=0 mEnergyUsed=0}
04-23 08:23:09.493  2371 25773 E ActivityThread: Failed to find provider info for com.google.android.apps.gsa.testing.ui.audio.recorded
04-23 08:27:36.122  2371 25773 I chatty  : uid=10030(u0_a30) com.google.android.googlequicksearchbox:search identical 53 lines
04-23 08:27:41.148  2371 25773 E ActivityThread: Failed to find provider info for com.google.android.apps.gsa.testing.ui.audio.recorded
04-23 08:27:42.945  1674  1696 I UsageStatsService: User[0] Flushing usage stats to disk
04-23 08:27:46.177  2371 25773 E ActivityThread: Failed to find provider info for com.google.android.apps.gsa.testing.ui.audio.recorded
04-23 08:31:42.579  2371 25773 I chatty  : uid=10030(u0_a30) com.google.android.googlequicksearchbox:search identical 47 lines
04-23 08:31:47.606  2371 25773 E ActivityThread: Failed to find provider info for com.google.android.apps.gsa.testing.ui.audio.recorded
04-23 08:31:50.580  1674  1700 E BatteryStatsService: modem info is invalid: ModemActivityInfo{ mTimestamp=0 mSleepTimeMs=0 mIdleTimeMs=0 mTxTimeMs[]=[0, 0, 0, 0, 0] mRxTimeMs=0 mEnergyUsed=0}
04-23 08:31:52.632  2371 25773 E ActivityThread: Failed to find provider info for com.google.android.apps.gsa.testing.ui.audio.recorded
04-23 08:35:19.195  2371 25773 I chatty  : uid=10030(u0_a30) com.google.android.googlequicksearchbox:search identical 41 lines
04-23 08:35:24.226  2371 25773 E ActivityThread: Failed to find provider info for com.google.android.apps.gsa.testing.ui.audio.recorded
04-23 08:35:25.090  1674  1700 E BatteryStatsService: modem info is invalid: ModemActivityInfo{ mTimestamp=0 mSleepTimeMs=0 mIdleTimeMs=0 mTxTimeMs[]=[0, 0, 0, 0, 0] mRxTimeMs=0 mEnergyUsed=0}
04-23 08:35:29.258  2371 25773 E ActivityThread: Failed to find provider info for com.google.android.apps.gsa.testing.ui.audio.recorded
04-23 08:37:24.919  2371 25773 I chatty  : uid=10030(u0_a30) com.google.android.googlequicksearchbox:search identical 23 lines
04-23 08:37:29.947  2371 25773 E ActivityThread: Failed to find provider info for com.google.android.apps.gsa.testing.ui.audio.recorded
04-23 08:37:34.410  1674  1700 E KernelCpuSpeedReader: Failed to read cpu-freq: /sys/devices/system/cpu/cpu0/cpufreq/stats/time_in_state (No such file or directory)
04-23 08:37:34.412  1674  1700 E BatteryStatsService: modem info is invalid: ModemActivityInfo{ mTimestamp=0 mSleepTimeMs=0 mIdleTimeMs=0 mTxTimeMs[]=[0, 0, 0, 0, 0] mRxTimeMs=0 mEnergyUsed=0}
04-23 08:37:34.969  2371 25773 E ActivityThread: Failed to find provider info for com.google.android.apps.gsa.testing.ui.audio.recorded
04-23 08:38:30.269  2371 25773 I chatty  : uid=10030(u0_a30) com.google.android.googlequicksearchbox:search identical 11 lines
04-23 08:38:35.302  2371 25773 E ActivityThread: Failed to find provider info for com.google.android.apps.gsa.testing.ui.audio.recorded
04-23 08:38:40.185  1674  1697 W BroadcastQueue: Background execution not allowed: receiving Intent { act=android.intent.action.DROPBOX_ENTRY_ADDED flg=0x10 (has extras) } to com.google.android.gms/.stats.service.DropBoxEntryAddedReceiver
04-23 08:38:40.185  1674  1697 W BroadcastQueue: Background execution not allowed: receiving Intent { act=android.intent.action.DROPBOX_ENTRY_ADDED flg=0x10 (has extras) } to com.google.android.gms/.chimera.GmsIntentOperationService$PersistentTrustedReceiver
04-23 08:38:40.329  2371 25773 E ActivityThread: Failed to find provider info for com.google.android.apps.gsa.testing.ui.audio.recorded
04-23 08:39:05.468  2371 25773 I chatty  : uid=10030(u0_a30) com.google.android.googlequicksearchbox:search identical 5 lines
04-23 08:39:10.489  2371 25773 E ActivityThread: Failed to find provider info for com.google.android.apps.gsa.testing.ui.audio.recorded
04-23 08:39:13.416  1674  4565 I ActivityManager: START u0 {act=android.intent.action.MAIN cat=[android.intent.category.LAUNCHER] flg=0x10200000 cmp=com.dreamsecurity.xsignwebpluginsamplekt/.MainActivity bnds=[849,245][1056,523]} from uid 10022
04-23 08:39:18.539  1674  1698 D AutofillManagerService: onBackKeyPressed()
04-23 08:39:18.795  1674  1702 W RemoteFillService: Not handling { when=0 what=3 target=com.android.internal.os.HandlerCaller$MyHandler } as service for ComponentInfo{com.google.android.gms/com.google.android.gms.autofill.service.AutofillService} is already destroyed
04-23 08:39:18.911  2371 29587 E ActivityThread: Failed to find provider info for com.google.android.apps.gsa.testing.ui.audio.recorded
04-23 08:39:23.966  2371 29587 E ActivityThread: Failed to find provider info for com.google.android.apps.gsa.testing.ui.audio.recorded
04-23 08:39:24.233  1674  4565 I ActivityManager: START u0 {act=android.intent.action.MAIN cat=[android.intent.category.LAUNCHER] flg=0x10200000 cmp=com.dreamsecurity.xsignwebpluginsamplekt/.MainActivity bnds=[849,245][1056,523]} from uid 10022
04-23 08:39:29.569  1674  1702 W RemoteFillService: Not handling { when=-7ms what=3 target=com.android.internal.os.HandlerCaller$MyHandler } as service for ComponentInfo{com.google.android.gms/com.google.android.gms.autofill.service.AutofillService} is already destroyed
04-23 08:39:32.196  1674  1698 D AutofillManagerService: onBackKeyPressed()
04-23 08:39:32.489  2371 25773 E ActivityThread: Failed to find provider info for com.google.android.apps.gsa.testing.ui.audio.recorded
04-23 08:39:35.234  1674  4565 I ActivityManager: START u0 {act=android.intent.action.MAIN cat=[android.intent.category.LAUNCHER] flg=0x10200000 cmp=com.google.android.deskclock/com.android.deskclock.DeskClock bnds=[437,245][643,523]} from uid 10022
04-23 08:39:36.882  1674  1698 D AutofillManagerService: onBackKeyPressed()
04-23 08:39:37.055  2371 29585 E ActivityThread: Failed to find provider info for com.google.android.apps.gsa.testing.ui.audio.recorded
04-23 08:39:38.693  1674  1685 I ActivityManager: START u0 {act=android.intent.action.MAIN cat=[android.intent.category.LAUNCHER] flg=0x10200000 cmp=com.google.android.apps.tachyon/.MainActivity bnds=[24,1402][230,1680]} from uid 10022
04-23 08:39:38.719  1674  1685 I ActivityManager: Start proc 29648:com.google.android.apps.tachyon/u0a47 for activity com.google.android.apps.tachyon/.MainActivity
04-23 08:39:38.967  1674  4565 D CryptdConnector: SND -> {12 cryptfs getpwtype}
04-23 08:39:38.968  1376  1382 D VoldCryptCmdListener: cryptfs getpwtype
04-23 08:39:38.969  1674  1750 D CryptdConnector: RCV <- {213 12 default}
04-23 08:39:39.083  1674  4565 W ActivityManager: Permission Denial: opening provider com.android.providers.contacts.ContactsProvider2 from ProcessRecord{9bade47 29648:com.google.android.apps.tachyon/u0a47} (pid=29648, uid=10047) requires android.permission.READ_CONTACTS or android.permission.WRITE_CONTACTS
04-23 08:39:39.085  1674  4565 W ActivityManager: Permission Denial: opening provider com.android.providers.contacts.ContactsProvider2 from ProcessRecord{9bade47 29648:com.google.android.apps.tachyon/u0a47} (pid=29648, uid=10047) requires android.permission.READ_CONTACTS or android.permission.WRITE_CONTACTS
04-23 08:39:39.161  1674  2508 I ActivityManager: START u0 {cmp=com.google.android.apps.tachyon/.WelcomeActivity} from uid 10047
04-23 08:39:39.938  1674  1698 D AutofillManagerService: onBackKeyPressed()
04-23 08:39:40.008  1674  5363 I ActivityManager: Process com.google.android.apps.tachyon (pid 29648) has died: fore TOP 
04-23 08:39:40.008  1674  1953 I WindowManager: WIN DEATH: Window{39d2f79 u0 com.google.android.apps.tachyon/com.google.android.apps.tachyon.WelcomeActivity}
04-23 08:39:40.009  1674  2508 D ConnectivityService: ConnectivityService NetworkRequestInfo binderDied(NetworkRequest [ LISTEN id=22, [ Capabilities: INTERNET&NOT_RESTRICTED&TRUSTED] ], android.os.BinderProxy@d9ff09c)
04-23 08:39:40.013  1674  1763 E ConnectivityService: RemoteException caught trying to send a callback msg for NetworkRequest [ LISTEN id=22, [ Capabilities: INTERNET&NOT_RESTRICTED&TRUSTED] ]
04-23 08:39:40.031  1674  1704 W ActivityManager: setHasOverlayUi called on unknown pid: 29648
04-23 08:39:40.182  2371 29587 E ActivityThread: Failed to find provider info for com.google.android.apps.gsa.testing.ui.audio.recorded
04-23 08:39:44.206  1674  1697 W BroadcastQueue: Background execution not allowed: receiving Intent { act=android.intent.action.DROPBOX_ENTRY_ADDED flg=0x10 (has extras) } to com.google.android.gms/.stats.service.DropBoxEntryAddedReceiver
04-23 08:39:44.206  1674  1697 W BroadcastQueue: Background execution not allowed: receiving Intent { act=android.intent.action.DROPBOX_ENTRY_ADDED flg=0x10 (has extras) } to com.google.android.gms/.chimera.GmsIntentOperationService$PersistentTrustedReceiver
04-23 08:39:45.212  2371 29587 E ActivityThread: Failed to find provider info for com.google.android.apps.gsa.testing.ui.audio.recorded
04-23 08:39:48.701  1674  5912 I ActivityManager: START u0 {act=android.intent.action.MAIN cat=[android.intent.category.LAUNCHER] flg=0x10200000 cmp=com.google.android.googlequicksearchbox/.SearchActivity bnds=[437,1402][643,1680]} from uid 10022
04-23 08:39:48.746  1674  5912 I ActivityManager: START u0 {act=android.intent.action.MAIN cat=[android.intent.category.LAUNCHER] flg=0x10208000 cmp=com.google.android.googlequicksearchbox/com.google.android.apps.gsa.searchnow.SearchNowActivity bnds=[437,1402][643,1680] (has extras)} from uid 10030
04-23 08:39:49.082  2371 25773 E ActivityThread: Failed to find provider info for com.google.android.apps.gsa.testing.ui.audio.recorded
04-23 08:39:50.182  1674  1698 D AutofillManagerService: onBackKeyPressed()
04-23 08:39:50.348  2371 29743 E ActivityThread: Failed to find provider info for com.google.android.apps.gsa.testing.ui.audio.recorded
04-23 08:39:53.873  1674  1697 W BroadcastQueue: Background execution not allowed: receiving Intent { act=android.intent.action.DROPBOX_ENTRY_ADDED flg=0x10 (has extras) } to com.google.android.gms/.stats.service.DropBoxEntryAddedReceiver
04-23 08:39:53.874  1674  1697 W BroadcastQueue: Background execution not allowed: receiving Intent { act=android.intent.action.DROPBOX_ENTRY_ADDED flg=0x10 (has extras) } to com.google.android.gms/.chimera.GmsIntentOperationService$PersistentTrustedReceiver
04-23 08:39:55.386  2371 29743 E ActivityThread: Failed to find provider info for com.google.android.apps.gsa.testing.ui.audio.recorded
04-23 08:40:35.609  2371 29743 I chatty  : uid=10030(u0_a30) com.google.android.googlequicksearchbox:search identical 8 lines
04-23 08:40:40.634  2371 29743 E ActivityThread: Failed to find provider info for com.google.android.apps.gsa.testing.ui.audio.recorded
04-23 08:40:44.950  1674  2468 I ActivityManager: START u0 {act=android.intent.action.MAIN cat=[android.intent.category.LAUNCHER] flg=0x10200000 cmp=com.dreamsecurity.xsignwebpluginsamplekt/.MainActivity bnds=[849,245][1056,523]} from uid 10022
04-23 08:40:50.353  1674  1702 W RemoteFillService: Not handling { when=-4ms what=3 target=com.android.internal.os.HandlerCaller$MyHandler } as service for ComponentInfo{com.google.android.gms/com.google.android.gms.autofill.service.AutofillService} is already destroyed
04-23 08:40:56.959  1674  1698 D AutofillManagerService: onBackKeyPressed()
04-23 08:40:57.300  2371 29587 E ActivityThread: Failed to find provider info for com.google.android.apps.gsa.testing.ui.audio.recorded
04-23 08:41:12.403  2371 29587 I chatty  : uid=10030(u0_a30) com.google.android.googlequicksearchbox:search identical 3 lines
04-23 08:41:17.429  2371 29587 E ActivityThread: Failed to find provider info for com.google.android.apps.gsa.testing.ui.audio.recorded
04-23 08:41:17.750  1674 29717 I ActivityManager: START u0 {act=android.intent.action.MAIN cat=[android.intent.category.LAUNCHER] flg=0x10200000 cmp=com.dreamsecurity.xsignwebpluginsamplekt/.MainActivity bnds=[849,245][1056,523]} from uid 10022
04-23 08:41:23.166  1674  1702 W RemoteFillService: Not handling { when=-6ms what=3 target=com.android.internal.os.HandlerCaller$MyHandler } as service for ComponentInfo{com.google.android.gms/com.google.android.gms.autofill.service.AutofillService} is already destroyed
04-23 08:41:34.842  1674  1698 D AutofillManagerService: onBackKeyPressed()
04-23 08:41:35.060  2371 25773 E ActivityThread: Failed to find provider info for com.google.android.apps.gsa.testing.ui.audio.recorded
04-23 08:41:36.849  1674  5363 I ActivityManager: START u0 {act=android.intent.action.MAIN cat=[android.intent.category.LAUNCHER] flg=0x10200000 cmp=com.dreamsecurity.sampleprojectkt/.MainActivity bnds=[24,245][230,523]} from uid 10022
04-23 08:41:36.879  1674  5912 I ActivityManager: Start proc 29957:com.dreamsecurity.sampleprojectkt/u0a80 for activity com.dreamsecurity.sampleprojectkt/.MainActivity
04-23 08:41:38.557  1674  1698 D AutofillManagerService: onBackKeyPressed()
04-23 08:42:55.747  1674  1702 W RemoteFillService: Not handling { when=-7ms what=3 target=com.android.internal.os.HandlerCaller$MyHandler } as service for ComponentInfo{com.google.android.gms/com.google.android.gms.autofill.service.AutofillService} is already destroyed
04-23 08:45:23.250  1674  1700 E BatteryStatsService: modem info is invalid: ModemActivityInfo{ mTimestamp=0 mSleepTimeMs=0 mIdleTimeMs=0 mTxTimeMs[]=[0, 0, 0, 0, 0] mRxTimeMs=0 mEnergyUsed=0}
04-23 08:47:43.074  1674  1696 I UsageStatsService: User[0] Flushing usage stats to disk
04-23 08:49:07.149  1674  1700 E BatteryStatsService: modem info is invalid: ModemActivityInfo{ mTimestamp=0 mSleepTimeMs=0 mIdleTimeMs=0 mTxTimeMs[]=[0, 0, 0, 0, 0] mRxTimeMs=0 mEnergyUsed=0}
04-23 08:54:43.751  1674  1698 D AutofillManagerService: onBackKeyPressed()
04-23 08:54:46.223  1674  1698 I chatty  : uid=1000(system) android.ui identical 1 line
04-23 08:54:46.993  1674  1698 D AutofillManagerService: onBackKeyPressed()
04-23 08:54:47.238  2371 30832 E ActivityThread: Failed to find provider info for com.google.android.apps.gsa.testing.ui.audio.recorded
04-23 08:54:47.471  1674  1697 I ActivityManager: Killing 16028:com.google.android.gms.ui/u0a13 (adj 906): empty for 8841s
04-23 08:54:49.015  1674  2508 I ActivityManager: START u0 {act=android.intent.action.MAIN cat=[android.intent.category.LAUNCHER] flg=0x10200000 cmp=com.android.chrome/com.google.android.apps.chrome.Main bnds=[230,245][437,523]} from uid 10022
04-23 08:54:50.371  1674  5363 I ActivityManager: Start proc 30848:com.android.chrome:sandboxed_process7/u0i10 for webview_service com.android.chrome/org.chromium.content.app.SandboxedProcessService7
04-23 08:54:51.545  1674  1698 D AutofillManagerService: onBackKeyPressed()
04-23 08:54:51.547  1674  3710 I ActivityManager: moveTaskToBack: TaskRecord{4076b21 #10 A=com.android.chrome U=0 StackId=1 sz=1}
04-23 08:54:51.760  2371 30830 E ActivityThread: Failed to find provider info for com.google.android.apps.gsa.testing.ui.audio.recorded
04-23 08:54:52.917  1674  5363 I ActivityManager: START u0 {act=android.intent.action.MAIN cat=[android.intent.category.LAUNCHER] flg=0x10200000 cmp=com.google.android.deskclock/com.android.deskclock.DeskClock bnds=[437,245][643,523]} from uid 10022
04-23 08:54:54.244  1674  1698 D AutofillManagerService: onBackKeyPressed()
04-23 08:54:54.410  2371 30846 E ActivityThread: Failed to find provider info for com.google.android.apps.gsa.testing.ui.audio.recorded
04-23 08:54:55.495  1674  2468 I ActivityManager: Process com.android.chrome:sandboxed_process7 (pid 30848) has died: prev LAST
04-23 08:54:55.499  1674  2468 W ActivityManager: Scheduling restart of crashed service com.android.chrome/org.chromium.content.app.SandboxedProcessService7 in 1000ms
04-23 08:54:55.500  1674  1700 E KernelCpuSpeedReader: Failed to read cpu-freq: /sys/devices/system/cpu/cpu0/cpufreq/stats/time_in_state (No such file or directory)
04-23 08:54:59.432  2371 30846 E ActivityThread: Failed to find provider info for com.google.android.apps.gsa.testing.ui.audio.recorded
04-23 08:55:14.508  2371 30846 I chatty  : uid=10030(u0_a30) com.google.android.googlequicksearchbox:search identical 3 lines
04-23 08:55:19.550  2371 30846 E ActivityThread: Failed to find provider info for com.google.android.apps.gsa.testing.ui.audio.recorded
04-23 08:55:21.683  1674  2508 I ActivityManager: START u0 {act=android.intent.action.MAIN cat=[android.intent.category.LAUNCHER] flg=0x10200000 cmp=com.android.chrome/com.google.android.apps.chrome.Main bnds=[230,245][437,523]} from uid 10022
04-23 08:55:23.273  1797  1797 V DeadZone: consuming errant click: (243.9624,19.886719)
04-23 08:55:24.668  1674  1698 D AutofillManagerService: onBackKeyPressed()
04-23 08:55:24.670  1674  2007 I ActivityManager: moveTaskToBack: TaskRecord{4076b21 #10 A=com.android.chrome U=0 StackId=1 sz=1}
04-23 08:55:24.853  2371 30846 E ActivityThread: Failed to find provider info for com.google.android.apps.gsa.testing.ui.audio.recorded
04-23 08:55:26.573  1797  1797 V DeadZone: consuming errant click: (835.9717,22.933594)
04-23 08:55:27.406  1674  2468 I ActivityManager: START u0 {flg=0x10804000 cmp=com.android.systemui/.recents.RecentsActivity} from uid 10028
04-23 08:55:28.896  1674  2468 I ActivityManager: START u0 {act=android.intent.action.MAIN cat=[android.intent.category.HOME] flg=0x10200000 cmp=com.google.android.apps.nexuslauncher/.NexusLauncherActivity} from uid 10028
04-23 08:55:29.039  2371 30845 E ActivityThread: Failed to find provider info for com.google.android.apps.gsa.testing.ui.audio.recorded
04-23 08:55:31.222  1674  5363 I ActivityManager: START u0 {act=android.intent.action.MAIN cat=[android.intent.category.LAUNCHER] flg=0x10200000 cmp=com.google.android.apps.messaging/.ui.ConversationListActivity bnds=[437,568][643,846]} from uid 10022
04-23 08:55:31.254  1674  5363 I ActivityManager: Start proc 30965:com.google.android.apps.messaging/u0a67 for activity com.google.android.apps.messaging/.ui.ConversationListActivity
04-23 08:55:31.483  1674  2468 I ActivityManager: Start proc 30997:com.google.android.apps.messaging:rcs/u0a67 for service com.google.android.apps.messaging/com.google.android.rcs.service.service.JibeService
04-23 08:55:31.572  1674  2508 D CryptdConnector: SND -> {13 cryptfs getpwtype}
04-23 08:55:31.573  1376  1382 D VoldCryptCmdListener: cryptfs getpwtype
04-23 08:55:31.575  1674  1750 D CryptdConnector: RCV <- {213 13 default}
04-23 08:55:31.624  1674  5363 D MmsServiceBroker: getCarrierConfigValues() by com.google.android.apps.messaging
04-23 08:55:31.686  1674  5363 D ConnectivityService: Returning unblocked NetworkInfo to uid=10067
04-23 08:55:31.761  1674  1851 D MmsServiceBroker: getCarrierConfigValues() by com.google.android.apps.messaging
04-23 08:55:31.781  1674  1851 I ActivityManager: Start proc 31039:android.process.acore/u0a0 for content provider com.android.providers.blockednumber/.BlockedNumberProvider
04-23 08:55:31.824  1674  1686 D MmsServiceBroker: getCarrierConfigValues() by com.google.android.apps.messaging
04-23 08:55:32.186  1674  3710 D CountryDetector: The first listener is added
04-23 08:55:35.742  1674  1746 I ActivityManager: START u0 {act=android.intent.action.MAIN cat=[android.intent.category.HOME] flg=0x10200000 cmp=com.google.android.apps.nexuslauncher/.NexusLauncherActivity (has extras)} from uid 1000
04-23 08:55:35.944  2371 30830 E ActivityThread: Failed to find provider info for com.google.android.apps.gsa.testing.ui.audio.recorded
04-23 08:55:36.815  1674  2508 I ActivityManager: START u0 {flg=0x10804000 cmp=com.android.systemui/.recents.RecentsActivity} from uid 10028
04-23 08:55:38.266  1674  3710 I ActivityManager: Killing 19516:android.process.media/u0a9 (adj 906): empty for 7062s
04-23 08:55:38.267  1674  3710 I ActivityManager: Killing 16107:com.android.printspooler/u0a69 (adj 906): empty for 8876s
04-23 08:55:38.276  1674  3710 I ActivityManager: Killing 30965:com.google.android.apps.messaging/u0a67 (adj 902): remove task
04-23 08:55:38.276  1674  3710 I ActivityManager: Killing 30997:com.google.android.apps.messaging:rcs/u0a67 (adj 900): remove task
04-23 08:55:38.322  1674  2508 I WindowManager: WIN DEATH: Window{3ff8520 u0 com.google.android.apps.messaging/com.google.android.apps.messaging.ui.ConversationListActivity}
04-23 08:55:38.333  1674  2468 W ActivityManager: Exception when unbinding service com.google.android.apps.messaging/com.google.android.rcs.service.service.JibeService
04-23 08:55:38.333  1674  2468 W ActivityManager: android.os.DeadObjectException
04-23 08:55:38.333  1674  2468 W ActivityManager: 	at android.os.BinderProxy.transactNative(Native Method)
04-23 08:55:38.333  1674  2468 W ActivityManager: 	at android.os.BinderProxy.transact(Binder.java:748)
04-23 08:55:38.333  1674  2468 W ActivityManager: 	at android.app.IApplicationThread$Stub$Proxy.scheduleUnbindService(IApplicationThread.java:1522)
04-23 08:55:38.333  1674  2468 W ActivityManager: 	at com.android.server.am.ActiveServices.removeConnectionLocked(ActiveServices.java:2640)
04-23 08:55:38.333  1674  2468 W ActivityManager: 	at com.android.server.am.ActiveServices.killServicesLocked(ActiveServices.java:3039)
04-23 08:55:38.333  1674  2468 W ActivityManager: 	at com.android.server.am.ActivityManagerService.cleanUpApplicationRecordLocked(ActivityManagerService.java:17925)
04-23 08:55:38.333  1674  2468 W ActivityManager: 	at com.android.server.am.ActivityManagerService.handleAppDiedLocked(ActivityManagerService.java:5241)
04-23 08:55:38.333  1674  2468 W ActivityManager: 	at com.android.server.am.ActivityManagerService.appDiedLocked(ActivityManagerService.java:5431)
04-23 08:55:38.333  1674  2468 W ActivityManager: 	at com.android.server.am.ActivityManagerService$AppDeathRecipient.binderDied(ActivityManagerService.java:1643)
04-23 08:55:38.333  1674  2468 W ActivityManager: 	at android.os.BinderProxy.sendDeathNotice(Binder.java:828)
04-23 08:55:38.342  1674  1704 W ActivityManager: setHasOverlayUi called on unknown pid: 30965
04-23 08:55:38.749  1674  2007 I ActivityManager: Killing 2216:com.google.android.dialer/u0a17 (adj 906): empty for 2859s
04-23 08:55:38.756  1674  2007 I ActivityManager: Killing 19637:com.android.chrome:privileged_process0/u0a48 (adj 902): remove task
04-23 08:55:38.756  1674  2007 I ActivityManager: Killing 19563:com.android.chrome/u0a48 (adj 904): remove task
04-23 08:55:38.757  1674  2007 I ActivityManager: Killing 22020:com.android.chrome:sandboxed_process4/u0a48i7 (adj 900): remove task
04-23 08:55:38.764  1674  2468 W ActivityManager: Scheduling restart of crashed service com.android.chrome/org.chromium.content.app.SandboxedProcessService4 in 1000ms
04-23 08:55:38.764  1674  1700 E KernelCpuSpeedReader: Failed to read cpu-freq: /sys/devices/system/cpu/cpu0/cpufreq/stats/time_in_state (No such file or directory)
04-23 08:55:38.807  1674  2468 W ActivityManager: Scheduling restart of crashed service com.android.chrome/org.chromium.content.app.PrivilegedProcessService0 in 10957ms
04-23 08:55:38.817  1674  1953 D ConnectivityService: ConnectivityService NetworkRequestInfo binderDied(NetworkRequest [ LISTEN id=16, [ Capabilities: INTERNET&NOT_RESTRICTED&TRUSTED&FOREGROUND] ], android.os.BinderProxy@d04f671)
04-23 08:55:38.820  1674  3551 D ConnectivityService: ConnectivityService NetworkRequestInfo binderDied(NetworkRequest [ LISTEN id=18, [ Capabilities: INTERNET&NOT_RESTRICTED&TRUSTED&FOREGROUND] ], android.os.BinderProxy@a998c56)
04-23 08:55:38.820  1674  1686 I WindowManager: WIN DEATH: Window{38c91c5 u0 com.android.chrome/com.google.android.apps.chrome.Main}
04-23 08:55:38.822  1674  1763 E ConnectivityService: RemoteException caught trying to send a callback msg for NetworkRequest [ LISTEN id=16, [ Capabilities: INTERNET&NOT_RESTRICTED&TRUSTED&FOREGROUND] ]
04-23 08:55:38.824  1674  1763 E ConnectivityService: RemoteException caught trying to send a callback msg for NetworkRequest [ LISTEN id=18, [ Capabilities: INTERNET&NOT_RESTRICTED&TRUSTED&FOREGROUND] ]
04-23 08:55:38.833  1674  1704 W ActivityManager: setHasOverlayUi called on unknown pid: 19563
04-23 08:55:39.052  1674 31101 I ActivityManager: Killing 19483:com.google.android.deskclock/u0a66 (adj 902): remove task
04-23 08:55:39.122  1674  1704 W ActivityManager: setHasOverlayUi called on unknown pid: 19483
04-23 08:55:39.688  1674 31101 I ActivityManager: Killing 29957:com.dreamsecurity.sampleprojectkt/u0a80 (adj 904): remove task
04-23 08:55:39.740  1674  1704 W ActivityManager: setHasOverlayUi called on unknown pid: 29957
04-23 08:55:40.287  1674  5363 I ActivityManager: Killing 5964:com.dreamsecurity.xsignwebpluginsamplekt/u0a77 (adj 904): remove task
04-23 08:55:40.288  1674  5363 I ActivityManager: Killing 5997:com.android.chrome:sandboxed_process0/u0a77i2 (adj 902): remove task
04-23 08:55:40.295  1674  2491 W ActivityManager: Scheduling restart of crashed service com.dreamsecurity.xsignwebpluginsamplekt/org.chromium.content.app.SandboxedProcessService0 in 1000ms
04-23 08:55:40.296  1674  1700 E KernelCpuSpeedReader: Failed to read cpu-freq: /sys/devices/system/cpu/cpu0/cpufreq/stats/time_in_state (No such file or directory)
04-23 08:55:40.347  1674  2500 D ConnectivityService: ConnectivityService NetworkRequestInfo binderDied(NetworkRequest [ LISTEN id=15, [ Capabilities: INTERNET&NOT_RESTRICTED&TRUSTED&FOREGROUND] ], android.os.BinderProxy@ca724d7)
04-23 08:55:40.351  1674  1704 W ActivityManager: setHasOverlayUi called on unknown pid: 5964
04-23 08:55:40.352  1674  1763 E ConnectivityService: RemoteException caught trying to send a callback msg for NetworkRequest [ LISTEN id=15, [ Capabilities: INTERNET&NOT_RESTRICTED&TRUSTED&FOREGROUND] ]
04-23 08:55:40.614  1674  2491 I ActivityManager: Killing 2371:com.google.android.googlequicksearchbox:search/u0a30 (adj 1001): remove task
04-23 08:55:40.687  1674  2491 D ConnectivityService: ConnectivityService NetworkRequestInfo binderDied(NetworkRequest [ LISTEN id=6, [ Capabilities: INTERNET&NOT_RESTRICTED&TRUSTED] ], android.os.BinderProxy@5ae61c4)
04-23 08:55:40.688  1674  2007 I WindowManager: WIN DEATH: Window{738bd65 u0 com.google.android.apps.nexuslauncher/com.google.android.apps.nexuslauncher.NexusLauncherActivity}
04-23 08:55:40.692  1674  5363 W ActivityManager: Scheduling restart of crashed service com.google.android.googlequicksearchbox/com.google.android.apps.gsa.search.core.service.SearchService in 1000ms
04-23 08:55:40.693  1674  1763 E ConnectivityService: RemoteException caught trying to send a callback msg for NetworkRequest [ LISTEN id=6, [ Capabilities: INTERNET&NOT_RESTRICTED&TRUSTED] ]
04-23 08:55:40.693  1674  5363 W ActivityManager: Scheduling restart of crashed service com.google.android.googlequicksearchbox/com.google.android.apps.gsa.nowoverlayservice.DrawerOverlayService in 11000ms
04-23 08:55:40.700  1674  1704 W ActivityManager: setHasOverlayUi called on unknown pid: 2371
04-23 08:55:41.456  1674  2509 I ActivityManager: Killing 22126:com.google.android.apps.photos/u0a65 (adj 900): remove task
04-23 08:55:41.459  1674  3551 I ActivityManager: START u0 {act=android.intent.action.MAIN cat=[android.intent.category.HOME] flg=0x10200000 cmp=com.google.android.apps.nexuslauncher/.NexusLauncherActivity} from uid 10028
04-23 08:55:41.485  1674  2509 I ActivityManager: Start proc 31117:com.google.android.googlequicksearchbox:search/u0a30 for service com.google.android.googlequicksearchbox/com.google.android.apps.gsa.nowoverlayservice.DrawerOverlayService
04-23 08:55:41.497  1674  2007 I WindowManager: WIN DEATH: Window{be8be92 u0 com.google.android.apps.photos/com.google.android.apps.photos.home.HomeActivity}
04-23 08:55:41.509  1674  1704 W ActivityManager: setHasOverlayUi called on unknown pid: 22126
04-23 08:55:42.434 31117 31146 E ActivityThread: Failed to find provider info for com.google.android.apps.gsa.testing.ui.audio.recorded
04-23 08:55:46.818  1674  1697 W BroadcastQueue: Background execution not allowed: receiving Intent { act=android.intent.action.DROPBOX_ENTRY_ADDED flg=0x10 (has extras) } to com.google.android.gms/.stats.service.DropBoxEntryAddedReceiver
04-23 08:55:46.819  1674  1697 W BroadcastQueue: Background execution not allowed: receiving Intent { act=android.intent.action.DROPBOX_ENTRY_ADDED flg=0x10 (has extras) } to com.google.android.gms/.chimera.GmsIntentOperationService$PersistentTrustedReceiver
04-23 08:55:47.476 31117 31146 E ActivityThread: Failed to find provider info for com.google.android.apps.gsa.testing.ui.audio.recorded
04-23 08:57:18.067 31117 31146 I chatty  : uid=10030(u0_a30) com.google.android.googlequicksearchbox:search identical 18 lines
04-23 08:57:23.090 31117 31146 E ActivityThread: Failed to find provider info for com.google.android.apps.gsa.testing.ui.audio.recorded
04-23 08:57:23.395  1674  2007 I ActivityManager: START u0 {act=android.intent.action.MAIN cat=[android.intent.category.LAUNCHER] flg=0x10200000 cmp=com.dreamsecurity.xsignwebpluginsamplekt/.MainActivity bnds=[849,245][1056,523]} from uid 10022
04-23 08:57:23.427  1674  2007 I ActivityManager: Start proc 31358:com.dreamsecurity.xsignwebpluginsamplekt/u0a77 for activity com.dreamsecurity.xsignwebpluginsamplekt/.MainActivity
04-23 08:57:23.824  1674  5363 I ActivityManager: Start proc 31388:com.android.chrome:webview_service/u0a48 for service com.android.chrome/org.chromium.android_webview.services.VariationsSeedServer
04-23 08:57:23.840  1674  1953 I ActivityManager: Start proc 31402:com.android.chrome:sandboxed_process0/u0i11 for webview_service com.dreamsecurity.xsignwebpluginsamplekt/org.chromium.content.app.SandboxedProcessService0
04-23 08:57:27.555  1674  3551 I ActivityManager: START u0 {flg=0x10804000 cmp=com.android.systemui/.recents.RecentsActivity} from uid 10028
04-23 08:57:29.556  1674  5363 I ActivityManager: Killing 31358:com.dreamsecurity.xsignwebpluginsamplekt/u0a77 (adj 902): remove task
04-23 08:57:29.557  1674  5363 I ActivityManager: Killing 31402:com.android.chrome:sandboxed_process0/u0a77i11 (adj 900): remove task
04-23 08:57:29.559  1674  3551 I ActivityManager: START u0 {act=android.intent.action.MAIN cat=[android.intent.category.HOME] flg=0x10200000 cmp=com.google.android.apps.nexuslauncher/.NexusLauncherActivity} from uid 10028
04-23 08:57:29.569  1674  2007 W ActivityManager: Scheduling restart of crashed service com.dreamsecurity.xsignwebpluginsamplekt/org.chromium.content.app.SandboxedProcessService0 in 1000ms
04-23 08:57:29.571  1674  1700 E KernelCpuSpeedReader: Failed to read cpu-freq: /sys/devices/system/cpu/cpu0/cpufreq/stats/time_in_state (No such file or directory)
04-23 08:57:29.616  1674 31102 D ConnectivityService: ConnectivityService NetworkRequestInfo binderDied(NetworkRequest [ LISTEN id=26, [ Capabilities: INTERNET&NOT_RESTRICTED&TRUSTED&FOREGROUND] ], android.os.BinderProxy@7718683)
04-23 08:57:29.618  1674  1763 E ConnectivityService: RemoteException caught trying to send a callback msg for NetworkRequest [ LISTEN id=26, [ Capabilities: INTERNET&NOT_RESTRICTED&TRUSTED&FOREGROUND] ]
04-23 08:57:29.623  1674  3551 I WindowManager: WIN DEATH: Window{4d5fa6a u0 com.dreamsecurity.xsignwebpluginsamplekt/com.dreamsecurity.xsignwebpluginsamplekt.MainActivity}
04-23 08:57:29.625  1674  1826 I WindowManager: WIN DEATH: Window{d0a8f0c u0 com.dreamsecurity.xsignwebpluginsamplekt/com.dreamsecurity.xsignwebpluginsamplekt.MainActivity}
04-23 08:57:29.631  1674  1704 W ActivityManager: setHasOverlayUi called on unknown pid: 31358
04-23 08:57:29.680  1674  1702 W RemoteFillService: Not handling { when=-1ms what=3 target=com.android.internal.os.HandlerCaller$MyHandler } as service for ComponentInfo{com.google.android.gms/com.google.android.gms.autofill.service.AutofillService} is already destroyed
04-23 08:57:29.800 31117 31150 E ActivityThread: Failed to find provider info for com.google.android.apps.gsa.testing.ui.audio.recorded
04-23 08:57:59.987 31117 31150 I chatty  : uid=10030(u0_a30) com.google.android.googlequicksearchbox:search identical 6 lines
04-23 08:58:05.022 31117 31150 E ActivityThread: Failed to find provider info for com.google.android.apps.gsa.testing.ui.audio.recorded
04-23 08:58:09.889  1674  1700 E BatteryStatsService: modem info is invalid: ModemActivityInfo{ mTimestamp=0 mSleepTimeMs=0 mIdleTimeMs=0 mTxTimeMs[]=[0, 0, 0, 0, 0] mRxTimeMs=0 mEnergyUsed=0}
04-23 08:58:10.048 31117 31150 E ActivityThread: Failed to find provider info for com.google.android.apps.gsa.testing.ui.audio.recorded
04-23 08:58:25.121 31117 31150 I chatty  : uid=10030(u0_a30) com.google.android.googlequicksearchbox:search identical 3 lines
04-23 08:58:30.143 31117 31150 E ActivityThread: Failed to find provider info for com.google.android.apps.gsa.testing.ui.audio.recorded
04-23 08:58:30.857  1674 31102 I ActivityManager: START u0 {act=android.intent.action.MAIN cat=[android.intent.category.LAUNCHER] flg=0x10200000 cmp=com.dreamsecurity.xsignwebpluginsamplekt/.MainActivity bnds=[849,245][1056,523]} from uid 10022
04-23 08:58:30.879  1674 31102 I ActivityManager: Start proc 31597:com.dreamsecurity.xsignwebpluginsamplekt/u0a77 for activity com.dreamsecurity.xsignwebpluginsamplekt/.MainActivity
04-23 08:58:31.220  1674 31102 I ActivityManager: Start proc 31627:com.android.chrome:sandboxed_process0/u0i12 for webview_service com.dreamsecurity.xsignwebpluginsamplekt/org.chromium.content.app.SandboxedProcessService0
04-23 08:58:34.027  1674  1698 D AutofillManagerService: onBackKeyPressed()
04-23 08:58:34.292 31117 31146 E ActivityThread: Failed to find provider info for com.google.android.apps.gsa.testing.ui.audio.recorded
04-23 08:58:35.851  1674  1746 I ActivityManager: START u0 {act=android.intent.action.MAIN cat=[android.intent.category.HOME] flg=0x10200000 cmp=com.google.android.apps.nexuslauncher/.NexusLauncherActivity (has extras)} from uid 1000
04-23 08:58:37.025  1674  1702 W RemoteFillService: Not handling { when=-2ms what=3 target=com.android.internal.os.HandlerCaller$MyHandler } as service for ComponentInfo{com.google.android.gms/com.google.android.gms.autofill.service.AutofillService} is already destroyed
04-23 08:58:39.337 31117 31152 E ActivityThread: Failed to find provider info for com.google.android.apps.gsa.testing.ui.audio.recorded
04-23 08:58:44.360 31117 31152 I chatty  : uid=10030(u0_a30) com.google.android.googlequicksearchbox:search identical 1 line
04-23 08:58:49.386 31117 31152 E ActivityThread: Failed to find provider info for com.google.android.apps.gsa.testing.ui.audio.recorded
04-23 08:58:49.561  1674 31102 I ActivityManager: START u0 {act=android.intent.action.MAIN cat=[android.intent.category.LAUNCHER] flg=0x10200000 cmp=com.dreamsecurity.xsignwebpluginsamplekt/.MainActivity bnds=[849,245][1056,523]} from uid 10022
04-23 08:58:51.706  1674  1746 I ActivityManager: START u0 {act=android.intent.action.MAIN cat=[android.intent.category.HOME] flg=0x10200000 cmp=com.google.android.apps.nexuslauncher/.NexusLauncherActivity (has extras)} from uid 1000
04-23 08:58:51.978 31117 31730 E ActivityThread: Failed to find provider info for com.google.android.apps.gsa.testing.ui.audio.recorded
04-23 08:58:54.990  1674  1702 W RemoteFillService: Not handling { when=-4ms what=3 target=com.android.internal.os.HandlerCaller$MyHandler } as service for ComponentInfo{com.google.android.gms/com.google.android.gms.autofill.service.AutofillService} is already destroyed
04-23 08:58:57.015 31117 31730 E ActivityThread: Failed to find provider info for com.google.android.apps.gsa.testing.ui.audio.recorded
04-23 08:58:57.317  1674  2491 I ActivityManager: START u0 {act=android.intent.action.MAIN cat=[android.intent.category.LAUNCHER] flg=0x10200000 cmp=com.dreamsecurity.xsignwebpluginsamplekt/.MainActivity bnds=[849,245][1056,523]} from uid 10022
04-23 08:58:59.223  1674  1746 I ActivityManager: START u0 {act=android.intent.action.MAIN cat=[android.intent.category.HOME] flg=0x10200000 cmp=com.google.android.apps.nexuslauncher/.NexusLauncherActivity (has extras)} from uid 1000
04-23 08:58:59.471 31117 31152 E ActivityThread: Failed to find provider info for com.google.android.apps.gsa.testing.ui.audio.recorded
04-23 08:59:19.602 31117 31152 I chatty  : uid=10030(u0_a30) com.google.android.googlequicksearchbox:search identical 4 lines
04-23 08:59:24.629 31117 31152 E ActivityThread: Failed to find provider info for com.google.android.apps.gsa.testing.ui.audio.recorded
04-23 08:59:26.656  1674 29717 I ActivityManager: START u0 {act=android.intent.action.MAIN cat=[android.intent.category.LAUNCHER] flg=0x10200000 cmp=com.dreamsecurity.xsignwebpluginsamplekt/.MainActivity bnds=[849,245][1056,523]} from uid 10022
04-23 08:59:30.492  1674  1826 I ActivityManager: START u0 {flg=0x10804000 cmp=com.android.systemui/.recents.RecentsActivity} from uid 10028
