04-23 08:59:31.604  1674  1826 I ActivityManager: START u0 {act=android.intent.action.MAIN cat=[android.intent.category.HOME] flg=0x10200000 cmp=com.google.android.apps.nexuslauncher/.NexusLauncherActivity} from uid 10028
04-23 08:59:31.617  1674  5363 I ActivityManager: Killing 31597:com.dreamsecurity.xsignwebpluginsamplekt/u0a77 (adj 902): remove task
04-23 08:59:31.617  1674  5363 I ActivityManager: Killing 31627:com.android.chrome:sandboxed_process0/u0a77i12 (adj 900): remove task
04-23 08:59:31.636  1674 31102 W ActivityManager: Scheduling restart of crashed service com.dreamsecurity.xsignwebpluginsamplekt/org.chromium.content.app.SandboxedProcessService0 in 1000ms
04-23 08:59:31.637  1674  1700 E KernelCpuSpeedReader: Failed to read cpu-freq: /sys/devices/system/cpu/cpu0/cpufreq/stats/time_in_state (No such file or directory)
04-23 08:59:31.696  1674 31102 D ConnectivityService: ConnectivityService NetworkRequestInfo binderDied(NetworkRequest [ LISTEN id=28, [ Capabilities: INTERNET&NOT_RESTRICTED&TRUSTED&FOREGROUND] ], android.os.BinderProxy@361f037)
04-23 08:59:31.699  1674  5363 I WindowManager: WIN DEATH: Window{bd8e764 u0 com.dreamsecurity.xsignwebpluginsamplekt/com.dreamsecurity.xsignwebpluginsamplekt.MainActivity}
04-23 08:59:31.699  1674  1763 E ConnectivityService: RemoteException caught trying to send a callback msg for NetworkRequest [ LISTEN id=28, [ Capabilities: INTERNET&NOT_RESTRICTED&TRUSTED&FOREGROUND] ]
04-23 08:59:31.713  1674  1704 W ActivityManager: setHasOverlayUi called on unknown pid: 31597
04-23 08:59:31.870 31117 31146 E ActivityThread: Failed to find provider info for com.google.android.apps.gsa.testing.ui.audio.recorded
04-23 08:59:33.514  1674  5363 I ActivityManager: START u0 {act=android.intent.action.MAIN cat=[android.intent.category.LAUNCHER] flg=0x10200000 cmp=com.dreamsecurity.xsignwebpluginsamplekt/.MainActivity bnds=[849,245][1056,523]} from uid 10022
04-23 08:59:33.533  1674  5363 I ActivityManager: Start proc 31826:com.dreamsecurity.xsignwebpluginsamplekt/u0a77 for activity com.dreamsecurity.xsignwebpluginsamplekt/.MainActivity
04-23 08:59:33.900  1674  5363 I ActivityManager: Start proc 31856:com.android.chrome:sandboxed_process0/u0i13 for webview_service com.dreamsecurity.xsignwebpluginsamplekt/org.chromium.content.app.SandboxedProcessService0
04-23 08:59:39.714  1674  1702 W RemoteFillService: Not handling { when=-6ms what=3 target=com.android.internal.os.HandlerCaller$MyHandler } as service for ComponentInfo{com.google.android.gms/com.google.android.gms.autofill.service.AutofillService} is already destroyed
04-23 08:59:56.018  1797  1797 V DeadZone: consuming errant click: (838.97095,22.933594)
04-23 08:59:58.408  1674  4565 I ActivityManager: START u0 {flg=0x10804000 cmp=com.android.systemui/.recents.RecentsActivity} from uid 10028
04-23 08:59:59.764  1674  4565 I ActivityManager: Killing 31826:com.dreamsecurity.xsignwebpluginsamplekt/u0a77 (adj 902): remove task
04-23 08:59:59.764  1674  4565 I ActivityManager: Killing 31856:com.android.chrome:sandboxed_process0/u0a77i13 (adj 900): remove task
04-23 08:59:59.766  1674 31105 I ActivityManager: START u0 {act=android.intent.action.MAIN cat=[android.intent.category.HOME] flg=0x10200000 cmp=com.google.android.apps.nexuslauncher/.NexusLauncherActivity} from uid 10028
04-23 08:59:59.777  1674  4565 W ActivityManager: Scheduling restart of crashed service com.dreamsecurity.xsignwebpluginsamplekt/org.chromium.content.app.SandboxedProcessService0 in 1000ms
04-23 08:59:59.777  1674  1700 E KernelCpuSpeedReader: Failed to read cpu-freq: /sys/devices/system/cpu/cpu0/cpufreq/stats/time_in_state (No such file or directory)
04-23 08:59:59.825  1674  2509 D ConnectivityService: ConnectivityService NetworkRequestInfo binderDied(NetworkRequest [ LISTEN id=30, [ Capabilities: INTERNET&NOT_RESTRICTED&TRUSTED&FOREGROUND] ], android.os.BinderProxy@3d7e8e)
04-23 08:59:59.828  1674  1763 E ConnectivityService: RemoteException caught trying to send a callback msg for NetworkRequest [ LISTEN id=30, [ Capabilities: INTERNET&NOT_RESTRICTED&TRUSTED&FOREGROUND] ]
04-23 08:59:59.831  1674  2509 I WindowManager: WIN DEATH: Window{f16b3d u0 com.dreamsecurity.xsignwebpluginsamplekt/com.dreamsecurity.xsignwebpluginsamplekt.MainActivity}
04-23 08:59:59.843  1674 31102 I WindowManager: WIN DEATH: Window{5fc00e7 u0 com.dreamsecurity.xsignwebpluginsamplekt/com.dreamsecurity.xsignwebpluginsamplekt.MainActivity}
04-23 08:59:59.859  1674  1704 W ActivityManager: setHasOverlayUi called on unknown pid: 31826
04-23 09:00:00.020 31117 31146 E ActivityThread: Failed to find provider info for com.google.android.apps.gsa.testing.ui.audio.recorded
04-23 09:00:01.815  1674  1685 I ActivityManager: START u0 {act=android.intent.action.MAIN cat=[android.intent.category.LAUNCHER] flg=0x10200000 cmp=com.dreamsecurity.xsignwebpluginsamplekt/.MainActivity bnds=[849,245][1056,523]} from uid 10022
04-23 09:00:01.870  1674  1685 I ActivityManager: Start proc 31944:com.dreamsecurity.xsignwebpluginsamplekt/u0a77 for activity com.dreamsecurity.xsignwebpluginsamplekt/.MainActivity
04-23 09:00:02.240  1674  1826 I ActivityManager: Start proc 31976:com.android.chrome:sandboxed_process0/u0i14 for webview_service com.dreamsecurity.xsignwebpluginsamplekt/org.chromium.content.app.SandboxedProcessService0
04-23 09:00:07.274  1674  1746 I ActivityManager: START u0 {act=android.intent.action.MAIN cat=[android.intent.category.HOME] flg=0x10200000 cmp=com.google.android.apps.nexuslauncher/.NexusLauncherActivity (has extras)} from uid 1000
04-23 09:00:07.495 31117 31753 E ActivityThread: Failed to find provider info for com.google.android.apps.gsa.testing.ui.audio.recorded
04-23 09:00:08.056  1674  1702 W RemoteFillService: Not handling { when=-3ms what=3 target=com.android.internal.os.HandlerCaller$MyHandler } as service for ComponentInfo{com.google.android.gms/com.google.android.gms.autofill.service.AutofillService} is already destroyed
04-23 09:00:12.587 31117 31753 E ActivityThread: Failed to find provider info for com.google.android.apps.gsa.testing.ui.audio.recorded
04-23 09:01:33.093 31117 31753 I chatty  : uid=10030(u0_a30) com.google.android.googlequicksearchbox:search identical 16 lines
04-23 09:01:38.123 31117 31753 E ActivityThread: Failed to find provider info for com.google.android.apps.gsa.testing.ui.audio.recorded
04-23 09:01:41.051  1674  1700 E BatteryStatsService: modem info is invalid: ModemActivityInfo{ mTimestamp=0 mSleepTimeMs=0 mIdleTimeMs=0 mTxTimeMs[]=[0, 0, 0, 0, 0] mRxTimeMs=0 mEnergyUsed=0}
04-23 09:01:43.150 31117 31753 E ActivityThread: Failed to find provider info for com.google.android.apps.gsa.testing.ui.audio.recorded
--------- beginning of main
04-23 09:02:48.572 31117 31117 I MicroDetectionWorker: onReady
04-23 09:02:48.578 31117 31753 I MicrophoneInputStream: mic_close com.google.android.apps.gsa.staticplugins.aa.c@3aaefaa
04-23 09:02:48.578 31117 31473 I MicroRecognitionRunner: Detection finished
04-23 09:02:48.578 31117 31473 W ErrorReporter: reportError [type: 211, code: 524300]: Error reading from input stream
04-23 09:02:48.579 31117 31165 I MicroRecognitionRunner: Stopping hotword detection.
04-23 09:02:48.578 31117 31473 W ErrorProcessor: onFatalError, processing error from engine(4)
04-23 09:02:48.578 31117 31473 W ErrorProcessor: com.google.android.apps.gsa.shared.speech.b.g: Error reading from input stream
04-23 09:02:48.578 31117 31473 W ErrorProcessor: 	at com.google.android.apps.gsa.staticplugins.recognizer.j.a.a(SourceFile:28)
04-23 09:02:48.578 31117 31473 W ErrorProcessor: 	at com.google.android.apps.gsa.staticplugins.recognizer.j.b.run(SourceFile:15)
04-23 09:02:48.578 31117 31473 W ErrorProcessor: 	at java.util.concurrent.Executors$RunnableAdapter.call(Executors.java:457)
04-23 09:02:48.578 31117 31473 W ErrorProcessor: 	at java.util.concurrent.FutureTask.run(FutureTask.java:266)
04-23 09:02:48.578 31117 31473 W ErrorProcessor: 	at com.google.android.apps.gsa.shared.util.concurrent.a.ax.run(SourceFile:14)
04-23 09:02:48.578 31117 31473 W ErrorProcessor: 	at com.google.android.apps.gsa.shared.util.concurrent.a.bl.run(SourceFile:4)
04-23 09:02:48.578 31117 31473 W ErrorProcessor: 	at com.google.android.apps.gsa.shared.util.concurrent.a.bl.run(SourceFile:4)
04-23 09:02:48.578 31117 31473 W ErrorProcessor: 	at java.util.concurrent.ThreadPoolExecutor.runWorker(ThreadPoolExecutor.java:1162)
04-23 09:02:48.578 31117 31473 W ErrorProcessor: 	at java.util.concurrent.ThreadPoolExecutor$Worker.run(ThreadPoolExecutor.java:636)
04-23 09:02:48.578 31117 31473 W ErrorProcessor: 	at java.lang.Thread.run(Thread.java:764)
04-23 09:02:48.578 31117 31473 W ErrorProcessor: 	at com.google.android.apps.gsa.shared.util.concurrent.a.ai.run(SourceFile:6)
04-23 09:02:48.578 31117 31473 W ErrorProcessor: Caused by: com.google.android.apps.gsa.shared.exception.GsaIOException: Error code: 393238 | Buffer overflow, no available space.
04-23 09:02:48.578 31117 31473 W ErrorProcessor: 	at com.google.android.apps.gsa.speech.audio.Tee.f(SourceFile:103)
04-23 09:02:48.578 31117 31473 W ErrorProcessor: 	at com.google.android.apps.gsa.speech.audio.au.read(SourceFile:2)
04-23 09:02:48.578 31117 31473 W ErrorProcessor: 	at java.io.InputStream.read(InputStream.java:101)
04-23 09:02:48.578 31117 31473 W ErrorProcessor: 	at com.google.android.apps.gsa.speech.audio.ao.run(SourceFile:18)
04-23 09:02:48.578 31117 31473 W ErrorProcessor: 	at com.google.android.apps.gsa.speech.audio.an.run(SourceFile:2)
04-23 09:02:48.578 31117 31473 W ErrorProcessor: 	... 9 more
04-23 09:02:48.580 31117 31473 I AudioController: internalShutdown
04-23 09:02:48.583 31117 31117 I MicroDetector: Keeping mic open: false
04-23 09:02:48.583 31117 31472 I DeviceStateChecker: DeviceStateChecker cancelled
04-23 09:02:48.583 31117 31117 I MicroDetectionWorker: #onError(false)
04-23 09:02:51.948  1443  1443 I boot-pipe: done populating /dev/random
04-23 09:02:53.590 31117 31117 I MicroDetectionWorker: #updateMicroDetector [detectionMode: [mDetectionMode: [1]]]
04-23 09:02:53.590 31117 31117 I MicroDetectionWorker: #startMicroDetector [speakerMode: 0]
04-23 09:02:53.590 31117 31117 I AudioController: Using mInputStreamFactoryBuilder
04-23 09:02:53.592 31117 31117 I MicroDetectionWorker: onReady
04-23 09:02:53.596 31117 31473 I MicroRecognitionRunner: Starting detection.
04-23 09:02:53.597 31117 31753 I MicrophoneInputStream: mic_starting com.google.android.apps.gsa.staticplugins.aa.c@7ed2550
04-23 09:02:53.597  1523 32343 I AudioFlinger: AudioFlinger's thread 0xad783080 tid=32343 ready to run
04-23 09:02:53.598  1523  9290 W ServiceManager: Permission failure: android.permission.RECORD_AUDIO from uid=10030 pid=-1
04-23 09:02:53.598  1523  9290 E         : Request requires android.permission.RECORD_AUDIO
04-23 09:02:53.598  1523  9290 E AudioFlinger: openRecord() permission denied: recording not allowed
04-23 09:02:53.599 31117 31753 E AudioRecord: AudioFlinger could not create record track, status: -1
04-23 09:02:53.602 31117 31753 E AudioRecord-JNI: Error creating AudioRecord instance: initialization check failed with status -1.
04-23 09:02:53.602 31117 31753 E android.media.AudioRecord: Error code -20 when initializing native AudioRecord object.
04-23 09:02:53.602 31117 31753 I MicrophoneInputStream: mic_started com.google.android.apps.gsa.staticplugins.aa.c@7ed2550
04-23 09:02:53.604 31117 31117 I MicroDetectionWorker: onReady
04-23 09:02:53.610 31117 31753 I MicrophoneInputStream: mic_close com.google.android.apps.gsa.staticplugins.aa.c@7ed2550
04-23 09:02:53.610 31117 31473 I MicroRecognitionRunner: Detection finished
04-23 09:02:53.610 31117 31473 W ErrorReporter: reportError [type: 211, code: 524300]: Error reading from input stream
04-23 09:02:53.610 31117 31165 I MicroRecognitionRunner: Stopping hotword detection.
04-23 09:02:53.610 31117 31473 W ErrorProcessor: onFatalError, processing error from engine(4)
04-23 09:02:53.610 31117 31473 W ErrorProcessor: com.google.android.apps.gsa.shared.speech.b.g: Error reading from input stream
04-23 09:02:53.610 31117 31473 W ErrorProcessor: 	at com.google.android.apps.gsa.staticplugins.recognizer.j.a.a(SourceFile:28)
04-23 09:02:53.610 31117 31473 W ErrorProcessor: 	at com.google.android.apps.gsa.staticplugins.recognizer.j.b.run(SourceFile:15)
04-23 09:02:53.610 31117 31473 W ErrorProcessor: 	at java.util.concurrent.Executors$RunnableAdapter.call(Executors.java:457)
04-23 09:02:53.610 31117 31473 W ErrorProcessor: 	at java.util.concurrent.FutureTask.run(FutureTask.java:266)
04-23 09:02:53.610 31117 31473 W ErrorProcessor: 	at com.google.android.apps.gsa.shared.util.concurrent.a.ax.run(SourceFile:14)
04-23 09:02:53.610 31117 31473 W ErrorProcessor: 	at com.google.android.apps.gsa.shared.util.concurrent.a.bl.run(SourceFile:4)
04-23 09:02:53.610 31117 31473 W ErrorProcessor: 	at com.google.android.apps.gsa.shared.util.concurrent.a.bl.run(SourceFile:4)
04-23 09:02:53.610 31117 31473 W ErrorProcessor: 	at java.util.concurrent.ThreadPoolExecutor.runWorker(ThreadPoolExecutor.java:1162)
04-23 09:02:53.610 31117 31473 W ErrorProcessor: 	at java.util.concurrent.ThreadPoolExecutor$Worker.run(ThreadPoolExecutor.java:636)
04-23 09:02:53.610 31117 31473 W ErrorProcessor: 	at java.lang.Thread.run(Thread.java:764)
04-23 09:02:53.610 31117 31473 W ErrorProcessor: 	at com.google.android.apps.gsa.shared.util.concurrent.a.ai.run(SourceFile:6)
04-23 09:02:53.610 31117 31473 W ErrorProcessor: Caused by: com.google.android.apps.gsa.shared.exception.GsaIOException: Error code: 393238 | Buffer overflow, no available space.
04-23 09:02:53.610 31117 31473 W ErrorProcessor: 	at com.google.android.apps.gsa.speech.audio.Tee.f(SourceFile:103)
04-23 09:02:53.610 31117 31473 W ErrorProcessor: 	at com.google.android.apps.gsa.speech.audio.au.read(SourceFile:2)
04-23 09:02:53.610 31117 31473 W ErrorProcessor: 	at java.io.InputStream.read(InputStream.java:101)
04-23 09:02:53.610 31117 31473 W ErrorProcessor: 	at com.google.android.apps.gsa.speech.audio.ao.run(SourceFile:18)
04-23 09:02:53.610 31117 31473 W ErrorProcessor: 	at com.google.android.apps.gsa.speech.audio.an.run(SourceFile:2)
04-23 09:02:53.610 31117 31473 W ErrorProcessor: 	... 9 more
04-23 09:02:53.610 31117 31473 I AudioController: internalShutdown
04-23 09:02:53.613 31117 31117 I MicroDetector: Keeping mic open: false
04-23 09:02:53.613 31117 31472 I DeviceStateChecker: DeviceStateChecker cancelled
04-23 09:02:53.613 31117 31117 I MicroDetectionWorker: #onError(false)
04-23 09:02:54.874  2335 32344 E memtrack: Couldn't load memtrack module
04-23 09:02:54.874  2335 32344 W android.os.Debug: failed to get memory consumption info: -1
04-23 09:02:58.619 31117 31117 I MicroDetectionWorker: #updateMicroDetector [detectionMode: [mDetectionMode: [1]]]
04-23 09:02:58.619 31117 31117 I MicroDetectionWorker: #startMicroDetector [speakerMode: 0]
04-23 09:02:58.619 31117 31117 I AudioController: Using mInputStreamFactoryBuilder
04-23 09:02:58.621 31117 31117 I MicroDetectionWorker: onReady
04-23 09:02:58.626 31117 31473 I MicroRecognitionRunner: Starting detection.
04-23 09:02:58.627 31117 31753 I MicrophoneInputStream: mic_starting com.google.android.apps.gsa.staticplugins.aa.c@736cf26
04-23 09:02:58.632  1523 32348 I AudioFlinger: AudioFlinger's thread 0xadf837c0 tid=32348 ready to run
04-23 09:02:58.634  1523 10644 W ServiceManager: Permission failure: android.permission.RECORD_AUDIO from uid=10030 pid=-1
04-23 09:02:58.634  1523 10644 E         : Request requires android.permission.RECORD_AUDIO
04-23 09:02:58.634  1523 10644 E AudioFlinger: openRecord() permission denied: recording not allowed
04-23 09:02:58.635 31117 31753 E AudioRecord: AudioFlinger could not create record track, status: -1
04-23 09:02:58.642 31117 31753 E AudioRecord-JNI: Error creating AudioRecord instance: initialization check failed with status -1.
04-23 09:02:58.642 31117 31753 E android.media.AudioRecord: Error code -20 when initializing native AudioRecord object.
04-23 09:02:58.642 31117 31753 I MicrophoneInputStream: mic_started com.google.android.apps.gsa.staticplugins.aa.c@736cf26
04-23 09:02:58.644 31117 31117 I MicroDetectionWorker: onReady
04-23 09:02:58.652 31117 31753 I MicrophoneInputStream: mic_close com.google.android.apps.gsa.staticplugins.aa.c@736cf26
04-23 09:02:58.653 31117 31473 I MicroRecognitionRunner: Detection finished
04-23 09:02:58.653 31117 31473 W ErrorReporter: reportError [type: 211, code: 524300]: Error reading from input stream
04-23 09:02:58.654 31117 31165 I MicroRecognitionRunner: Stopping hotword detection.
04-23 09:02:58.654 31117 31473 W ErrorProcessor: onFatalError, processing error from engine(4)
04-23 09:02:58.654 31117 31473 W ErrorProcessor: com.google.android.apps.gsa.shared.speech.b.g: Error reading from input stream
04-23 09:02:58.654 31117 31473 W ErrorProcessor: 	at com.google.android.apps.gsa.staticplugins.recognizer.j.a.a(SourceFile:28)
04-23 09:02:58.654 31117 31473 W ErrorProcessor: 	at com.google.android.apps.gsa.staticplugins.recognizer.j.b.run(SourceFile:15)
04-23 09:02:58.654 31117 31473 W ErrorProcessor: 	at java.util.concurrent.Executors$RunnableAdapter.call(Executors.java:457)
04-23 09:02:58.654 31117 31473 W ErrorProcessor: 	at java.util.concurrent.FutureTask.run(FutureTask.java:266)
04-23 09:02:58.654 31117 31473 W ErrorProcessor: 	at com.google.android.apps.gsa.shared.util.concurrent.a.ax.run(SourceFile:14)
04-23 09:02:58.654 31117 31473 W ErrorProcessor: 	at com.google.android.apps.gsa.shared.util.concurrent.a.bl.run(SourceFile:4)
04-23 09:02:58.654 31117 31473 W ErrorProcessor: 	at com.google.android.apps.gsa.shared.util.concurrent.a.bl.run(SourceFile:4)
04-23 09:02:58.654 31117 31473 W ErrorProcessor: 	at java.util.concurrent.ThreadPoolExecutor.runWorker(ThreadPoolExecutor.java:1162)
04-23 09:02:58.654 31117 31473 W ErrorProcessor: 	at java.util.concurrent.ThreadPoolExecutor$Worker.run(ThreadPoolExecutor.java:636)
04-23 09:02:58.654 31117 31473 W ErrorProcessor: 	at java.lang.Thread.run(Thread.java:764)
04-23 09:02:58.654 31117 31473 W ErrorProcessor: 	at com.google.android.apps.gsa.shared.util.concurrent.a.ai.run(SourceFile:6)
04-23 09:02:58.654 31117 31473 W ErrorProcessor: Caused by: com.google.android.apps.gsa.shared.exception.GsaIOException: Error code: 393238 | Buffer overflow, no available space.
04-23 09:02:58.654 31117 31473 W ErrorProcessor: 	at com.google.android.apps.gsa.speech.audio.Tee.f(SourceFile:103)
04-23 09:02:58.654 31117 31473 W ErrorProcessor: 	at com.google.android.apps.gsa.speech.audio.au.read(SourceFile:2)
04-23 09:02:58.654 31117 31473 W ErrorProcessor: 	at java.io.InputStream.read(InputStream.java:101)
04-23 09:02:58.654 31117 31473 W ErrorProcessor: 	at com.google.android.apps.gsa.speech.audio.ao.run(SourceFile:18)
04-23 09:02:58.654 31117 31473 W ErrorProcessor: 	at com.google.android.apps.gsa.speech.audio.an.run(SourceFile:2)
04-23 09:02:58.654 31117 31473 W ErrorProcessor: 	... 9 more
04-23 09:02:58.654 31117 31473 I AudioController: internalShutdown
04-23 09:02:58.657 31117 31117 I MicroDetector: Keeping mic open: false
04-23 09:02:58.657 31117 31472 I DeviceStateChecker: DeviceStateChecker cancelled
04-23 09:02:58.657 31117 31117 I MicroDetectionWorker: #onError(false)
04-23 09:03:00.015  1436  1457 D hwcomposer: hw_composer sent 4 syncs in 60s
04-23 09:03:00.592  3729 32349 E memtrack: Couldn't load memtrack module
04-23 09:03:00.592  3729 32349 W android.os.Debug: failed to get memory consumption info: -1
04-23 09:03:03.663 31117 31117 I MicroDetectionWorker: #updateMicroDetector [detectionMode: [mDetectionMode: [1]]]
04-23 09:03:03.663 31117 31117 I MicroDetectionWorker: #startMicroDetector [speakerMode: 0]
04-23 09:03:03.663 31117 31117 I AudioController: Using mInputStreamFactoryBuilder
04-23 09:03:03.665 31117 31117 I MicroDetectionWorker: onReady
04-23 09:03:03.667 31117 31473 I MicroRecognitionRunner: Starting detection.
04-23 09:03:03.669 31117 31753 I MicrophoneInputStream: mic_starting com.google.android.apps.gsa.staticplugins.aa.c@f6746ac
04-23 09:03:03.675  1523 32362 I AudioFlinger: AudioFlinger's thread 0xadf83880 tid=32362 ready to run
04-23 09:03:03.676  1523  1523 W ServiceManager: Permission failure: android.permission.RECORD_AUDIO from uid=10030 pid=-1
04-23 09:03:03.676  1523  1523 E         : Request requires android.permission.RECORD_AUDIO
04-23 09:03:03.676  1523  1523 E AudioFlinger: openRecord() permission denied: recording not allowed
04-23 09:03:03.676 31117 31753 E AudioRecord: AudioFlinger could not create record track, status: -1
04-23 09:03:03.680 31117 31753 E AudioRecord-JNI: Error creating AudioRecord instance: initialization check failed with status -1.
04-23 09:03:03.680 31117 31753 E android.media.AudioRecord: Error code -20 when initializing native AudioRecord object.
04-23 09:03:03.680 31117 31753 I MicrophoneInputStream: mic_started com.google.android.apps.gsa.staticplugins.aa.c@f6746ac
04-23 09:03:03.681 31117 31117 I MicroDetectionWorker: onReady
04-23 09:03:03.689 31117 31753 I MicrophoneInputStream: mic_close com.google.android.apps.gsa.staticplugins.aa.c@f6746ac
04-23 09:03:03.689 31117 31473 I MicroRecognitionRunner: Detection finished
04-23 09:03:03.689 31117 31473 W ErrorReporter: reportError [type: 211, code: 524300]: Error reading from input stream
04-23 09:03:03.691 31117 31165 I MicroRecognitionRunner: Stopping hotword detection.
04-23 09:03:03.694 31117 31473 W ErrorProcessor: onFatalError, processing error from engine(4)
04-23 09:03:03.694 31117 31473 W ErrorProcessor: com.google.android.apps.gsa.shared.speech.b.g: Error reading from input stream
04-23 09:03:03.694 31117 31473 W ErrorProcessor: 	at com.google.android.apps.gsa.staticplugins.recognizer.j.a.a(SourceFile:28)
04-23 09:03:03.694 31117 31473 W ErrorProcessor: 	at com.google.android.apps.gsa.staticplugins.recognizer.j.b.run(SourceFile:15)
04-23 09:03:03.694 31117 31473 W ErrorProcessor: 	at java.util.concurrent.Executors$RunnableAdapter.call(Executors.java:457)
04-23 09:03:03.694 31117 31473 W ErrorProcessor: 	at java.util.concurrent.FutureTask.run(FutureTask.java:266)
04-23 09:03:03.694 31117 31473 W ErrorProcessor: 	at com.google.android.apps.gsa.shared.util.concurrent.a.ax.run(SourceFile:14)
04-23 09:03:03.694 31117 31473 W ErrorProcessor: 	at com.google.android.apps.gsa.shared.util.concurrent.a.bl.run(SourceFile:4)
04-23 09:03:03.694 31117 31473 W ErrorProcessor: 	at com.google.android.apps.gsa.shared.util.concurrent.a.bl.run(SourceFile:4)
04-23 09:03:03.694 31117 31473 W ErrorProcessor: 	at java.util.concurrent.ThreadPoolExecutor.runWorker(ThreadPoolExecutor.java:1162)
04-23 09:03:03.694 31117 31473 W ErrorProcessor: 	at java.util.concurrent.ThreadPoolExecutor$Worker.run(ThreadPoolExecutor.java:636)
04-23 09:03:03.694 31117 31473 W ErrorProcessor: 	at java.lang.Thread.run(Thread.java:764)
04-23 09:03:03.694 31117 31473 W ErrorProcessor: 	at com.google.android.apps.gsa.shared.util.concurrent.a.ai.run(SourceFile:6)
04-23 09:03:03.694 31117 31473 W ErrorProcessor: Caused by: com.google.android.apps.gsa.shared.exception.GsaIOException: Error code: 393238 | Buffer overflow, no available space.
04-23 09:03:03.694 31117 31473 W ErrorProcessor: 	at com.google.android.apps.gsa.speech.audio.Tee.f(SourceFile:103)
04-23 09:03:03.694 31117 31473 W ErrorProcessor: 	at com.google.android.apps.gsa.speech.audio.au.read(SourceFile:2)
04-23 09:03:03.694 31117 31473 W ErrorProcessor: 	at java.io.InputStream.read(InputStream.java:101)
04-23 09:03:03.694 31117 31473 W ErrorProcessor: 	at com.google.android.apps.gsa.speech.audio.ao.run(SourceFile:18)
04-23 09:03:03.694 31117 31473 W ErrorProcessor: 	at com.google.android.apps.gsa.speech.audio.an.run(SourceFile:2)
04-23 09:03:03.694 31117 31473 W ErrorProcessor: 	... 9 more
04-23 09:03:03.694 31117 31473 I AudioController: internalShutdown
04-23 09:03:03.697 31117 31117 I MicroDetector: Keeping mic open: false
04-23 09:03:03.697 31117 31117 I MicroDetectionWorker: #onError(false)
04-23 09:03:03.697 31117 31162 I DeviceStateChecker: DeviceStateChecker cancelled
04-23 09:03:08.703 31117 31117 I MicroDetectionWorker: #updateMicroDetector [detectionMode: [mDetectionMode: [1]]]
04-23 09:03:08.703 31117 31117 I MicroDetectionWorker: #startMicroDetector [speakerMode: 0]
04-23 09:03:08.703 31117 31117 I AudioController: Using mInputStreamFactoryBuilder
04-23 09:03:08.704 31117 31117 I MicroDetectionWorker: onReady
04-23 09:03:08.707 31117 31162 I MicroRecognitionRunner: Starting detection.
04-23 09:03:08.707 31117 31753 I MicrophoneInputStream: mic_starting com.google.android.apps.gsa.staticplugins.aa.c@9e27162
04-23 09:03:08.709  1523 32366 I AudioFlinger: AudioFlinger's thread 0xad783d00 tid=32366 ready to run
04-23 09:03:08.710  1523  9290 W ServiceManager: Permission failure: android.permission.RECORD_AUDIO from uid=10030 pid=-1
04-23 09:03:08.710  1523  9290 E         : Request requires android.permission.RECORD_AUDIO
04-23 09:03:08.710  1523  9290 E AudioFlinger: openRecord() permission denied: recording not allowed
04-23 09:03:08.710 31117 31753 E AudioRecord: AudioFlinger could not create record track, status: -1
04-23 09:03:08.712 31117 31753 E AudioRecord-JNI: Error creating AudioRecord instance: initialization check failed with status -1.
04-23 09:03:08.712 31117 31753 E android.media.AudioRecord: Error code -20 when initializing native AudioRecord object.
04-23 09:03:08.712 31117 31753 I MicrophoneInputStream: mic_started com.google.android.apps.gsa.staticplugins.aa.c@9e27162
04-23 09:03:08.713 31117 31117 I MicroDetectionWorker: onReady
04-23 09:03:08.719 31117 31753 I MicrophoneInputStream: mic_close com.google.android.apps.gsa.staticplugins.aa.c@9e27162
04-23 09:03:08.719 31117 31162 I MicroRecognitionRunner: Detection finished
04-23 09:03:08.719 31117 31162 W ErrorReporter: reportError [type: 211, code: 524300]: Error reading from input stream
04-23 09:03:08.720 31117 31165 I MicroRecognitionRunner: Stopping hotword detection.
04-23 09:03:08.720 31117 31162 W ErrorProcessor: onFatalError, processing error from engine(4)
04-23 09:03:08.720 31117 31162 W ErrorProcessor: com.google.android.apps.gsa.shared.speech.b.g: Error reading from input stream
04-23 09:03:08.720 31117 31162 W ErrorProcessor: 	at com.google.android.apps.gsa.staticplugins.recognizer.j.a.a(SourceFile:28)
04-23 09:03:08.720 31117 31162 W ErrorProcessor: 	at com.google.android.apps.gsa.staticplugins.recognizer.j.b.run(SourceFile:15)
04-23 09:03:08.720 31117 31162 W ErrorProcessor: 	at java.util.concurrent.Executors$RunnableAdapter.call(Executors.java:457)
04-23 09:03:08.720 31117 31162 W ErrorProcessor: 	at java.util.concurrent.FutureTask.run(FutureTask.java:266)
04-23 09:03:08.720 31117 31162 W ErrorProcessor: 	at com.google.android.apps.gsa.shared.util.concurrent.a.ax.run(SourceFile:14)
04-23 09:03:08.720 31117 31162 W ErrorProcessor: 	at com.google.android.apps.gsa.shared.util.concurrent.a.bl.run(SourceFile:4)
04-23 09:03:08.720 31117 31162 W ErrorProcessor: 	at com.google.android.apps.gsa.shared.util.concurrent.a.bl.run(SourceFile:4)
04-23 09:03:08.720 31117 31162 W ErrorProcessor: 	at java.util.concurrent.ThreadPoolExecutor.runWorker(ThreadPoolExecutor.java:1162)
04-23 09:03:08.720 31117 31162 W ErrorProcessor: 	at java.util.concurrent.ThreadPoolExecutor$Worker.run(ThreadPoolExecutor.java:636)
04-23 09:03:08.720 31117 31162 W ErrorProcessor: 	at java.lang.Thread.run(Thread.java:764)
04-23 09:03:08.720 31117 31162 W ErrorProcessor: 	at com.google.android.apps.gsa.shared.util.concurrent.a.ai.run(SourceFile:6)
04-23 09:03:08.720 31117 31162 W ErrorProcessor: Caused by: com.google.android.apps.gsa.shared.exception.GsaIOException: Error code: 393238 | Buffer overflow, no available space.
04-23 09:03:08.720 31117 31162 W ErrorProcessor: 	at com.google.android.apps.gsa.speech.audio.Tee.f(SourceFile:103)
04-23 09:03:08.720 31117 31162 W ErrorProcessor: 	at com.google.android.apps.gsa.speech.audio.au.read(SourceFile:2)
04-23 09:03:08.720 31117 31162 W ErrorProcessor: 	at java.io.InputStream.read(InputStream.java:101)
04-23 09:03:08.720 31117 31162 W ErrorProcessor: 	at com.google.android.apps.gsa.speech.audio.ao.run(SourceFile:18)
04-23 09:03:08.720 31117 31162 W ErrorProcessor: 	at com.google.android.apps.gsa.speech.audio.an.run(SourceFile:2)
04-23 09:03:08.720 31117 31162 W ErrorProcessor: 	... 9 more
04-23 09:03:08.720 31117 31162 I AudioController: internalShutdown
04-23 09:03:08.721 31117 31117 I MicroDetector: Keeping mic open: false
04-23 09:03:08.721 31117 31117 I MicroDetectionWorker: #onError(false)
04-23 09:03:08.723 31117 31473 I DeviceStateChecker: DeviceStateChecker cancelled
04-23 09:03:13.727 31117 31117 I MicroDetectionWorker: #updateMicroDetector [detectionMode: [mDetectionMode: [1]]]
04-23 09:03:13.727 31117 31117 I MicroDetectionWorker: #startMicroDetector [speakerMode: 0]
04-23 09:03:13.728 31117 31117 I AudioController: Using mInputStreamFactoryBuilder
04-23 09:03:13.730 31117 31117 I MicroDetectionWorker: onReady
04-23 09:03:13.731 31117 31472 I MicroRecognitionRunner: Starting detection.
04-23 09:03:13.733 31117 31753 I MicrophoneInputStream: mic_starting com.google.android.apps.gsa.staticplugins.aa.c@56320c8
04-23 09:03:13.736  1523 32379 I AudioFlinger: AudioFlinger's thread 0xadf83700 tid=32379 ready to run
04-23 09:03:13.737  1523  1523 W ServiceManager: Permission failure: android.permission.RECORD_AUDIO from uid=10030 pid=-1
04-23 09:03:13.737  1523  1523 E         : Request requires android.permission.RECORD_AUDIO
04-23 09:03:13.737  1523  1523 E AudioFlinger: openRecord() permission denied: recording not allowed
04-23 09:03:13.737 31117 31753 E AudioRecord: AudioFlinger could not create record track, status: -1
04-23 09:03:13.741 31117 31753 E AudioRecord-JNI: Error creating AudioRecord instance: initialization check failed with status -1.
04-23 09:03:13.741 31117 31753 E android.media.AudioRecord: Error code -20 when initializing native AudioRecord object.
04-23 09:03:13.741 31117 31753 I MicrophoneInputStream: mic_started com.google.android.apps.gsa.staticplugins.aa.c@56320c8
04-23 09:03:13.742 31117 31117 I MicroDetectionWorker: onReady
04-23 09:03:13.744 31117 31753 I MicrophoneInputStream: mic_close com.google.android.apps.gsa.staticplugins.aa.c@56320c8
04-23 09:03:13.744 31117 31472 I MicroRecognitionRunner: Detection finished
04-23 09:03:13.744 31117 31472 W ErrorReporter: reportError [type: 211, code: 524300]: Error reading from input stream
04-23 09:03:13.745 31117 31165 I MicroRecognitionRunner: Stopping hotword detection.
04-23 09:03:13.745 31117 31472 W ErrorProcessor: onFatalError, processing error from engine(4)
04-23 09:03:13.745 31117 31472 W ErrorProcessor: com.google.android.apps.gsa.shared.speech.b.g: Error reading from input stream
04-23 09:03:13.745 31117 31472 W ErrorProcessor: 	at com.google.android.apps.gsa.staticplugins.recognizer.j.a.a(SourceFile:28)
04-23 09:03:13.745 31117 31472 W ErrorProcessor: 	at com.google.android.apps.gsa.staticplugins.recognizer.j.b.run(SourceFile:15)
04-23 09:03:13.745 31117 31472 W ErrorProcessor: 	at java.util.concurrent.Executors$RunnableAdapter.call(Executors.java:457)
04-23 09:03:13.745 31117 31472 W ErrorProcessor: 	at java.util.concurrent.FutureTask.run(FutureTask.java:266)
04-23 09:03:13.745 31117 31472 W ErrorProcessor: 	at com.google.android.apps.gsa.shared.util.concurrent.a.ax.run(SourceFile:14)
04-23 09:03:13.745 31117 31472 W ErrorProcessor: 	at com.google.android.apps.gsa.shared.util.concurrent.a.bl.run(SourceFile:4)
04-23 09:03:13.745 31117 31472 W ErrorProcessor: 	at com.google.android.apps.gsa.shared.util.concurrent.a.bl.run(SourceFile:4)
04-23 09:03:13.745 31117 31472 W ErrorProcessor: 	at java.util.concurrent.ThreadPoolExecutor.runWorker(ThreadPoolExecutor.java:1162)
04-23 09:03:13.745 31117 31472 W ErrorProcessor: 	at java.util.concurrent.ThreadPoolExecutor$Worker.run(ThreadPoolExecutor.java:636)
04-23 09:03:13.745 31117 31472 W ErrorProcessor: 	at java.lang.Thread.run(Thread.java:764)
04-23 09:03:13.745 31117 31472 W ErrorProcessor: 	at com.google.android.apps.gsa.shared.util.concurrent.a.ai.run(SourceFile:6)
04-23 09:03:13.745 31117 31472 W ErrorProcessor: Caused by: com.google.android.apps.gsa.shared.exception.GsaIOException: Error code: 393238 | Buffer overflow, no available space.
04-23 09:03:13.745 31117 31472 W ErrorProcessor: 	at com.google.android.apps.gsa.speech.audio.Tee.f(SourceFile:103)
04-23 09:03:13.745 31117 31472 W ErrorProcessor: 	at com.google.android.apps.gsa.speech.audio.au.read(SourceFile:2)
04-23 09:03:13.745 31117 31472 W ErrorProcessor: 	at java.io.InputStream.read(InputStream.java:101)
04-23 09:03:13.745 31117 31472 W ErrorProcessor: 	at com.google.android.apps.gsa.speech.audio.ao.run(SourceFile:18)
04-23 09:03:13.745 31117 31472 W ErrorProcessor: 	at com.google.android.apps.gsa.speech.audio.an.run(SourceFile:2)
04-23 09:03:13.745 31117 31472 W ErrorProcessor: 	... 9 more
04-23 09:03:13.745 31117 31472 I AudioController: internalShutdown
04-23 09:03:13.746 31117 31117 I MicroDetector: Keeping mic open: false
04-23 09:03:13.746 31117 31117 I MicroDetectionWorker: #onError(false)
04-23 09:03:13.747 31117 31473 I DeviceStateChecker: DeviceStateChecker cancelled
04-23 09:03:18.752 31117 31117 I MicroDetectionWorker: #updateMicroDetector [detectionMode: [mDetectionMode: [1]]]
04-23 09:03:18.752 31117 31117 I MicroDetectionWorker: #startMicroDetector [speakerMode: 0]
04-23 09:03:18.753 31117 31117 I AudioController: Using mInputStreamFactoryBuilder
04-23 09:03:18.755 31117 31117 I MicroDetectionWorker: onReady
04-23 09:03:18.758 31117 31162 I MicroRecognitionRunner: Starting detection.
04-23 09:03:18.759 31117 31753 I MicrophoneInputStream: mic_starting com.google.android.apps.gsa.staticplugins.aa.c@6d0725e
04-23 09:03:18.767  1523 32383 I AudioFlinger: AudioFlinger's thread 0xadf835c0 tid=32383 ready to run
04-23 09:03:18.767  1523  1523 W ServiceManager: Permission failure: android.permission.RECORD_AUDIO from uid=10030 pid=-1
04-23 09:03:18.767  1523  1523 E         : Request requires android.permission.RECORD_AUDIO
04-23 09:03:18.767  1523  1523 E AudioFlinger: openRecord() permission denied: recording not allowed
04-23 09:03:18.767 31117 31753 E AudioRecord: AudioFlinger could not create record track, status: -1
04-23 09:03:18.769 31117 31753 E AudioRecord-JNI: Error creating AudioRecord instance: initialization check failed with status -1.
04-23 09:03:18.769 31117 31753 E android.media.AudioRecord: Error code -20 when initializing native AudioRecord object.
04-23 09:03:18.769 31117 31753 I MicrophoneInputStream: mic_started com.google.android.apps.gsa.staticplugins.aa.c@6d0725e
04-23 09:03:18.771 31117 31117 I MicroDetectionWorker: onReady
04-23 09:03:18.778 31117 31753 I MicrophoneInputStream: mic_close com.google.android.apps.gsa.staticplugins.aa.c@6d0725e
04-23 09:03:18.778 31117 31162 I MicroRecognitionRunner: Detection finished
04-23 09:03:18.778 31117 31162 W ErrorReporter: reportError [type: 211, code: 524300]: Error reading from input stream
04-23 09:03:18.779 31117 31165 I MicroRecognitionRunner: Stopping hotword detection.
04-23 09:03:18.779 31117 31162 W ErrorProcessor: onFatalError, processing error from engine(4)
04-23 09:03:18.779 31117 31162 W ErrorProcessor: com.google.android.apps.gsa.shared.speech.b.g: Error reading from input stream
04-23 09:03:18.779 31117 31162 W ErrorProcessor: 	at com.google.android.apps.gsa.staticplugins.recognizer.j.a.a(SourceFile:28)
04-23 09:03:18.779 31117 31162 W ErrorProcessor: 	at com.google.android.apps.gsa.staticplugins.recognizer.j.b.run(SourceFile:15)
04-23 09:03:18.779 31117 31162 W ErrorProcessor: 	at java.util.concurrent.Executors$RunnableAdapter.call(Executors.java:457)
04-23 09:03:18.779 31117 31162 W ErrorProcessor: 	at java.util.concurrent.FutureTask.run(FutureTask.java:266)
04-23 09:03:18.779 31117 31162 W ErrorProcessor: 	at com.google.android.apps.gsa.shared.util.concurrent.a.ax.run(SourceFile:14)
04-23 09:03:18.779 31117 31162 W ErrorProcessor: 	at com.google.android.apps.gsa.shared.util.concurrent.a.bl.run(SourceFile:4)
04-23 09:03:18.779 31117 31162 W ErrorProcessor: 	at com.google.android.apps.gsa.shared.util.concurrent.a.bl.run(SourceFile:4)
04-23 09:03:18.779 31117 31162 W ErrorProcessor: 	at java.util.concurrent.ThreadPoolExecutor.runWorker(ThreadPoolExecutor.java:1162)
04-23 09:03:18.779 31117 31162 W ErrorProcessor: 	at java.util.concurrent.ThreadPoolExecutor$Worker.run(ThreadPoolExecutor.java:636)
04-23 09:03:18.779 31117 31162 W ErrorProcessor: 	at java.lang.Thread.run(Thread.java:764)
04-23 09:03:18.779 31117 31162 W ErrorProcessor: 	at com.google.android.apps.gsa.shared.util.concurrent.a.ai.run(SourceFile:6)
04-23 09:03:18.779 31117 31162 W ErrorProcessor: Caused by: com.google.android.apps.gsa.shared.exception.GsaIOException: Error code: 393238 | Buffer overflow, no available space.
04-23 09:03:18.779 31117 31162 W ErrorProcessor: 	at com.google.android.apps.gsa.speech.audio.Tee.f(SourceFile:103)
04-23 09:03:18.779 31117 31162 W ErrorProcessor: 	at com.google.android.apps.gsa.speech.audio.au.read(SourceFile:2)
04-23 09:03:18.779 31117 31162 W ErrorProcessor: 	at java.io.InputStream.read(InputStream.java:101)
04-23 09:03:18.779 31117 31162 W ErrorProcessor: 	at com.google.android.apps.gsa.speech.audio.ao.run(SourceFile:18)
04-23 09:03:18.779 31117 31162 W ErrorProcessor: 	at com.google.android.apps.gsa.speech.audio.an.run(SourceFile:2)
04-23 09:03:18.779 31117 31162 W ErrorProcessor: 	... 9 more
04-23 09:03:18.780 31117 31162 I AudioController: internalShutdown
04-23 09:03:18.783 31117 31117 I MicroDetector: Keeping mic open: false
04-23 09:03:18.783 31117 31473 I DeviceStateChecker: DeviceStateChecker cancelled
04-23 09:03:18.783 31117 31117 I MicroDetectionWorker: #onError(false)
04-23 09:03:23.790 31117 31117 I MicroDetectionWorker: #updateMicroDetector [detectionMode: [mDetectionMode: [1]]]
04-23 09:03:23.790 31117 31117 I MicroDetectionWorker: #startMicroDetector [speakerMode: 0]
04-23 09:03:23.791 31117 31117 I AudioController: Using mInputStreamFactoryBuilder
04-23 09:03:23.793 31117 31117 I MicroDetectionWorker: onReady
04-23 09:03:23.796 31117 31473 I MicroRecognitionRunner: Starting detection.
04-23 09:03:23.796 31117 31753 I MicrophoneInputStream: mic_starting com.google.android.apps.gsa.staticplugins.aa.c@4ae2fa4
04-23 09:03:23.798  1523 32396 I AudioFlinger: AudioFlinger's thread 0xadf83f80 tid=32396 ready to run
04-23 09:03:23.799  1523  1523 W ServiceManager: Permission failure: android.permission.RECORD_AUDIO from uid=10030 pid=-1
04-23 09:03:23.799  1523  1523 E         : Request requires android.permission.RECORD_AUDIO
04-23 09:03:23.799  1523  1523 E AudioFlinger: openRecord() permission denied: recording not allowed
04-23 09:03:23.800 31117 31753 E AudioRecord: AudioFlinger could not create record track, status: -1
04-23 09:03:23.803 31117 31753 E AudioRecord-JNI: Error creating AudioRecord instance: initialization check failed with status -1.
04-23 09:03:23.803 31117 31753 E android.media.AudioRecord: Error code -20 when initializing native AudioRecord object.
04-23 09:03:23.803 31117 31753 I MicrophoneInputStream: mic_started com.google.android.apps.gsa.staticplugins.aa.c@4ae2fa4
04-23 09:03:23.804 31117 31117 I MicroDetectionWorker: onReady
04-23 09:03:23.809 31117 31753 I MicrophoneInputStream: mic_close com.google.android.apps.gsa.staticplugins.aa.c@4ae2fa4
04-23 09:03:23.809 31117 31473 I MicroRecognitionRunner: Detection finished
04-23 09:03:23.809 31117 31473 W ErrorReporter: reportError [type: 211, code: 524300]: Error reading from input stream
04-23 09:03:23.812 31117 31165 I MicroRecognitionRunner: Stopping hotword detection.
04-23 09:03:23.812 31117 31473 W ErrorProcessor: onFatalError, processing error from engine(4)
04-23 09:03:23.812 31117 31473 W ErrorProcessor: com.google.android.apps.gsa.shared.speech.b.g: Error reading from input stream
04-23 09:03:23.812 31117 31473 W ErrorProcessor: 	at com.google.android.apps.gsa.staticplugins.recognizer.j.a.a(SourceFile:28)
04-23 09:03:23.812 31117 31473 W ErrorProcessor: 	at com.google.android.apps.gsa.staticplugins.recognizer.j.b.run(SourceFile:15)
04-23 09:03:23.812 31117 31473 W ErrorProcessor: 	at java.util.concurrent.Executors$RunnableAdapter.call(Executors.java:457)
04-23 09:03:23.812 31117 31473 W ErrorProcessor: 	at java.util.concurrent.FutureTask.run(FutureTask.java:266)
04-23 09:03:23.812 31117 31473 W ErrorProcessor: 	at com.google.android.apps.gsa.shared.util.concurrent.a.ax.run(SourceFile:14)
04-23 09:03:23.812 31117 31473 W ErrorProcessor: 	at com.google.android.apps.gsa.shared.util.concurrent.a.bl.run(SourceFile:4)
04-23 09:03:23.812 31117 31473 W ErrorProcessor: 	at com.google.android.apps.gsa.shared.util.concurrent.a.bl.run(SourceFile:4)
04-23 09:03:23.812 31117 31473 W ErrorProcessor: 	at java.util.concurrent.ThreadPoolExecutor.runWorker(ThreadPoolExecutor.java:1162)
04-23 09:03:23.812 31117 31473 W ErrorProcessor: 	at java.util.concurrent.ThreadPoolExecutor$Worker.run(ThreadPoolExecutor.java:636)
04-23 09:03:23.812 31117 31473 W ErrorProcessor: 	at java.lang.Thread.run(Thread.java:764)
04-23 09:03:23.812 31117 31473 W ErrorProcessor: 	at com.google.android.apps.gsa.shared.util.concurrent.a.ai.run(SourceFile:6)
04-23 09:03:23.812 31117 31473 W ErrorProcessor: Caused by: com.google.android.apps.gsa.shared.exception.GsaIOException: Error code: 393238 | Buffer overflow, no available space.
04-23 09:03:23.812 31117 31473 W ErrorProcessor: 	at com.google.android.apps.gsa.speech.audio.Tee.f(SourceFile:103)
04-23 09:03:23.812 31117 31473 W ErrorProcessor: 	at com.google.android.apps.gsa.speech.audio.au.read(SourceFile:2)
04-23 09:03:23.812 31117 31473 W ErrorProcessor: 	at java.io.InputStream.read(InputStream.java:101)
04-23 09:03:23.812 31117 31473 W ErrorProcessor: 	at com.google.android.apps.gsa.speech.audio.ao.run(SourceFile:18)
04-23 09:03:23.812 31117 31473 W ErrorProcessor: 	at com.google.android.apps.gsa.speech.audio.an.run(SourceFile:2)
04-23 09:03:23.812 31117 31473 W ErrorProcessor: 	... 9 more
04-23 09:03:23.812 31117 31473 I AudioController: internalShutdown
04-23 09:03:23.815 31117 31117 I MicroDetector: Keeping mic open: false
04-23 09:03:23.815 31117 31162 I DeviceStateChecker: DeviceStateChecker cancelled
04-23 09:03:23.815 31117 31117 I MicroDetectionWorker: #onError(false)
04-23 09:03:28.821 31117 31117 I MicroDetectionWorker: #updateMicroDetector [detectionMode: [mDetectionMode: [1]]]
04-23 09:03:28.821 31117 31117 I MicroDetectionWorker: #startMicroDetector [speakerMode: 0]
04-23 09:03:28.821 31117 31117 I AudioController: Using mInputStreamFactoryBuilder
04-23 09:03:28.824 31117 31117 I MicroDetectionWorker: onReady
04-23 09:03:28.826 31117 31473 I MicroRecognitionRunner: Starting detection.
04-23 09:03:28.826 31117 31753 I MicrophoneInputStream: mic_starting com.google.android.apps.gsa.staticplugins.aa.c@9802e1a
04-23 09:03:28.828  1523 32400 I AudioFlinger: AudioFlinger's thread 0xad783840 tid=32400 ready to run
04-23 09:03:28.829  1523  9290 W ServiceManager: Permission failure: android.permission.RECORD_AUDIO from uid=10030 pid=-1
04-23 09:03:28.829  1523  9290 E         : Request requires android.permission.RECORD_AUDIO
04-23 09:03:28.829  1523  9290 E AudioFlinger: openRecord() permission denied: recording not allowed
04-23 09:03:28.830 31117 31753 E AudioRecord: AudioFlinger could not create record track, status: -1
04-23 09:03:28.834 31117 31753 E AudioRecord-JNI: Error creating AudioRecord instance: initialization check failed with status -1.
04-23 09:03:28.834 31117 31753 E android.media.AudioRecord: Error code -20 when initializing native AudioRecord object.
04-23 09:03:28.834 31117 31753 I MicrophoneInputStream: mic_started com.google.android.apps.gsa.staticplugins.aa.c@9802e1a
04-23 09:03:28.835 31117 31117 I MicroDetectionWorker: onReady
04-23 09:03:28.839 31117 31753 I MicrophoneInputStream: mic_close com.google.android.apps.gsa.staticplugins.aa.c@9802e1a
04-23 09:03:28.842 31117 31473 I MicroRecognitionRunner: Detection finished
04-23 09:03:28.843 31117 31473 W ErrorReporter: reportError [type: 211, code: 524300]: Error reading from input stream
04-23 09:03:28.843 31117 31473 W ErrorProcessor: onFatalError, processing error from engine(4)
04-23 09:03:28.843 31117 31473 W ErrorProcessor: com.google.android.apps.gsa.shared.speech.b.g: Error reading from input stream
04-23 09:03:28.843 31117 31473 W ErrorProcessor: 	at com.google.android.apps.gsa.staticplugins.recognizer.j.a.a(SourceFile:28)
04-23 09:03:28.843 31117 31473 W ErrorProcessor: 	at com.google.android.apps.gsa.staticplugins.recognizer.j.b.run(SourceFile:15)
04-23 09:03:28.843 31117 31473 W ErrorProcessor: 	at java.util.concurrent.Executors$RunnableAdapter.call(Executors.java:457)
04-23 09:03:28.843 31117 31473 W ErrorProcessor: 	at java.util.concurrent.FutureTask.run(FutureTask.java:266)
04-23 09:03:28.843 31117 31473 W ErrorProcessor: 	at com.google.android.apps.gsa.shared.util.concurrent.a.ax.run(SourceFile:14)
04-23 09:03:28.843 31117 31473 W ErrorProcessor: 	at com.google.android.apps.gsa.shared.util.concurrent.a.bl.run(SourceFile:4)
04-23 09:03:28.843 31117 31473 W ErrorProcessor: 	at com.google.android.apps.gsa.shared.util.concurrent.a.bl.run(SourceFile:4)
04-23 09:03:28.843 31117 31473 W ErrorProcessor: 	at java.util.concurrent.ThreadPoolExecutor.runWorker(ThreadPoolExecutor.java:1162)
04-23 09:03:28.843 31117 31473 W ErrorProcessor: 	at java.util.concurrent.ThreadPoolExecutor$Worker.run(ThreadPoolExecutor.java:636)
04-23 09:03:28.843 31117 31473 W ErrorProcessor: 	at java.lang.Thread.run(Thread.java:764)
04-23 09:03:28.843 31117 31473 W ErrorProcessor: 	at com.google.android.apps.gsa.shared.util.concurrent.a.ai.run(SourceFile:6)
04-23 09:03:28.843 31117 31473 W ErrorProcessor: Caused by: com.google.android.apps.gsa.shared.exception.GsaIOException: Error code: 393238 | Buffer overflow, no available space.
04-23 09:03:28.843 31117 31473 W ErrorProcessor: 	at com.google.android.apps.gsa.speech.audio.Tee.f(SourceFile:103)
04-23 09:03:28.843 31117 31473 W ErrorProcessor: 	at com.google.android.apps.gsa.speech.audio.au.read(SourceFile:2)
04-23 09:03:28.843 31117 31473 W ErrorProcessor: 	at java.io.InputStream.read(InputStream.java:101)
04-23 09:03:28.843 31117 31473 W ErrorProcessor: 	at com.google.android.apps.gsa.speech.audio.ao.run(SourceFile:18)
04-23 09:03:28.843 31117 31473 W ErrorProcessor: 	at com.google.android.apps.gsa.speech.audio.an.run(SourceFile:2)
04-23 09:03:28.843 31117 31473 W ErrorProcessor: 	... 9 more
04-23 09:03:28.843 31117 31473 I AudioController: internalShutdown
04-23 09:03:28.843 31117 31165 I MicroRecognitionRunner: Stopping hotword detection.
04-23 09:03:28.846 31117 31117 I MicroDetector: Keeping mic open: false
04-23 09:03:28.846 31117 31117 I MicroDetectionWorker: #onError(false)
04-23 09:03:28.846 31117 31162 I DeviceStateChecker: DeviceStateChecker cancelled
04-23 09:03:33.852 31117 31117 I MicroDetectionWorker: #updateMicroDetector [detectionMode: [mDetectionMode: [1]]]
04-23 09:03:33.852 31117 31117 I MicroDetectionWorker: #startMicroDetector [speakerMode: 0]
04-23 09:03:33.853 31117 31117 I AudioController: Using mInputStreamFactoryBuilder
04-23 09:03:33.854 31117 31117 I MicroDetectionWorker: onReady
04-23 09:03:33.856 31117 31472 I MicroRecognitionRunner: Starting detection.
04-23 09:03:33.859 31117 31753 I MicrophoneInputStream: mic_starting com.google.android.apps.gsa.staticplugins.aa.c@838af40
04-23 09:03:33.863  1523  9290 W ServiceManager: Permission failure: android.permission.RECORD_AUDIO from uid=10030 pid=-1
04-23 09:03:33.863  1523  9290 E         : Request requires android.permission.RECORD_AUDIO
04-23 09:03:33.863  1523  9290 E AudioFlinger: openRecord() permission denied: recording not allowed
04-23 09:03:33.863 31117 31753 E AudioRecord: AudioFlinger could not create record track, status: -1
04-23 09:03:33.865  1523 32413 I AudioFlinger: AudioFlinger's thread 0xad783380 tid=32413 ready to run
04-23 09:03:33.867 31117 31753 E AudioRecord-JNI: Error creating AudioRecord instance: initialization check failed with status -1.
04-23 09:03:33.867 31117 31753 E android.media.AudioRecord: Error code -20 when initializing native AudioRecord object.
04-23 09:03:33.867 31117 31753 I MicrophoneInputStream: mic_started com.google.android.apps.gsa.staticplugins.aa.c@838af40
04-23 09:03:33.870 31117 31117 I MicroDetectionWorker: onReady
04-23 09:03:33.876 31117 31753 I MicrophoneInputStream: mic_close com.google.android.apps.gsa.staticplugins.aa.c@838af40
04-23 09:03:33.879 31117 31472 I MicroRecognitionRunner: Detection finished
04-23 09:03:33.879 31117 31472 W ErrorReporter: reportError [type: 211, code: 524300]: Error reading from input stream
04-23 09:03:33.879 31117 31165 I MicroRecognitionRunner: Stopping hotword detection.
04-23 09:03:33.879 31117 31472 W ErrorProcessor: onFatalError, processing error from engine(4)
04-23 09:03:33.879 31117 31472 W ErrorProcessor: com.google.android.apps.gsa.shared.speech.b.g: Error reading from input stream
04-23 09:03:33.879 31117 31472 W ErrorProcessor: 	at com.google.android.apps.gsa.staticplugins.recognizer.j.a.a(SourceFile:28)
04-23 09:03:33.879 31117 31472 W ErrorProcessor: 	at com.google.android.apps.gsa.staticplugins.recognizer.j.b.run(SourceFile:15)
04-23 09:03:33.879 31117 31472 W ErrorProcessor: 	at java.util.concurrent.Executors$RunnableAdapter.call(Executors.java:457)
04-23 09:03:33.879 31117 31472 W ErrorProcessor: 	at java.util.concurrent.FutureTask.run(FutureTask.java:266)
04-23 09:03:33.879 31117 31472 W ErrorProcessor: 	at com.google.android.apps.gsa.shared.util.concurrent.a.ax.run(SourceFile:14)
04-23 09:03:33.879 31117 31472 W ErrorProcessor: 	at com.google.android.apps.gsa.shared.util.concurrent.a.bl.run(SourceFile:4)
